ARM Linker, 5.03 [Build 76] [MDK-ARM Professional]

==============================================================================

Section Cross References

    system_stm32f4xx.o(i.SystemCoreClockUpdate) refers to system_stm32f4xx.o(.data) for .data
    system_stm32f4xx.o(i.SystemInit) refers to system_stm32f4xx.o(i.SetSysClock) for SetSysClock
    startup_stm32f4xx.o(RESET) refers to startup_stm32f4xx.o(STACK) for __initial_sp
    startup_stm32f4xx.o(RESET) refers to startup_stm32f4xx.o(.text) for Reset_Handler
    startup_stm32f4xx.o(RESET) refers to stm32f4xx_it.o(i.NMI_Handler) for NMI_Handler
    startup_stm32f4xx.o(RESET) refers to stm32f4xx_it.o(i.HardFault_Handler) for HardFault_Handler
    startup_stm32f4xx.o(RESET) refers to stm32f4xx_it.o(i.MemManage_Handler) for MemManage_Handler
    startup_stm32f4xx.o(RESET) refers to stm32f4xx_it.o(i.BusFault_Handler) for BusFault_Handler
    startup_stm32f4xx.o(RESET) refers to stm32f4xx_it.o(i.UsageFault_Handler) for UsageFault_Handler
    startup_stm32f4xx.o(RESET) refers to port.o(.emb_text) for SVC_Handler
    startup_stm32f4xx.o(RESET) refers to stm32f4xx_it.o(i.DebugMon_Handler) for DebugMon_Handler
    startup_stm32f4xx.o(RESET) refers to stm32f4xx_it.o(i.SysTick_Handler) for SysTick_Handler
    startup_stm32f4xx.o(RESET) refers to stm32f4xx_it.o(i.EXTI0_IRQHandler) for EXTI0_IRQHandler
    startup_stm32f4xx.o(RESET) refers to stm32f4xx_it.o(i.EXTI15_10_IRQHandler) for EXTI15_10_IRQHandler
    startup_stm32f4xx.o(RESET) refers to stm32f4xx_it.o(i.SPI3_IRQHandler) for SPI3_IRQHandler
    startup_stm32f4xx.o(RESET) refers to stm32f4xx_it.o(i.ETH_IRQHandler) for ETH_IRQHandler
    startup_stm32f4xx.o(.text) refers to system_stm32f4xx.o(i.SystemInit) for SystemInit
    startup_stm32f4xx.o(.text) refers to entry.o(.ARM.Collect$$$$00000000) for __main
    main.o(i.Delay) refers to tasks.o(i.vTaskDelay) for vTaskDelay
    main.o(i.LCD_LED_Init) refers to stm324x7i_eval.o(i.STM_EVAL_LEDInit) for STM_EVAL_LEDInit
    main.o(i.LCD_LED_Init) refers to stm324x7i_eval.o(i.STM_EVAL_PBInit) for STM_EVAL_PBInit
    main.o(i.Main_task) refers to printf8.o(i.__0printf$8) for __2printf
    main.o(i.Main_task) refers to main.o(i.LCD_LED_Init) for LCD_LED_Init
    main.o(i.Main_task) refers to stm32f4x7_eth_bsp.o(i.ETH_BSP_Config) for ETH_BSP_Config
    main.o(i.Main_task) refers to netconf.o(i.LwIP_Init) for LwIP_Init
    main.o(i.Main_task) refers to stm324x7i_eval.o(i.InitIEC_RTC) for InitIEC_RTC
    main.o(i.Main_task) refers to stm324x7i_eval.o(i.Init_SPI) for Init_SPI
    main.o(i.Main_task) refers to iecsock_server.o(i.iecsock_server_init) for iecsock_server_init
    main.o(i.Main_task) refers to iec104_server.o(i.init_IEC104_server) for init_IEC104_server
    main.o(i.Main_task) refers to uvtkdrv.o(i.UVTK_init_task) for UVTK_init_task
    main.o(i.Main_task) refers to iec104_drv.o(i.IEC104_init_task) for IEC104_init_task
    main.o(i.Main_task) refers to tasks.o(i.xTaskGenericCreate) for xTaskGenericCreate
    main.o(i.Main_task) refers to queue.o(i.xQueueGenericCreate) for xQueueGenericCreate
    main.o(i.Main_task) refers to queue.o(i.xQueueGenericSend) for xQueueGenericSend
    main.o(i.Main_task) refers to queue.o(i.xQueueGenericReceive) for xQueueGenericReceive
    main.o(i.Main_task) refers to tasks.o(i.vTaskDelete) for vTaskDelete
    main.o(i.Main_task) refers to main.o(i.ToggleLed4) for ToggleLed4
    main.o(i.Main_task) refers to main.o(.data) for .data
    main.o(i.Main_task) refers to main.o(i.vButtonKeyHandler) for vButtonKeyHandler
    main.o(i.ToggleLed4) refers to stm324x7i_eval.o(i.STM_EVAL_LEDToggle) for STM_EVAL_LEDToggle
    main.o(i.ToggleLed4) refers to tasks.o(i.vTaskDelay) for vTaskDelay
    main.o(i.main) refers to misc.o(i.NVIC_PriorityGroupConfig) for NVIC_PriorityGroupConfig
    main.o(i.main) refers to tasks.o(i.xTaskGenericCreate) for xTaskGenericCreate
    main.o(i.main) refers to tasks.o(i.vTaskStartScheduler) for vTaskStartScheduler
    main.o(i.main) refers to main.o(i.Main_task) for Main_task
    main.o(i.vButtonKeyHandler) refers to queue.o(i.xQueueGenericReceive) for xQueueGenericReceive
    main.o(i.vButtonKeyHandler) refers to stm324x7i_eval.o(i.STM_EVAL_PBGetState) for STM_EVAL_PBGetState
    main.o(i.vButtonKeyHandler) refers to libiecasdu.o(i.prepare_data_iframe) for prepare_data_iframe
    main.o(i.vButtonKeyHandler) refers to fifo_buffer.o(i.fifoPushElem) for fifoPushElem
    main.o(i.vButtonKeyHandler) refers to main.o(.data) for .data
    main.o(i.vButtonKeyHandler) refers to libiecasdu.o(.bss) for SP_mas
    main.o(i.vButtonKeyHandler) refers to libiecasdu.o(.data) for iec_fifo_buf
    netconf.o(i.LwIP_Init) refers to tcpip.o(i.tcpip_init) for tcpip_init
    netconf.o(i.LwIP_Init) refers to netif.o(i.netif_add) for netif_add
    netconf.o(i.LwIP_Init) refers to netif.o(i.netif_set_default) for netif_set_default
    netconf.o(i.LwIP_Init) refers to netif.o(i.netif_set_down) for netif_set_down
[...]
    EXTI9_5_IRQHandler                       0x0800023b   Thumb Code     0  startup_stm32f4xx.o(.text)
    FLASH_IRQHandler                         0x0800023b   Thumb Code     0  startup_stm32f4xx.o(.text)
    FPU_IRQHandler                           0x0800023b   Thumb Code     0  startup_stm32f4xx.o(.text)
    FSMC_IRQHandler                          0x0800023b   Thumb Code     0  startup_stm32f4xx.o(.text)
    HASH_RNG_IRQHandler                      0x0800023b   Thumb Code     0  startup_stm32f4xx.o(.text)
    I2C1_ER_IRQHandler                       0x0800023b   Thumb Code     0  startup_stm32f4xx.o(.text)
    I2C1_EV_IRQHandler                       0x0800023b   Thumb Code     0  startup_stm32f4xx.o(.text)
    I2C2_ER_IRQHandler                       0x0800023b   Thumb Code     0  startup_stm32f4xx.o(.text)
    I2C2_EV_IRQHandler                       0x0800023b   Thumb Code     0  startup_stm32f4xx.o(.text)
    I2C3_ER_IRQHandler                       0x0800023b   Thumb Code     0  startup_stm32f4xx.o(.text)
    I2C3_EV_IRQHandler                       0x0800023b   Thumb Code     0  startup_stm32f4xx.o(.text)
    OTG_FS_IRQHandler                        0x0800023b   Thumb Code     0  startup_stm32f4xx.o(.text)
    OTG_FS_WKUP_IRQHandler                   0x0800023b   Thumb Code     0  startup_stm32f4xx.o(.text)
    OTG_HS_EP1_IN_IRQHandler                 0x0800023b   Thumb Code     0  startup_stm32f4xx.o(.text)
    OTG_HS_EP1_OUT_IRQHandler                0x0800023b   Thumb Code     0  startup_stm32f4xx.o(.text)
    OTG_HS_IRQHandler                        0x0800023b   Thumb Code     0  startup_stm32f4xx.o(.text)
    OTG_HS_WKUP_IRQHandler                   0x0800023b   Thumb Code     0  startup_stm32f4xx.o(.text)
    PVD_IRQHandler                           0x0800023b   Thumb Code     0  startup_stm32f4xx.o(.text)
    RCC_IRQHandler                           0x0800023b   Thumb Code     0  startup_stm32f4xx.o(.text)
    RTC_Alarm_IRQHandler                     0x0800023b   Thumb Code     0  startup_stm32f4xx.o(.text)
    RTC_WKUP_IRQHandler                      0x0800023b   Thumb Code     0  startup_stm32f4xx.o(.text)
    SDIO_IRQHandler                          0x0800023b   Thumb Code     0  startup_stm32f4xx.o(.text)
    SPI1_IRQHandler                          0x0800023b   Thumb Code     0  startup_stm32f4xx.o(.text)
    SPI2_IRQHandler                          0x0800023b   Thumb Code     0  startup_stm32f4xx.o(.text)
    TAMP_STAMP_IRQHandler                    0x0800023b   Thumb Code     0  startup_stm32f4xx.o(.text)
    TIM1_BRK_TIM9_IRQHandler                 0x0800023b   Thumb Code     0  startup_stm32f4xx.o(.text)
    TIM1_CC_IRQHandler                       0x0800023b   Thumb Code     0  startup_stm32f4xx.o(.text)
    TIM1_TRG_COM_TIM11_IRQHandler            0x0800023b   Thumb Code     0  startup_stm32f4xx.o(.text)
    TIM1_UP_TIM10_IRQHandler                 0x0800023b   Thumb Code     0  startup_stm32f4xx.o(.text)
    TIM2_IRQHandler                          0x0800023b   Thumb Code     0  startup_stm32f4xx.o(.text)
    TIM3_IRQHandler                          0x0800023b   Thumb Code     0  startup_stm32f4xx.o(.text)
    TIM4_IRQHandler                          0x0800023b   Thumb Code     0  startup_stm32f4xx.o(.text)
    TIM5_IRQHandler                          0x0800023b   Thumb Code     0  startup_stm32f4xx.o(.text)
    TIM6_DAC_IRQHandler                      0x0800023b   Thumb Code     0  startup_stm32f4xx.o(.text)
    TIM7_IRQHandler                          0x0800023b   Thumb Code     0  startup_stm32f4xx.o(.text)
    TIM8_BRK_TIM12_IRQHandler                0x0800023b   Thumb Code     0  startup_stm32f4xx.o(.text)
    TIM8_CC_IRQHandler                       0x0800023b   Thumb Code     0  startup_stm32f4xx.o(.text)
    TIM8_TRG_COM_TIM14_IRQHandler            0x0800023b   Thumb Code     0  startup_stm32f4xx.o(.text)
    TIM8_UP_TIM13_IRQHandler                 0x0800023b   Thumb Code     0  startup_stm32f4xx.o(.text)
    UART4_IRQHandler                         0x0800023b   Thumb Code     0  startup_stm32f4xx.o(.text)
    UART5_IRQHandler                         0x0800023b   Thumb Code     0  startup_stm32f4xx.o(.text)
    USART1_IRQHandler                        0x0800023b   Thumb Code     0  startup_stm32f4xx.o(.text)
    USART2_IRQHandler                        0x0800023b   Thumb Code     0  startup_stm32f4xx.o(.text)
    USART3_IRQHandler                        0x0800023b   Thumb Code     0  startup_stm32f4xx.o(.text)
    USART6_IRQHandler                        0x0800023b   Thumb Code     0  startup_stm32f4xx.o(.text)
    WWDG_IRQHandler                          0x0800023b   Thumb Code     0  startup_stm32f4xx.o(.text)
    __aeabi_memcpy                           0x08000245   Thumb Code    36  memcpya.o(.text)
    __aeabi_memcpy4                          0x08000245   Thumb Code     0  memcpya.o(.text)
    __aeabi_memcpy8                          0x08000245   Thumb Code     0  memcpya.o(.text)
    __aeabi_memset                           0x08000269   Thumb Code    14  memseta.o(.text)
    __aeabi_memset4                          0x08000269   Thumb Code     0  memseta.o(.text)
    __aeabi_memset8                          0x08000269   Thumb Code     0  memseta.o(.text)
    __aeabi_memclr                           0x08000277   Thumb Code     4  memseta.o(.text)
    __aeabi_memclr4                          0x08000277   Thumb Code     0  memseta.o(.text)
    __aeabi_memclr8                          0x08000277   Thumb Code     0  memseta.o(.text)
    _memset$wrapper                          0x0800027b   Thumb Code    18  memseta.o(.text)
    strncpy                                  0x0800028d   Thumb Code    24  strncpy.o(.text)
    memcmp                                   0x080002a5   Thumb Code    26  memcmp.o(.text)
    __aeabi_uldivmod                         0x080002bf   Thumb Code    98  uldiv.o(.text)
    __scatterload                            0x08000321   Thumb Code    28  init.o(.text)
    __scatterload_rt2                        0x08000321   Thumb Code     0  init.o(.text)
    __aeabi_llsl                             0x08000345   Thumb Code    30  llshl.o(.text)
    _ll_shift_l                              0x08000345   Thumb Code     0  llshl.o(.text)
    __aeabi_llsr                             0x08000363   Thumb Code    32  llushr.o(.text)
    _ll_ushift_r                             0x08000363   Thumb Code     0  llushr.o(.text)
    __decompress                             0x08000383   Thumb Code     0  __dczerorl2.o(.text)
    __decompress1                            0x08000383   Thumb Code    92  __dczerorl2.o(.text)
    BusFault_Handler                         0x080003df   Thumb Code     2  stm32f4xx_it.o(i.BusFault_Handler)
    DebugMon_Handler                         0x080003e1   Thumb Code     2  stm32f4xx_it.o(i.DebugMon_Handler)
    Delay                                    0x080003e3   Thumb Code     4  main.o(i.Delay)
    ETH_BSP_Config                           0x080003e9   Thumb Code   100  stm32f4x7_eth_bsp.o(i.ETH_BSP_Config)
    ETH_DMAClearITPendingBit                 0x0800045d   Thumb Code     6  stm32f4x7_eth.o(i.ETH_DMAClearITPendingBit)
    ETH_DMAITConfig                          0x08000469   Thumb Code    22  stm32f4x7_eth.o(i.ETH_DMAITConfig)
    ETH_DMAReceptionCmd                      0x08000485   Thumb Code    26  stm32f4x7_eth.o(i.ETH_DMAReceptionCmd)
    ETH_DMARxDescChainInit                   0x080004a5   Thumb Code    80  stm32f4x7_eth.o(i.ETH_DMARxDescChainInit)
    ETH_DMARxDescReceiveITConfig             0x08000501   Thumb Code    22  stm32f4x7_eth.o(i.ETH_DMARxDescReceiveITConfig)
    ETH_DMATransmissionCmd                   0x08000519   Thumb Code    26  stm32f4x7_eth.o(i.ETH_DMATransmissionCmd)
    ETH_DMATxDescChainInit                   0x08000539   Thumb Code    62  stm32f4x7_eth.o(i.ETH_DMATxDescChainInit)
    ETH_DMATxDescChecksumInsertionConfig     0x08000581   Thumb Code     8  stm32f4x7_eth.o(i.ETH_DMATxDescChecksumInsertionConfig)
    ETH_DeInit                               0x08000589   Thumb Code    24  stm32f4x7_eth.o(i.ETH_DeInit)
    ETH_FlushTransmitFIFO                    0x080005a1   Thumb Code    28  stm32f4x7_eth.o(i.ETH_FlushTransmitFIFO)
    ETH_GetDMAFlagStatus                     0x08000685   Thumb Code    16  stm32f4x7_eth.o(i.ETH_GetDMAFlagStatus)
    ETH_GetSoftwareResetStatus               0x08000699   Thumb Code    14  stm32f4x7_eth.o(i.ETH_GetSoftwareResetStatus)
    ETH_Get_Received_Frame_interrupt         0x080006ad   Thumb Code   158  stm32f4x7_eth.o(i.ETH_Get_Received_Frame_interrupt)
    ETH_IRQHandler                           0x08000751   Thumb Code    56  stm32f4xx_it.o(i.ETH_IRQHandler)
    ETH_Init                                 0x0800078d   Thumb Code   632  stm32f4x7_eth.o(i.ETH_Init)
    ETH_MACAddressConfig                     0x08000a39   Thumb Code    38  stm32f4x7_eth.o(i.ETH_MACAddressConfig)
    ETH_MACReceptionCmd                      0x08000afd   Thumb Code    46  stm32f4x7_eth.o(i.ETH_MACReceptionCmd)
    ETH_MACTransmissionCmd                   0x08000b31   Thumb Code    46  stm32f4x7_eth.o(i.ETH_MACTransmissionCmd)
    ETH_Prepare_Transmit_Descriptors         0x08000b91   Thumb Code   166  stm32f4x7_eth.o(i.ETH_Prepare_Transmit_Descriptors)
    ETH_ReadPHYRegister                      0x08000c41   Thumb Code    80  stm32f4x7_eth.o(i.ETH_ReadPHYRegister)
    ETH_SoftwareReset                        0x08000c99   Thumb Code    12  stm32f4x7_eth.o(i.ETH_SoftwareReset)
    ETH_Start                                0x08000ca9   Thumb Code    34  stm32f4x7_eth.o(i.ETH_Start)
    ETH_Stop                                 0x08000ccb   Thumb Code    34  stm32f4x7_eth.o(i.ETH_Stop)
    ETH_StructInit                           0x08000ced   Thumb Code   154  stm32f4x7_eth.o(i.ETH_StructInit)
    ETH_WritePHYRegister                     0x08000d89   Thumb Code    80  stm32f4x7_eth.o(i.ETH_WritePHYRegister)
    ETH_link_callback                        0x08000de1   Thumb Code   282  stm32f4x7_eth_bsp.o(i.ETH_link_callback)
    EXTI0_IRQHandler                         0x08000f19   Thumb Code    54  stm32f4xx_it.o(i.EXTI0_IRQHandler)
    EXTI15_10_IRQHandler                     0x08000f59   Thumb Code    50  stm32f4xx_it.o(i.EXTI15_10_IRQHandler)
    EXTI_ClearITPendingBit                   0x08000f91   Thumb Code     6  stm32f4xx_exti.o(i.EXTI_ClearITPendingBit)
    EXTI_GetITStatus                         0x08000f9d   Thumb Code    28  stm32f4xx_exti.o(i.EXTI_GetITStatus)
    EXTI_Init                                0x08000fbd   Thumb Code   110  stm32f4xx_exti.o(i.EXTI_Init)
    Eth_Link_EXTIConfig                      0x08001031   Thumb Code   104  stm32f4x7_eth_bsp.o(i.Eth_Link_EXTIConfig)
    Eth_Link_IT_task                         0x0800109d   Thumb Code    64  stm32f4x7_eth_bsp.o(i.Eth_Link_IT_task)
    Eth_Link_PHYITConfig                     0x080010e5   Thumb Code    60  stm32f4x7_eth_bsp.o(i.Eth_Link_PHYITConfig)
    GPIO_Init                                0x08001121   Thumb Code   124  stm32f4xx_gpio.o(i.GPIO_Init)
    GPIO_PinAFConfig                         0x0800119d   Thumb Code    32  stm32f4xx_gpio.o(i.GPIO_PinAFConfig)
    GPIO_ReadInputDataBit                    0x080011bd   Thumb Code    14  stm32f4xx_gpio.o(i.GPIO_ReadInputDataBit)
    HardFault_Handler                        0x080011cb   Thumb Code     2  stm32f4xx_it.o(i.HardFault_Handler)
    IEC104_TS_poll                           0x080011cd   Thumb Code    60  iec104_drv.o(i.IEC104_TS_poll)
    IEC104_UVTK_TS_poll                      0x08001211   Thumb Code   124  iec104_drv.o(i.IEC104_UVTK_TS_poll)
    IEC104_init_task                         0x08001299   Thumb Code    48  iec104_drv.o(i.IEC104_init_task)
    InitIEC_RTC                              0x080012f5   Thumb Code    62  stm324x7i_eval.o(i.InitIEC_RTC)
    Init_SPI                                 0x08001339   Thumb Code   216  stm324x7i_eval.o(i.Init_SPI)
    LCD_ClearLine                            0x08001421   Thumb Code    44  stm324x7i_eval_lcd.o(i.LCD_ClearLine)
    LCD_DisplayChar                          0x08001451   Thumb Code    26  stm324x7i_eval_lcd.o(i.LCD_DisplayChar)
    LCD_DisplayStringLine                    0x08001471   Thumb Code    52  stm324x7i_eval_lcd.o(i.LCD_DisplayStringLine)
    LCD_DrawChar                             0x080014a9   Thumb Code   130  stm324x7i_eval_lcd.o(i.LCD_DrawChar)
    LCD_GetFont                              0x08001531   Thumb Code     6  stm324x7i_eval_lcd.o(i.LCD_GetFont)
    LCD_LED_Init                             0x0800153d   Thumb Code    38  main.o(i.LCD_LED_Init)
    LCD_SetCursor                            0x08001563   Thumb Code    24  stm324x7i_eval_lcd.o(i.LCD_SetCursor)
    LCD_SetTextColor                         0x0800157d   Thumb Code    12  stm324x7i_eval_lcd.o(i.LCD_SetTextColor)
    LCD_WriteRAM                             0x0800158d   Thumb Code     8  stm324x7i_eval_lcd.o(i.LCD_WriteRAM)
    LCD_WriteRAM_Prepare                     0x08001595   Thumb Code    10  stm324x7i_eval_lcd.o(i.LCD_WriteRAM_Prepare)
    LCD_WriteReg                             0x0800159f   Thumb Code    10  stm324x7i_eval_lcd.o(i.LCD_WriteReg)
    LwIP_Init                                0x080015a9   Thumb Code   160  netconf.o(i.LwIP_Init)
    Main_task                                0x08001695   Thumb Code   138  main.o(i.Main_task)
    MemManage_Handler                        0x08001759   Thumb Code     2  stm32f4xx_it.o(i.MemManage_Handler)
    NMI_Handler                              0x0800175b   Thumb Code     2  stm32f4xx_it.o(i.NMI_Handler)
    NVIC_Init                                0x0800175d   Thumb Code    94  misc.o(i.NVIC_Init)
    NVIC_PriorityGroupConfig                 0x080017c5   Thumb Code    10  misc.o(i.NVIC_PriorityGroupConfig)
    PWR_BackupAccessCmd                      0x080017d9   Thumb Code     6  stm32f4xx_pwr.o(i.PWR_BackupAccessCmd)
    RCC_AHB1PeriphClockCmd                   0x080017e5   Thumb Code    22  stm32f4xx_rcc.o(i.RCC_AHB1PeriphClockCmd)
    RCC_AHB1PeriphResetCmd                   0x08001801   Thumb Code    22  stm32f4xx_rcc.o(i.RCC_AHB1PeriphResetCmd)
    RCC_APB1PeriphClockCmd                   0x0800181d   Thumb Code    22  stm32f4xx_rcc.o(i.RCC_APB1PeriphClockCmd)
    RCC_APB2PeriphClockCmd                   0x08001839   Thumb Code    22  stm32f4xx_rcc.o(i.RCC_APB2PeriphClockCmd)
    RCC_BackupResetCmd                       0x08001855   Thumb Code     6  stm32f4xx_rcc.o(i.RCC_BackupResetCmd)
    RCC_GetClocksFreq                        0x08001861   Thumb Code   148  stm32f4xx_rcc.o(i.RCC_GetClocksFreq)
    RCC_RTCCLKCmd                            0x08001901   Thumb Code     6  stm32f4xx_rcc.o(i.RCC_RTCCLKCmd)
    RCC_RTCCLKConfig                         0x0800190d   Thumb Code    40  stm32f4xx_rcc.o(i.RCC_RTCCLKConfig)
    RTC_EnterInitMode                        0x08001969   Thumb Code    64  stm32f4xx_rtc.o(i.RTC_EnterInitMode)
    RTC_ExitInitMode                         0x080019ad   Thumb Code    12  stm32f4xx_rtc.o(i.RTC_ExitInitMode)
    RTC_GetDate                              0x080019bd   Thumb Code    64  stm32f4xx_rtc.o(i.RTC_GetDate)
    RTC_GetSubSecond                         0x08001a05   Thumb Code    12  stm32f4xx_rtc.o(i.RTC_GetSubSecond)
    RTC_GetTime                              0x08001a15   Thumb Code    68  stm32f4xx_rtc.o(i.RTC_GetTime)
    RTC_Init                                 0x08001a61   Thumb Code    74  stm32f4xx_rtc.o(i.RTC_Init)
    RTC_SetDate                              0x08001ab1   Thumb Code   156  stm32f4xx_rtc.o(i.RTC_SetDate)
    RTC_SetTime                              0x08001b55   Thumb Code   160  stm32f4xx_rtc.o(i.RTC_SetTime)
    RTC_WaitForSynchro                       0x08001bfd   Thumb Code    72  stm32f4xx_rtc.o(i.RTC_WaitForSynchro)
    SPI3_IRQHandler                          0x08001c49   Thumb Code    56  stm32f4xx_it.o(i.SPI3_IRQHandler)
    SPI_Cmd                                  0x08001c8d   Thumb Code    24  stm32f4xx_spi.o(i.SPI_Cmd)
    SPI_I2S_GetITStatus                      0x08001ca5   Thumb Code    44  stm32f4xx_spi.o(i.SPI_I2S_GetITStatus)
    SPI_I2S_ITConfig                         0x08001cd1   Thumb Code    28  stm32f4xx_spi.o(i.SPI_I2S_ITConfig)
    SPI_I2S_ReceiveData                      0x08001ced   Thumb Code     4  stm32f4xx_spi.o(i.SPI_I2S_ReceiveData)
    SPI_Init                                 0x08001cf1   Thumb Code    56  stm32f4xx_spi.o(i.SPI_Init)
    STM_EVAL_LEDInit                         0x08001d29   Thumb Code    62  stm324x7i_eval.o(i.STM_EVAL_LEDInit)
    STM_EVAL_LEDOn                           0x08001d71   Thumb Code    16  stm324x7i_eval.o(i.STM_EVAL_LEDOn)
    STM_EVAL_LEDToggle                       0x08001d89   Thumb Code    20  stm324x7i_eval.o(i.STM_EVAL_LEDToggle)
    STM_EVAL_PBGetState                      0x08001da5   Thumb Code    16  stm324x7i_eval.o(i.STM_EVAL_PBGetState)
    STM_EVAL_PBInit                          0x08001dbd   Thumb Code   160  stm324x7i_eval.o(i.STM_EVAL_PBInit)
    SYSCFG_ETH_MediaInterfaceConfig          0x08001e65   Thumb Code     6  stm32f4xx_syscfg.o(i.SYSCFG_ETH_MediaInterfaceConfig)
    SYSCFG_EXTILineConfig                    0x08001e71   Thumb Code    34  stm32f4xx_syscfg.o(i.SYSCFG_EXTILineConfig)
    SysTick_Handler                          0x08001f6d   Thumb Code     4  stm32f4xx_it.o(i.SysTick_Handler)
    SystemInit                               0x08001f71   Thumb Code    74  system_stm32f4xx.o(i.SystemInit)
    ToggleLed4                               0x08001fcd   Thumb Code    18  main.o(i.ToggleLed4)
    UVTK_init_task                           0x08001fe1   Thumb Code    70  uvtkdrv.o(i.UVTK_init_task)
    UsageFault_Handler                       0x0800202d   Thumb Code     2  stm32f4xx_it.o(i.UsageFault_Handler)
    __0printf$8                              0x08002031   Thumb Code    22  printf8.o(i.__0printf$8)
    __1printf$8                              0x08002031   Thumb Code     0  printf8.o(i.__0printf$8)
    __2printf                                0x08002031   Thumb Code     0  printf8.o(i.__0printf$8)
    __scatterload_copy                       0x08002051   Thumb Code    14  handlers.o(i.__scatterload_copy)
    __scatterload_null                       0x0800205f   Thumb Code     2  handlers.o(i.__scatterload_null)
    __scatterload_zeroinit                   0x08002061   Thumb Code    14  handlers.o(i.__scatterload_zeroinit)
    createFifoToHeap                         0x08002509   Thumb Code    54  fifo_buffer.o(i.createFifoToHeap)
    dhcp_arp_reply                           0x0800253f   Thumb Code    30  dhcp.o(i.dhcp_arp_reply)
    dhcp_coarse_tmr                          0x08002649   Thumb Code    58  dhcp.o(i.dhcp_coarse_tmr)
    dhcp_fine_tmr                            0x080028e9   Thumb Code    46  dhcp.o(i.dhcp_fine_tmr)
    dhcp_network_changed                     0x0800291d   Thumb Code    70  dhcp.o(i.dhcp_network_changed)
    dhcp_release                             0x08002b3d   Thumb Code   158  dhcp.o(i.dhcp_release)
    dhcp_renew                               0x08002be1   Thumb Code   130  dhcp.o(i.dhcp_renew)
    etharp_cleanup_netif                     0x08002f6d   Thumb Code    42  etharp.o(i.etharp_cleanup_netif)
    etharp_output                            0x080030d1   Thumb Code   252  etharp.o(i.etharp_output)
    etharp_query                             0x0800321d   Thumb Code   250  etharp.o(i.etharp_query)
    etharp_request                           0x080033c5   Thumb Code    32  etharp.o(i.etharp_request)
    etharp_tmr                               0x08003409   Thumb Code    64  etharp.o(i.etharp_tmr)
    ethernet_input                           0x080034cd   Thumb Code   142  etharp.o(i.ethernet_input)
    ethernetif_init                          0x08003561   Thumb Code    42  ethernetif.o(i.ethernetif_init)
    fifoIsEmpty                              0x080035dd   Thumb Code    16  fifo_buffer.o(i.fifoIsEmpty)
    fifoIsFull                               0x080035ed   Thumb Code    28  fifo_buffer.o(i.fifoIsFull)
    fifoPopElem                              0x08003609   Thumb Code    58  fifo_buffer.o(i.fifoPopElem)
    fifoPushElem                             0x08003643   Thumb Code    62  fifo_buffer.o(i.fifoPushElem)
    fputc                                    0x08003681   Thumb Code    24  main.o(i.fputc)
    free                                     0x080036b5   Thumb Code    76  malloc.o(i.free)
    generatIECansw                           0x08003705   Thumb Code   188  iec104_server.o(i.generatIECansw)
    get_iec_time                             0x080037f1   Thumb Code   116  libiecasdu.o(i.get_iec_time)
    icmp_dest_unreach                        0x08003865   Thumb Code     8  icmp.o(i.icmp_dest_unreach)
    icmp_input                               0x0800386d   Thumb Code   278  icmp.o(i.icmp_input)
    iecsock_server_init                      0x08003ab1   Thumb Code    72  iecsock_server.o(i.iecsock_server_init)
    inet_chksum                              0x08003cb3   Thumb Code    12  inet_chksum.o(i.inet_chksum)
    inet_chksum_pbuf                         0x08003cbf   Thumb Code    72  inet_chksum.o(i.inet_chksum_pbuf)
    init_IEC104_server                       0x08003d09   Thumb Code    16  iec104_server.o(i.init_IEC104_server)
    ip4_addr_isbroadcast                     0x08003d1d   Thumb Code    62  ip_addr.o(i.ip4_addr_isbroadcast)
    ip_input                                 0x08003d5d   Thumb Code   396  ip.o(i.ip_input)
    ip_output                                0x08003ef1   Thumb Code    52  ip.o(i.ip_output)
    ip_output_if                             0x08003f25   Thumb Code   144  ip.o(i.ip_output_if)
    ip_route                                 0x08003fb9   Thumb Code    56  ip.o(i.ip_route)
    lwip_htonl                               0x0800423d   Thumb Code    24  def.o(i.lwip_htonl)
    lwip_htons                               0x08004255   Thumb Code    10  def.o(i.lwip_htons)
    lwip_init                                0x0800425f   Thumb Code    34  init.o(i.lwip_init)
    lwip_ntohl                               0x08004281   Thumb Code     4  def.o(i.lwip_ntohl)
    lwip_ntohs                               0x08004285   Thumb Code     4  def.o(i.lwip_ntohs)
    main                                     0x080042e1   Thumb Code    40  main.o(i.main)
    malloc                                   0x08004315   Thumb Code    92  malloc.o(i.malloc)
    mem_free                                 0x08004381   Thumb Code    66  mem.o(i.mem_free)
    mem_init                                 0x080043c9   Thumb Code    52  mem.o(i.mem_init)
    mem_malloc                               0x08004405   Thumb Code   202  mem.o(i.mem_malloc)
    mem_trim                                 0x080044d5   Thumb Code   230  mem.o(i.mem_trim)
    memp_free                                0x080045c1   Thumb Code    18  memp.o(i.memp_free)
    memp_init                                0x080045d9   Thumb Code    78  memp.o(i.memp_init)
    memp_malloc                              0x08004631   Thumb Code    28  memp.o(i.memp_malloc)
    netif_add                                0x08004651   Thumb Code    70  netif.o(i.netif_add)
    netif_init                               0x0800469d   Thumb Code     2  netif.o(i.netif_init)
    netif_set_addr                           0x0800469f   Thumb Code    34  netif.o(i.netif_set_addr)
    netif_set_default                        0x080046c1   Thumb Code     6  netif.o(i.netif_set_default)
    netif_set_down                           0x080046cd   Thumb Code    26  netif.o(i.netif_set_down)
    netif_set_gw                             0x080046e7   Thumb Code    14  netif.o(i.netif_set_gw)
    netif_set_ipaddr                         0x080046f5   Thumb Code    98  netif.o(i.netif_set_ipaddr)
    netif_set_link_callback                  0x08004761   Thumb Code     8  netif.o(i.netif_set_link_callback)
    netif_set_link_down                      0x08004769   Thumb Code    28  netif.o(i.netif_set_link_down)
    netif_set_link_up                        0x08004785   Thumb Code    68  netif.o(i.netif_set_link_up)
    netif_set_netmask                        0x080047c9   Thumb Code    14  netif.o(i.netif_set_netmask)
    netif_set_up                             0x080047d7   Thumb Code    32  netif.o(i.netif_set_up)
    parse_iframe                             0x080047f9   Thumb Code   194  libiecasdu.o(i.parse_iframe)
    pbuf_alloc                               0x080048c1   Thumb Code   296  pbuf.o(i.pbuf_alloc)
    pbuf_cat                                 0x080049e9   Thumb Code    40  pbuf.o(i.pbuf_cat)
    pbuf_chain                               0x08004a11   Thumb Code    20  pbuf.o(i.pbuf_chain)
    pbuf_clen                                0x08004a25   Thumb Code    18  pbuf.o(i.pbuf_clen)
    pbuf_copy                                0x08004a37   Thumb Code   160  pbuf.o(i.pbuf_copy)
    pbuf_copy_partial                        0x08004ad7   Thumb Code   108  pbuf.o(i.pbuf_copy_partial)
    pbuf_free                                0x08004b43   Thumb Code    82  pbuf.o(i.pbuf_free)
    pbuf_header                              0x08004b95   Thumb Code   104  pbuf.o(i.pbuf_header)
    pbuf_realloc                             0x08004bfd   Thumb Code    78  pbuf.o(i.pbuf_realloc)
    pbuf_ref                                 0x08004c4b   Thumb Code    12  pbuf.o(i.pbuf_ref)
    pbuf_take                                0x08004c57   Thumb Code    86  pbuf.o(i.pbuf_take)
    prepare_data_iframe                      0x08004d01   Thumb Code   498  libiecasdu.o(i.prepare_data_iframe)
    prepare_tcp_iec_buf                      0x08004f21   Thumb Code   144  iec104_server.o(i.prepare_tcp_iec_buf)
    prepare_uframe_answ                      0x08004fb1   Thumb Code   128  iec104_server.o(i.prepare_uframe_answ)
    pvPortMalloc                             0x08005371   Thumb Code   126  heap_4.o(i.pvPortMalloc)
    pxPortInitialiseStack                    0x080053f5   Thumb Code    24  port.o(i.pxPortInitialiseStack)
    raw_input                                0x0800540d   Thumb Code   102  raw.o(i.raw_input)
    set_iec_time                             0x08005481   Thumb Code    94  libiecasdu.o(i.set_iec_time)
    sys_arch_mbox_fetch                      0x080054df   Thumb Code    84  sys_arch.o(i.sys_arch_mbox_fetch)
    sys_arch_sem_wait                        0x08005533   Thumb Code    74  sys_arch.o(i.sys_arch_sem_wait)
    sys_init                                 0x0800557d   Thumb Code     8  sys_arch.o(i.sys_init)
    sys_mbox_new                             0x08005589   Thumb Code    28  sys_arch.o(i.sys_mbox_new)
    sys_mbox_trypost                         0x080055a5   Thumb Code    28  sys_arch.o(i.sys_mbox_trypost)
    sys_mbox_valid                           0x080055c1   Thumb Code    14  sys_arch.o(i.sys_mbox_valid)
    sys_sem_new                              0x080055cf   Thumb Code    58  sys_arch.o(i.sys_sem_new)
    sys_sem_signal                           0x08005609   Thumb Code    12  sys_arch.o(i.sys_sem_signal)
    sys_thread_new                           0x08005615   Thumb Code    62  sys_arch.o(i.sys_thread_new)
    sys_timeout                              0x08005659   Thumb Code    98  timers.o(i.sys_timeout)
    sys_timeouts_init                        0x080056c1   Thumb Code    42  timers.o(i.sys_timeouts_init)
    sys_timeouts_mbox_fetch                  0x080056f9   Thumb Code   100  timers.o(i.sys_timeouts_mbox_fetch)
    sys_untimeout                            0x08005761   Thumb Code    72  timers.o(i.sys_untimeout)
    tcp_abandon                              0x080057ad   Thumb Code   136  tcp.o(i.tcp_abandon)
    tcp_abort                                0x08005839   Thumb Code     6  tcp.o(i.tcp_abort)
    tcp_accept                               0x0800583f   Thumb Code     4  tcp.o(i.tcp_accept)
    tcp_alloc                                0x08005849   Thumb Code   152  tcp.o(i.tcp_alloc)
    tcp_arg                                  0x080058ed   Thumb Code     4  tcp.o(i.tcp_arg)
    tcp_bind                                 0x080058f1   Thumb Code   132  tcp.o(i.tcp_bind)
    tcp_close                                0x0800597d   Thumb Code    20  tcp.o(i.tcp_close)
    tcp_eff_send_mss                         0x08005b8f   Thumb Code    32  tcp.o(i.tcp_eff_send_mss)
    tcp_enqueue_flags                        0x08005baf   Thumb Code   204  tcp_out.o(i.tcp_enqueue_flags)
    tcp_err                                  0x08005c7b   Thumb Code     6  tcp.o(i.tcp_err)
    tcp_fasttmr                              0x08005c81   Thumb Code    84  tcp.o(i.tcp_fasttmr)
    tcp_init                                 0x08005cd9   Thumb Code     2  tcp.o(i.tcp_init)
    tcp_input                                0x08005cdd   Thumb Code   816  tcp_in.o(i.tcp_input)
    tcp_keepalive                            0x08006029   Thumb Code    62  tcp_out.o(i.tcp_keepalive)
    tcp_listen_with_backlog                  0x080061d1   Thumb Code   142  tcp.o(i.tcp_listen_with_backlog)
    tcp_new                                  0x08006269   Thumb Code     6  tcp.o(i.tcp_new)
    tcp_next_iss                             0x080062c9   Thumb Code    12  tcp.o(i.tcp_next_iss)
    tcp_output                               0x080062d9   Thumb Code   388  tcp_out.o(i.tcp_output)
    tcp_pcb_purge                            0x08006657   Thumb Code    58  tcp.o(i.tcp_pcb_purge)
    tcp_pcb_remove                           0x08006691   Thumb Code    88  tcp.o(i.tcp_pcb_remove)
    tcp_poll                                 0x080066ed   Thumb Code    10  tcp.o(i.tcp_poll)
    tcp_process_refused_data                 0x08006acd   Thumb Code   106  tcp.o(i.tcp_process_refused_data)
    tcp_recv                                 0x08006f75   Thumb Code     4  tcp.o(i.tcp_recv)
    tcp_recv_null                            0x08006f79   Thumb Code    38  tcp.o(i.tcp_recv_null)
    tcp_recved                               0x08006f9f   Thumb Code    56  tcp.o(i.tcp_recved)
    tcp_rexmit                               0x08006fd7   Thumb Code    80  tcp_out.o(i.tcp_rexmit)
    tcp_rexmit_fast                          0x08007027   Thumb Code    94  tcp_out.o(i.tcp_rexmit_fast)
    tcp_rexmit_rto                           0x08007085   Thumb Code    46  tcp_out.o(i.tcp_rexmit_rto)
    tcp_rst                                  0x080070b3   Thumb Code   120  tcp_out.o(i.tcp_rst)
    tcp_seg_free                             0x0800712b   Thumb Code    30  tcp.o(i.tcp_seg_free)
    tcp_segs_free                            0x08007149   Thumb Code    18  tcp.o(i.tcp_segs_free)
    tcp_send_empty_ack                       0x0800715b   Thumb Code    72  tcp_out.o(i.tcp_send_empty_ack)
    tcp_send_fin                             0x080071a3   Thumb Code    72  tcp_out.o(i.tcp_send_fin)
    tcp_sent                                 0x080071eb   Thumb Code     4  tcp.o(i.tcp_sent)
    tcp_setprio                              0x080071ef   Thumb Code     4  tcp.o(i.tcp_setprio)
    tcp_slowtmr                              0x080071f5   Thumb Code   606  tcp.o(i.tcp_slowtmr)
    tcp_timer_needed                         0x08007465   Thumb Code    36  timers.o(i.tcp_timer_needed)
    tcp_tmr                                  0x0800750d   Thumb Code    28  tcp.o(i.tcp_tmr)
    tcp_update_rcv_ann_wnd                   0x0800752d   Thumb Code    54  tcp.o(i.tcp_update_rcv_ann_wnd)
    tcp_write                                0x08007563   Thumb Code   714  tcp_out.o(i.tcp_write)
    tcp_zero_window_probe                    0x0800787b   Thumb Code   154  tcp_out.o(i.tcp_zero_window_probe)
    tcpip_init                               0x08007915   Thumb Code    44  tcpip.o(i.tcpip_init)
    tcpip_input                              0x08007951   Thumb Code    76  tcpip.o(i.tcpip_input)
    udp_bind                                 0x08007a7d   Thumb Code   108  udp.o(i.udp_bind)
    udp_init                                 0x08007aed   Thumb Code     2  udp.o(i.udp_init)
    udp_input                                0x08007af1   Thumb Code   392  udp.o(i.udp_input)
    udp_sendto_if                            0x08007ccd   Thumb Code   186  udp.o(i.udp_sendto_if)
    uxListRemove                             0x08007db7   Thumb Code    38  list.o(i.uxListRemove)
    vApplicationStackOverflowHook            0x08007ddd   Thumb Code     2  main.o(i.vApplicationStackOverflowHook)
    vButtonKeyHandler                        0x08007de1   Thumb Code    70  main.o(i.vButtonKeyHandler)
    vListInitialise                          0x08007e35   Thumb Code    22  list.o(i.vListInitialise)
    vListInitialiseItem                      0x08007e4b   Thumb Code     6  list.o(i.vListInitialiseItem)
    vListInsert                              0x08007e51   Thumb Code    48  list.o(i.vListInsert)
    vListInsertEnd                           0x08007e81   Thumb Code    28  list.o(i.vListInsertEnd)
    vPortEnterCritical                       0x08007e9d   Thumb Code    16  port.o(i.vPortEnterCritical)
    vPortExitCritical                        0x08007eb1   Thumb Code    18  port.o(i.vPortExitCritical)
    vPortFree                                0x08007ec9   Thumb Code    40  heap_4.o(i.vPortFree)
    vPortSetupTimerInterrupt                 0x08007ef5   Thumb Code    26  port.o(i.vPortSetupTimerInterrupt)
    vPortYieldFromISR                        0x08007f15   Thumb Code    10  port.o(i.vPortYieldFromISR)
    vTaskDelay                               0x08007f25   Thumb Code    52  tasks.o(i.vTaskDelay)
    vTaskDelete                              0x08007f5d   Thumb Code    88  tasks.o(i.vTaskDelete)
    vTaskIncrementTick                       0x08007fbd   Thumb Code   160  tasks.o(i.vTaskIncrementTick)
    vTaskMissedYield                         0x08008065   Thumb Code     8  tasks.o(i.vTaskMissedYield)
    vTaskPlaceOnEventList                    0x08008071   Thumb Code    44  tasks.o(i.vTaskPlaceOnEventList)
    vTaskPriorityDisinherit                  0x080080a1   Thumb Code    66  tasks.o(i.vTaskPriorityDisinherit)
    vTaskPriorityInherit                     0x080080ed   Thumb Code    94  tasks.o(i.vTaskPriorityInherit)
    vTaskSetTimeOutState                     0x08008155   Thumb Code    24  tasks.o(i.vTaskSetTimeOutState)
    vTaskStartScheduler                      0x08008171   Thumb Code    58  tasks.o(i.vTaskStartScheduler)
    vTaskSuspendAll                          0x080081bd   Thumb Code    10  tasks.o(i.vTaskSuspendAll)
    vTaskSwitchContext                       0x080081cd   Thumb Code   108  tasks.o(i.vTaskSwitchContext)
    xPortGetFreeHeapSize                     0x08008241   Thumb Code     6  heap_4.o(i.xPortGetFreeHeapSize)
    xPortStartScheduler                      0x0800824d   Thumb Code    38  port.o(i.xPortStartScheduler)
    xPortSysTickHandler                      0x0800827d   Thumb Code    28  port.o(i.xPortSysTickHandler)
    xQueueCreateMutex                        0x0800829d   Thumb Code    82  queue.o(i.xQueueCreateMutex)
    xQueueGenericCreate                      0x080082ef   Thumb Code    80  queue.o(i.xQueueGenericCreate)
    xQueueGenericReceive                     0x0800833f   Thumb Code   288  queue.o(i.xQueueGenericReceive)
    xQueueGenericReset                       0x0800845f   Thumb Code    98  queue.o(i.xQueueGenericReset)
    xQueueGenericSend                        0x080084c1   Thumb Code   224  queue.o(i.xQueueGenericSend)
    xQueueGenericSendFromISR                 0x080085a1   Thumb Code   118  queue.o(i.xQueueGenericSendFromISR)
    xTaskCheckForTimeOut                     0x08008619   Thumb Code    90  tasks.o(i.xTaskCheckForTimeOut)
    xTaskGenericCreate                       0x08008679   Thumb Code   252  tasks.o(i.xTaskGenericCreate)
    xTaskGetCurrentTaskHandle                0x0800877d   Thumb Code     6  tasks.o(i.xTaskGetCurrentTaskHandle)
    xTaskGetTickCount                        0x08008789   Thumb Code    18  tasks.o(i.xTaskGetTickCount)
    xTaskRemoveFromEventList                 0x080087a1   Thumb Code    94  tasks.o(i.xTaskRemoveFromEventList)
    xTaskResumeAll                           0x08008809   Thumb Code   170  tasks.o(i.xTaskResumeAll)
    tcp_persist_backoff                      0x080088ec   Data           7  tcp.o(.constdata)
    tcp_state_str                            0x080088f4   Data          44  tcp.o(.constdata)
    tcp_backoff                              0x08008920   Data          13  tcp.o(.constdata)
    tcp_pcb_lists                            0x08008930   Data          16  tcp.o(.constdata)
    ip_addr_any                              0x08008940   Data           4  ip_addr.o(.constdata)
    ip_addr_broadcast                        0x08008944   Data           4  ip_addr.o(.constdata)
    ethbroadcast                             0x08008948   Data           6  etharp.o(.constdata)
    ethzero                                  0x0800894e   Data           6  etharp.o(.constdata)
    COM_TX_PIN                               0x08008954   Data           2  stm324x7i_eval.o(.constdata)
    COM_RX_PIN                               0x08008956   Data           2  stm324x7i_eval.o(.constdata)
    COM_TX_PIN_SOURCE                        0x08008958   Data           2  stm324x7i_eval.o(.constdata)
    COM_RX_PIN_SOURCE                        0x0800895a   Data           2  stm324x7i_eval.o(.constdata)
    COM_TX_AF                                0x0800895c   Data           2  stm324x7i_eval.o(.constdata)
    COM_RX_AF                                0x0800895e   Data           2  stm324x7i_eval.o(.constdata)
    COM_USART_CLK                            0x08008960   Data           4  stm324x7i_eval.o(.constdata)
    COM_TX_PORT_CLK                          0x08008964   Data           4  stm324x7i_eval.o(.constdata)
    COM_RX_PORT_CLK                          0x08008968   Data           4  stm324x7i_eval.o(.constdata)
    BUTTON_PIN                               0x0800896c   Data           6  stm324x7i_eval.o(.constdata)
    BUTTON_EXTI_LINE                         0x08008972   Data           6  stm324x7i_eval.o(.constdata)
    BUTTON_PORT_SOURCE                       0x08008978   Data           6  stm324x7i_eval.o(.constdata)
    BUTTON_PIN_SOURCE                        0x0800897e   Data           6  stm324x7i_eval.o(.constdata)
    BUTTON_IRQn                              0x08008984   Data           6  stm324x7i_eval.o(.constdata)
    GPIO_PIN                                 0x0800898a   Data           8  stm324x7i_eval.o(.constdata)
    GPIO_CLK                                 0x08008994   Data          16  stm324x7i_eval.o(.constdata)
    BUTTON_CLK                               0x080089a4   Data          12  stm324x7i_eval.o(.constdata)
    ASCII16x24_Table                         0x080089b0   Data        4560  stm324x7i_eval_lcd.o(.constdata)
    Region$$Table$$Base                      0x08009be8   Number         0  anon$$obj.o(Region$$Table)
    Region$$Table$$Limit                     0x08009c08   Number         0  anon$$obj.o(Region$$Table)
    SystemCoreClock                          0x20000000   Data           4  system_stm32f4xx.o(.data)
    AHBPrescTable                            0x20000004   Data          16  system_stm32f4xx.o(.data)
    xButtonSemaphore                         0x20000014   Data           4  main.o(.data)
    EthLinkStatus                            0x20000018   Data           1  stm32f4x7_eth_bsp.o(.data)
    EthStatus                                0x2000001c   Data           4  stm32f4x7_eth_bsp.o(.data)
    ETH_link_xSemaphore                      0x20000020   Data           4  stm32f4x7_eth_bsp.o(.data)
    IEC104_send_buf                          0x20000024   Data           4  iec104_server.o(.data)
    NS                                       0x2000002c   Data           1  libiecasdu.o(.data)
    NR                                       0x2000002d   Data           1  libiecasdu.o(.data)
    MV_tmpl                                  0x2000002e   Data           3  libiecasdu.o(.data)
    TM_cp56_time                             0x20000032   Data           8  libiecasdu.o(.data)
    MV_mas                                   0x2000003a   Data          30  libiecasdu.o(.data)
    iec_fifo_buf                             0x20000058   Data           4  libiecasdu.o(.data)
    SPI_data                                 0x2000005c   Data           1  uvtkdrv.o(.data)
    xSPI_UVTK_Mutex                          0x20000060   Data           4  uvtkdrv.o(.data)
    xSPI_UVTK_Semaphore                      0x20000064   Data           4  uvtkdrv.o(.data)
    UVTK_1ts_grp_data                        0x20000068   Data           8  uvtkdrv.o(.data)
    UVTK_2ts_grp_data                        0x20000070   Data           8  uvtkdrv.o(.data)
    netif_list                               0x2000009c   Data           4  netif.o(.data)
    netif_default                            0x200000a0   Data           4  netif.o(.data)
    tcp_active_pcbs_changed                  0x200000a8   Data           1  tcp.o(.data)
    tcp_ticks                                0x200000b4   Data           4  tcp.o(.data)
    tcp_bound_pcbs                           0x200000b8   Data           4  tcp.o(.data)
    tcp_listen_pcbs                          0x200000bc   Data           4  tcp.o(.data)
    tcp_active_pcbs                          0x200000c0   Data           4  tcp.o(.data)
    tcp_tw_pcbs                              0x200000c4   Data           4  tcp.o(.data)
    tcp_tmp_pcb                              0x200000c8   Data           4  tcp.o(.data)
    tcp_input_pcb                            0x200000e4   Data           4  tcp_in.o(.data)
    udp_pcbs                                 0x200000ec   Data           4  udp.o(.data)
    current_netif                            0x200000f4   Data           4  ip.o(.data)
    current_header                           0x200000f8   Data           4  ip.o(.data)
    current_iphdr_src                        0x200000fc   Data           4  ip.o(.data)
    current_iphdr_dest                       0x20000100   Data           4  ip.o(.data)
    s_xSemaphore                             0x2000010c   Data           4  ethernetif.o(.data)
    DMATxDescToSet                           0x20000130   Data           4  stm32f4x7_eth.o(.data)
    DMARxDescToGet                           0x20000134   Data           4  stm32f4x7_eth.o(.data)
    DMA_RX_FRAME_infos                       0x20000138   Data           4  stm32f4x7_eth.o(.data)
    COM_USART                                0x2000013c   Data           4  stm324x7i_eval.o(.data)
    COM_TX_PORT                              0x20000140   Data           4  stm324x7i_eval.o(.data)
    COM_RX_PORT                              0x20000144   Data           4  stm324x7i_eval.o(.data)
    NVIC_InitStructure                       0x20000148   Data           4  stm324x7i_eval.o(.data)
    GPIO_PORT                                0x2000014c   Data          16  stm324x7i_eval.o(.data)
    BUTTON_PORT                              0x2000015c   Data          12  stm324x7i_eval.o(.data)
    TextColor                                0x20000168   Data           2  stm324x7i_eval_lcd.o(.data)
    BackColor                                0x2000016a   Data           2  stm324x7i_eval_lcd.o(.data)
    Font16x24                                0x20000170   Data           8  stm324x7i_eval_lcd.o(.data)
    pxCurrentTCB                             0x2000018c   Data           4  tasks.o(.data)
    __stdout                                 0x200001c8   Data           4  stdout.o(.data)
    __microlib_freelist                      0x200001cc   Data           4  mvars.o(.data)
    __microlib_freelist_initialised          0x200001d0   Data           4  mvars.o(.data)
    xnetif                                   0x200001d4   Data          56  netconf.o(.bss)
    ETH_InitStructure                        0x2000020c   Data         188  stm32f4x7_eth_bsp.o(.bss)
    SP_mas                                   0x200002c8   Data          10  libiecasdu.o(.bss)
    iec_type30_tmpl                          0x200002d2   Data           9  libiecasdu.o(.bss)
    ts_mas                                   0x200002db   Data         128  iec104_drv.o(.bss)
    ti_mas                                   0x2000035b   Data         192  iec104_drv.o(.bss)
    ram_heap                                 0x2000041b   Data        5140  mem.o(.bss)
    DMARxDscrTab                             0x200043f4   Data         128  stm32f4x7_eth.o(.bss)
    DMATxDscrTab                             0x20004474   Data         128  stm32f4x7_eth.o(.bss)
    Rx_Buff                                  0x200044f4   Data        6096  stm32f4x7_eth.o(.bss)
    Tx_Buff                                  0x20005cc4   Data        6096  stm32f4x7_eth.o(.bss)
    RX_Frame_Descriptor                      0x20007494   Data          12  stm32f4x7_eth.o(.bss)
    __heap_base                              0x2000c5c0   Data           0  startup_stm32f4xx.o(HEAP)
    __heap_limit                             0x2000c7c0   Data           0  startup_stm32f4xx.o(HEAP)
    __initial_sp                             0x2000cbc0   Data           0  startup_stm32f4xx.o(STACK)



==============================================================================

Memory Map of the image

  Image Entry point : 0x08000189

  Load Region LR_IROM1 (Base: 0x08000000, Size: 0x00009ddc, Max: 0x00100000, ABSOLUTE, COMPRESSED[0x00009c60])

    Execution Region ER_IROM1 (Base: 0x08000000, Size: 0x00009c08, Max: 0x00100000, ABSOLUTE)

    Base Addr    Size         Type   Attr      Idx    E Section Name        Object

    0x08000000   0x00000188   Data   RO          143    RESET               startup_stm32f4xx.o
    0x08000188   0x00000000   Code   RO         7413  * .ARM.Collect$$$$00000000  mc_w.l(entry.o)
    0x08000188   0x00000004   Code   RO         7731    .ARM.Collect$$$$00000001  mc_w.l(entry2.o)
    0x0800018c   0x00000004   Code   RO         7734    .ARM.Collect$$$$00000004  mc_w.l(entry5.o)
    0x08000190   0x00000000   Code   RO         7736    .ARM.Collect$$$$00000008  mc_w.l(entry7b.o)
    0x08000190   0x00000000   Code   RO         7738    .ARM.Collect$$$$0000000A  mc_w.l(entry8b.o)
    0x08000190   0x00000008   Code   RO         7739    .ARM.Collect$$$$0000000B  mc_w.l(entry9a.o)
    0x08000198   0x00000000   Code   RO         7741    .ARM.Collect$$$$0000000D  mc_w.l(entry10a.o)
    0x08000198   0x00000000   Code   RO         7743    .ARM.Collect$$$$0000000F  mc_w.l(entry11a.o)
    0x08000198   0x00000004   Code   RO         7732    .ARM.Collect$$$$00002712  mc_w.l(entry2.o)
    0x0800019c   0x00000084   Code   RO         6839    .emb_text           port.o
    0x08000220   0x00000024   Code   RO          144    .text               startup_stm32f4xx.o
    0x08000244   0x00000024   Code   RO         7416    .text               mc_w.l(memcpya.o)
    0x08000268   0x00000024   Code   RO         7418    .text               mc_w.l(memseta.o)
    0x0800028c   0x00000018   Code   RO         7422    .text               mc_w.l(strncpy.o)
    0x080002a4   0x0000001a   Code   RO         7428    .text               mc_w.l(memcmp.o)
    0x080002be   0x00000062   Code   RO         7748    .text               mc_w.l(uldiv.o)
    0x08000320   0x00000024   Code   RO         7763    .text               mc_w.l(init.o)
    0x08000344   0x0000001e   Code   RO         7765    .text               mc_w.l(llshl.o)
    0x08000362   0x00000020   Code   RO         7767    .text               mc_w.l(llushr.o)
    0x08000382   0x0000005c   Code   RO         7779    .text               mc_w.l(__dczerorl2.o)
    0x080003de   0x00000002   Code   RO          550    i.BusFault_Handler  stm32f4xx_it.o
    0x080003e0   0x00000002   Code   RO          551    i.DebugMon_Handler  stm32f4xx_it.o
    0x080003e2   0x00000004   Code   RO          150    i.Delay             main.o
    0x080003e6   0x00000002   PAD
    0x080003e8   0x00000074   Code   RO          474    i.ETH_BSP_Config    stm32f4x7_eth_bsp.o
    0x0800045c   0x0000000c   Code   RO         5902    i.ETH_DMAClearITPendingBit  stm32f4x7_eth.o
    0x08000468   0x0000001c   Code   RO         5903    i.ETH_DMAITConfig   stm32f4x7_eth.o
    0x08000484   0x00000020   Code   RO         5904    i.ETH_DMAReceptionCmd  stm32f4x7_eth.o
    0x080004a4   0x0000005c   Code   RO         5905    i.ETH_DMARxDescChainInit  stm32f4x7_eth.o
    0x08000500   0x00000016   Code   RO         5906    i.ETH_DMARxDescReceiveITConfig  stm32f4x7_eth.o
    0x08000516   0x00000002   PAD
    0x08000518   0x00000020   Code   RO         5907    i.ETH_DMATransmissionCmd  stm32f4x7_eth.o
    0x08000538   0x00000048   Code   RO         5910    i.ETH_DMATxDescChainInit  stm32f4x7_eth.o
    0x08000580   0x00000008   Code   RO         5911    i.ETH_DMATxDescChecksumInsertionConfig  stm32f4x7_eth.o
    0x08000588   0x00000018   Code   RO         5916    i.ETH_DeInit        stm32f4x7_eth.o
    0x080005a0   0x00000020   Code   RO         5918    i.ETH_FlushTransmitFIFO  stm32f4x7_eth.o
    0x080005c0   0x000000c4   Code   RO          475    i.ETH_GPIO_Config   stm32f4x7_eth_bsp.o
    0x08000684   0x00000014   Code   RO         5924    i.ETH_GetDMAFlagStatus  stm32f4x7_eth.o
    0x08000698   0x00000014   Code   RO         5944    i.ETH_GetSoftwareResetStatus  stm32f4x7_eth.o
    0x080006ac   0x000000a4   Code   RO         5947    i.ETH_Get_Received_Frame_interrupt  stm32f4x7_eth.o
    0x08000750   0x0000003c   Code   RO          552    i.ETH_IRQHandler    stm32f4xx_it.o
    0x0800078c   0x000002ac   Code   RO         5949    i.ETH_Init          stm32f4x7_eth.o
    0x08000a38   0x0000002c   Code   RO         5951    i.ETH_MACAddressConfig  stm32f4x7_eth.o
    0x08000a64   0x00000098   Code   RO          476    i.ETH_MACDMA_Config  stm32f4x7_eth_bsp.o
    0x08000afc   0x00000034   Code   RO         5956    i.ETH_MACReceptionCmd  stm32f4x7_eth.o
    0x08000b30   0x00000034   Code   RO         5957    i.ETH_MACTransmissionCmd  stm32f4x7_eth.o
    0x08000b64   0x0000002a   Code   RO          477    i.ETH_NVIC_Config   stm32f4x7_eth_bsp.o
    0x08000b8e   0x00000002   PAD
    0x08000b90   0x000000b0   Code   RO         5968    i.ETH_Prepare_Transmit_Descriptors  stm32f4x7_eth.o
    0x08000c40   0x00000058   Code   RO         5969    i.ETH_ReadPHYRegister  stm32f4x7_eth.o
    0x08000c98   0x00000010   Code   RO         5977    i.ETH_SoftwareReset  stm32f4x7_eth.o
    0x08000ca8   0x00000022   Code   RO         5978    i.ETH_Start         stm32f4x7_eth.o
    0x08000cca   0x00000022   Code   RO         5979    i.ETH_Stop          stm32f4x7_eth.o
    0x08000cec   0x0000009a   Code   RO         5980    i.ETH_StructInit    stm32f4x7_eth.o
    0x08000d86   0x00000002   PAD
    0x08000d88   0x00000058   Code   RO         5982    i.ETH_WritePHYRegister  stm32f4x7_eth.o
    0x08000de0   0x00000138   Code   RO          478    i.ETH_link_callback  stm32f4x7_eth_bsp.o
    0x08000f18   0x00000040   Code   RO          553    i.EXTI0_IRQHandler  stm32f4xx_it.o
    0x08000f58   0x00000038   Code   RO          554    i.EXTI15_10_IRQHandler  stm32f4xx_it.o
    0x08000f90   0x0000000c   Code   RO         4048    i.EXTI_ClearITPendingBit  stm32f4xx_exti.o
    0x08000f9c   0x00000020   Code   RO         4052    i.EXTI_GetITStatus  stm32f4xx_exti.o
    0x08000fbc   0x00000074   Code   RO         4053    i.EXTI_Init         stm32f4xx_exti.o
    0x08001030   0x0000006c   Code   RO          479    i.Eth_Link_EXTIConfig  stm32f4x7_eth_bsp.o
    0x0800109c   0x00000048   Code   RO          480    i.Eth_Link_IT_task  stm32f4x7_eth_bsp.o
    0x080010e4   0x0000003c   Code   RO          481    i.Eth_Link_PHYITConfig  stm32f4x7_eth_bsp.o
    0x08001120   0x0000007c   Code   RO         4444    i.GPIO_Init         stm32f4xx_gpio.o
    0x0800119c   0x00000020   Code   RO         4445    i.GPIO_PinAFConfig  stm32f4xx_gpio.o
    0x080011bc   0x0000000e   Code   RO         4448    i.GPIO_ReadInputDataBit  stm32f4xx_gpio.o
    0x080011ca   0x00000002   Code   RO          555    i.HardFault_Handler  stm32f4xx_it.o
    0x080011cc   0x00000044   Code   RO         1116    i.IEC104_TS_poll    iec104_drv.o
    0x08001210   0x00000088   Code   RO         1118    i.IEC104_UVTK_TS_poll  iec104_drv.o
    0x08001298   0x0000005c   Code   RO         1119    i.IEC104_init_task  iec104_drv.o
    0x080012f4   0x00000044   Code   RO         6430    i.InitIEC_RTC       stm324x7i_eval.o
    0x08001338   0x000000e8   Code   RO         6431    i.Init_SPI          stm324x7i_eval.o
    0x08001420   0x00000030   Code   RO         6556    i.LCD_ClearLine     stm324x7i_eval_lcd.o
    0x08001450   0x00000020   Code   RO         6561    i.LCD_DisplayChar   stm324x7i_eval_lcd.o
    0x08001470   0x00000038   Code   RO         6564    i.LCD_DisplayStringLine  stm324x7i_eval_lcd.o
    0x080014a8   0x00000088   Code   RO         6565    i.LCD_DrawChar      stm324x7i_eval_lcd.o
    0x08001530   0x0000000c   Code   RO         6576    i.LCD_GetFont       stm324x7i_eval_lcd.o
    0x0800153c   0x00000026   Code   RO          151    i.LCD_LED_Init      main.o
    0x08001562   0x00000018   Code   RO         6586    i.LCD_SetCursor     stm324x7i_eval_lcd.o
    0x0800157a   0x00000002   PAD
    0x0800157c   0x00000010   Code   RO         6589    i.LCD_SetTextColor  stm324x7i_eval_lcd.o
    0x0800158c   0x00000008   Code   RO         6592    i.LCD_WriteRAM      stm324x7i_eval_lcd.o
    0x08001594   0x0000000a   Code   RO         6593    i.LCD_WriteRAM_Prepare  stm324x7i_eval_lcd.o
    0x0800159e   0x0000000a   Code   RO         6594    i.LCD_WriteReg      stm324x7i_eval_lcd.o
    0x080015a8   0x000000ec   Code   RO          407    i.LwIP_Init         netconf.o
    0x08001694   0x000000c4   Code   RO          152    i.Main_task         main.o
    0x08001758   0x00000002   Code   RO          556    i.MemManage_Handler  stm32f4xx_it.o
    0x0800175a   0x00000002   Code   RO          557    i.NMI_Handler       stm32f4xx_it.o
    0x0800175c   0x00000068   Code   RO         3633    i.NVIC_Init         misc.o
    0x080017c4   0x00000014   Code   RO         3634    i.NVIC_PriorityGroupConfig  misc.o
    0x080017d8   0x0000000c   Code   RO         5649    i.PWR_BackupAccessCmd  stm32f4xx_pwr.o
    0x080017e4   0x0000001c   Code   RO         4541    i.RCC_AHB1PeriphClockCmd  stm32f4xx_rcc.o
    0x08001800   0x0000001c   Code   RO         4543    i.RCC_AHB1PeriphResetCmd  stm32f4xx_rcc.o
    0x0800181c   0x0000001c   Code   RO         4550    i.RCC_APB1PeriphClockCmd  stm32f4xx_rcc.o
    0x08001838   0x0000001c   Code   RO         4553    i.RCC_APB2PeriphClockCmd  stm32f4xx_rcc.o
    0x08001854   0x0000000c   Code   RO         4557    i.RCC_BackupResetCmd  stm32f4xx_rcc.o
    0x08001860   0x000000a0   Code   RO         4562    i.RCC_GetClocksFreq  stm32f4xx_rcc.o
    0x08001900   0x0000000c   Code   RO         4581    i.RCC_RTCCLKCmd     stm32f4xx_rcc.o
    0x0800190c   0x00000030   Code   RO         4582    i.RCC_RTCCLKConfig  stm32f4xx_rcc.o
    0x0800193c   0x00000012   Code   RO         5298    i.RTC_Bcd2ToByte    stm32f4xx_rtc.o
    0x0800194e   0x00000018   Code   RO         5300    i.RTC_ByteToBcd2    stm32f4xx_rtc.o
    0x08001966   0x00000002   PAD
    0x08001968   0x00000044   Code   RO         5310    i.RTC_EnterInitMode  stm32f4xx_rtc.o
    0x080019ac   0x00000010   Code   RO         5311    i.RTC_ExitInitMode  stm32f4xx_rtc.o
    0x080019bc   0x00000048   Code   RO         5314    i.RTC_GetDate       stm32f4xx_rtc.o
    0x08001a04   0x00000010   Code   RO         5318    i.RTC_GetSubSecond  stm32f4xx_rtc.o
    0x08001a14   0x0000004c   Code   RO         5319    i.RTC_GetTime       stm32f4xx_rtc.o
    0x08001a60   0x00000050   Code   RO         5324    i.RTC_Init          stm32f4xx_rtc.o
    0x08001ab0   0x000000a4   Code   RO         5330    i.RTC_SetDate       stm32f4xx_rtc.o
    0x08001b54   0x000000a8   Code   RO         5331    i.RTC_SetTime       stm32f4xx_rtc.o
    0x08001bfc   0x0000004c   Code   RO         5347    i.RTC_WaitForSynchro  stm32f4xx_rtc.o
    0x08001c48   0x00000044   Code   RO          558    i.SPI3_IRQHandler   stm32f4xx_it.o
    0x08001c8c   0x00000018   Code   RO         5741    i.SPI_Cmd           stm32f4xx_spi.o
    0x08001ca4   0x0000002c   Code   RO         5750    i.SPI_I2S_GetITStatus  stm32f4xx_spi.o
    0x08001cd0   0x0000001c   Code   RO         5751    i.SPI_I2S_ITConfig  stm32f4xx_spi.o
    0x08001cec   0x00000004   Code   RO         5752    i.SPI_I2S_ReceiveData  stm32f4xx_spi.o
    0x08001cf0   0x00000038   Code   RO         5754    i.SPI_Init          stm32f4xx_spi.o
    0x08001d28   0x00000048   Code   RO         6438    i.STM_EVAL_LEDInit  stm324x7i_eval.o
    0x08001d70   0x00000018   Code   RO         6440    i.STM_EVAL_LEDOn    stm324x7i_eval.o
    0x08001d88   0x0000001c   Code   RO         6441    i.STM_EVAL_LEDToggle  stm324x7i_eval.o
    0x08001da4   0x00000018   Code   RO         6442    i.STM_EVAL_PBGetState  stm324x7i_eval.o
    0x08001dbc   0x000000a8   Code   RO         6443    i.STM_EVAL_PBInit   stm324x7i_eval.o
    0x08001e64   0x0000000c   Code   RO         5023    i.SYSCFG_ETH_MediaInterfaceConfig  stm32f4xx_syscfg.o
    0x08001e70   0x00000028   Code   RO         5024    i.SYSCFG_EXTILineConfig  stm32f4xx_syscfg.o
    0x08001e98   0x000000d4   Code   RO            3    i.SetSysClock       system_stm32f4xx.o
    0x08001f6c   0x00000004   Code   RO          559    i.SysTick_Handler   stm32f4xx_it.o
    0x08001f70   0x0000005c   Code   RO            5    i.SystemInit        system_stm32f4xx.o
    0x08001fcc   0x00000012   Code   RO          153    i.ToggleLed4        main.o
    0x08001fde   0x00000002   PAD
    0x08001fe0   0x0000004c   Code   RO         1072    i.UVTK_init_task    uvtkdrv.o
    0x0800202c   0x00000002   Code   RO          560    i.UsageFault_Handler  stm32f4xx_it.o
    0x0800202e   0x00000002   PAD
    0x08002030   0x00000020   Code   RO         7641    i.__0printf$8       mc_w.l(printf8.o)
    0x08002050   0x0000000e   Code   RO         7773    i.__scatterload_copy  mc_w.l(handlers.o)
    0x0800205e   0x00000002   Code   RO         7774    i.__scatterload_null  mc_w.l(handlers.o)
    0x08002060   0x0000000e   Code   RO         7775    i.__scatterload_zeroinit  mc_w.l(handlers.o)
    0x0800206e   0x00000002   PAD
    0x08002070   0x00000408   Code   RO         7648    i._printf_core      mc_w.l(printf8.o)
    0x08002478   0x00000026   Code   RO         7649    i._printf_post_padding  mc_w.l(printf8.o)
    0x0800249e   0x00000030   Code   RO         7650    i._printf_pre_padding  mc_w.l(printf8.o)
    0x080024ce   0x00000002   PAD
    0x080024d0   0x0000001c   Code   RO         3146    i.arp_timer         ethernetif.o
    0x080024ec   0x0000001c   Code   RO         3323    i.arp_timer         timers.o
    0x08002508   0x00000036   Code   RO         1027    i.createFifoToHeap  fifo_buffer.o
    0x0800253e   0x0000001e   Code   RO         1701    i.dhcp_arp_reply    dhcp.o
    0x0800255c   0x000000c6   Code   RO         1702    i.dhcp_bind         dhcp.o
    0x08002622   0x00000026   Code   RO         1703    i.dhcp_check        dhcp.o
    0x08002648   0x00000040   Code   RO         1705    i.dhcp_coarse_tmr   dhcp.o
    0x08002688   0x00000120   Code   RO         1706    i.dhcp_create_msg   dhcp.o
    0x080027a8   0x0000006c   Code   RO         1707    i.dhcp_decline      dhcp.o
    0x08002814   0x00000018   Code   RO         1708    i.dhcp_delete_msg   dhcp.o
    0x0800282c   0x000000bc   Code   RO         1709    i.dhcp_discover     dhcp.o
    0x080028e8   0x00000034   Code   RO         1710    i.dhcp_fine_tmr     dhcp.o
    0x0800291c   0x00000046   Code   RO         1715    i.dhcp_network_changed  dhcp.o
    0x08002962   0x0000001c   Code   RO         1716    i.dhcp_option       dhcp.o
    0x0800297e   0x0000000e   Code   RO         1717    i.dhcp_option_byte  dhcp.o
    0x0800298c   0x0000003e   Code   RO         1718    i.dhcp_option_long  dhcp.o
    0x080029ca   0x0000001e   Code   RO         1719    i.dhcp_option_short  dhcp.o
    0x080029e8   0x00000030   Code   RO         1720    i.dhcp_option_trailer  dhcp.o
    0x08002a18   0x00000084   Code   RO         1722    i.dhcp_rebind       dhcp.o
    0x08002a9c   0x000000a0   Code   RO         1723    i.dhcp_reboot       dhcp.o
    0x08002b3c   0x000000a4   Code   RO         1725    i.dhcp_release      dhcp.o
    0x08002be0   0x00000082   Code   RO         1726    i.dhcp_renew        dhcp.o
    0x08002c62   0x00000002   PAD
    0x08002c64   0x000000ec   Code   RO         1727    i.dhcp_select       dhcp.o
    0x08002d50   0x00000010   Code   RO         1728    i.dhcp_set_state    dhcp.o
    0x08002d60   0x00000016   Code   RO         1732    i.dhcp_t1_timeout   dhcp.o
    0x08002d76   0x00000016   Code   RO         1733    i.dhcp_t2_timeout   dhcp.o
    0x08002d8c   0x000000ae   Code   RO         1734    i.dhcp_timeout      dhcp.o
    0x08002e3a   0x00000002   PAD
    0x08002e3c   0x0000001c   Code   RO         3324    i.dhcp_timer_coarse  timers.o
    0x08002e58   0x0000001c   Code   RO         3325    i.dhcp_timer_fine   timers.o
    0x08002e74   0x000000f6   Code   RO         3049    i.etharp_arp_input  etharp.o
    0x08002f6a   0x00000002   PAD
    0x08002f6c   0x00000030   Code   RO         3050    i.etharp_cleanup_netif  etharp.o
    0x08002f9c   0x000000f8   Code   RO         3052    i.etharp_find_entry  etharp.o
    0x08003094   0x0000003c   Code   RO         3053    i.etharp_free_entry  etharp.o
    0x080030d0   0x00000108   Code   RO         3054    i.etharp_output     etharp.o
    0x080031d8   0x00000044   Code   RO         3055    i.etharp_output_to_arp_index  etharp.o
    0x0800321c   0x00000104   Code   RO         3056    i.etharp_query      etharp.o
    0x08003320   0x000000a4   Code   RO         3057    i.etharp_raw        etharp.o
    0x080033c4   0x00000024   Code   RO         3058    i.etharp_request    etharp.o
    0x080033e8   0x00000020   Code   RO         3059    i.etharp_send_ip    etharp.o
    0x08003408   0x00000044   Code   RO         3060    i.etharp_tmr        etharp.o
    0x0800344c   0x00000080   Code   RO         3061    i.etharp_update_arp_entry  etharp.o
    0x080034cc   0x00000094   Code   RO         3062    i.ethernet_input    etharp.o
    0x08003560   0x00000038   Code   RO         3147    i.ethernetif_init   ethernetif.o
    0x08003598   0x00000044   Code   RO         3148    i.ethernetif_input  ethernetif.o
    0x080035dc   0x00000010   Code   RO         1029    i.fifoIsEmpty       fifo_buffer.o
    0x080035ec   0x0000001c   Code   RO         1030    i.fifoIsFull        fifo_buffer.o
    0x08003608   0x0000003a   Code   RO         1031    i.fifoPopElem       fifo_buffer.o
    0x08003642   0x0000003e   Code   RO         1032    i.fifoPushElem      fifo_buffer.o
    0x08003680   0x0000001c   Code   RO          154    i.fputc             main.o
    0x0800369c   0x00000016   Code   RO          845    i.frame_type        iec104_server.o
    0x080036b2   0x00000002   PAD
    0x080036b4   0x00000050   Code   RO         7695    i.free              mc_w.l(malloc.o)
    0x08003704   0x000000ec   Code   RO          846    i.generatIECansw    iec104_server.o
    0x080037f0   0x00000074   Code   RO          973    i.get_iec_time      libiecasdu.o
    0x08003864   0x00000008   Code   RO         2852    i.icmp_dest_unreach  icmp.o
    0x0800386c   0x00000120   Code   RO         2853    i.icmp_input        icmp.o
    0x0800398c   0x00000066   Code   RO         2854    i.icmp_send_response  icmp.o
    0x080039f2   0x00000002   PAD
    0x080039f4   0x0000005c   Code   RO          911    i.iecsock_server_accept  iecsock_server.o
    0x08003a50   0x00000054   Code   RO          912    i.iecsock_server_connection_close  iecsock_server.o
    0x08003aa4   0x0000000a   Code   RO          913    i.iecsock_server_error  iecsock_server.o
    0x08003aae   0x00000002   PAD
    0x08003ab0   0x00000080   Code   RO          914    i.iecsock_server_init  iecsock_server.o
    0x08003b30   0x00000044   Code   RO          915    i.iecsock_server_poll  iecsock_server.o
    0x08003b74   0x000000c4   Code   RO          916    i.iecsock_server_recv  iecsock_server.o
    0x08003c38   0x00000058   Code   RO          917    i.iecsock_server_send  iecsock_server.o
    0x08003c90   0x00000022   Code   RO          918    i.iecsock_server_sent  iecsock_server.o
    0x08003cb2   0x0000000c   Code   RO         2902    i.inet_chksum       inet_chksum.o
    0x08003cbe   0x00000048   Code   RO         2903    i.inet_chksum_pbuf  inet_chksum.o
    0x08003d06   0x00000002   PAD
    0x08003d08   0x00000014   Code   RO          847    i.init_IEC104_server  iec104_server.o
    0x08003d1c   0x0000003e   Code   RO         2981    i.ip4_addr_isbroadcast  ip_addr.o
    0x08003d5a   0x00000002   PAD
    0x08003d5c   0x00000194   Code   RO         2941    i.ip_input          ip.o
    0x08003ef0   0x00000034   Code   RO         2942    i.ip_output         ip.o
    0x08003f24   0x00000094   Code   RO         2943    i.ip_output_if      ip.o
    0x08003fb8   0x00000040   Code   RO         2944    i.ip_route          ip.o
    0x08003ff8   0x000000e0   Code   RO         3149    i.low_level_init    ethernetif.o
    0x080040d8   0x00000088   Code   RO         3150    i.low_level_input   ethernetif.o
    0x08004160   0x000000dc   Code   RO         3151    i.low_level_output  ethernetif.o
    0x0800423c   0x00000018   Code   RO         3409    i.lwip_htonl        def.o
    0x08004254   0x0000000a   Code   RO         3410    i.lwip_htons        def.o
    0x0800425e   0x00000022   Code   RO         1909    i.lwip_init         init.o
    0x08004280   0x00000004   Code   RO         3411    i.lwip_ntohl        def.o
    0x08004284   0x00000004   Code   RO         3412    i.lwip_ntohs        def.o
    0x08004288   0x00000056   Code   RO         2906    i.lwip_standard_chksum  inet_chksum.o
    0x080042de   0x00000002   PAD
    0x080042e0   0x00000034   Code   RO          155    i.main              main.o
    0x08004314   0x0000006c   Code   RO         7696    i.malloc            mc_w.l(malloc.o)
    0x08004380   0x00000048   Code   RO         1951    i.mem_free          mem.o
    0x080043c8   0x0000003c   Code   RO         1952    i.mem_init          mem.o
    0x08004404   0x000000d0   Code   RO         1953    i.mem_malloc        mem.o
    0x080044d4   0x000000ec   Code   RO         1954    i.mem_trim          mem.o
    0x080045c0   0x00000018   Code   RO         1999    i.memp_free         memp.o
    0x080045d8   0x00000058   Code   RO         2000    i.memp_init         memp.o
    0x08004630   0x00000020   Code   RO         2001    i.memp_malloc       memp.o
    0x08004650   0x0000004c   Code   RO         2047    i.netif_add         netif.o
    0x0800469c   0x00000002   Code   RO         2049    i.netif_init        netif.o
    0x0800469e   0x00000022   Code   RO         2051    i.netif_set_addr    netif.o
    0x080046c0   0x0000000c   Code   RO         2052    i.netif_set_default  netif.o
    0x080046cc   0x0000001a   Code   RO         2053    i.netif_set_down    netif.o
    0x080046e6   0x0000000e   Code   RO         2054    i.netif_set_gw      netif.o
    0x080046f4   0x0000006c   Code   RO         2055    i.netif_set_ipaddr  netif.o
    0x08004760   0x00000008   Code   RO         2056    i.netif_set_link_callback  netif.o
    0x08004768   0x0000001c   Code   RO         2057    i.netif_set_link_down  netif.o
    0x08004784   0x00000044   Code   RO         2058    i.netif_set_link_up  netif.o
    0x080047c8   0x0000000e   Code   RO         2059    i.netif_set_netmask  netif.o
    0x080047d6   0x00000020   Code   RO         2060    i.netif_set_up      netif.o
    0x080047f6   0x00000002   PAD
    0x080047f8   0x000000c8   Code   RO          974    i.parse_iframe      libiecasdu.o
    0x080048c0   0x00000128   Code   RO         2151    i.pbuf_alloc        pbuf.o
    0x080049e8   0x00000028   Code   RO         2152    i.pbuf_cat          pbuf.o
    0x08004a10   0x00000014   Code   RO         2153    i.pbuf_chain        pbuf.o
    0x08004a24   0x00000012   Code   RO         2154    i.pbuf_clen         pbuf.o
    0x08004a36   0x000000a0   Code   RO         2156    i.pbuf_copy         pbuf.o
    0x08004ad6   0x0000006c   Code   RO         2157    i.pbuf_copy_partial  pbuf.o
    0x08004b42   0x00000052   Code   RO         2159    i.pbuf_free         pbuf.o
    0x08004b94   0x00000068   Code   RO         2161    i.pbuf_header       pbuf.o
    0x08004bfc   0x0000004e   Code   RO         2164    i.pbuf_realloc      pbuf.o
    0x08004c4a   0x0000000c   Code   RO         2165    i.pbuf_ref          pbuf.o
    0x08004c56   0x00000056   Code   RO         2167    i.pbuf_take         pbuf.o
    0x08004cac   0x00000054   Code   RO         1955    i.plug_holes        mem.o
    0x08004d00   0x00000220   Code   RO          975    i.prepare_data_iframe  libiecasdu.o
    0x08004f20   0x00000090   Code   RO          848    i.prepare_tcp_iec_buf  iec104_server.o
    0x08004fb0   0x00000080   Code   RO          849    i.prepare_uframe_answ  iec104_server.o
    0x08005030   0x00000038   Code   RO         6948    i.prvAddCurrentTaskToDelayedList  tasks.o
    0x08005068   0x00000038   Code   RO         6949    i.prvAllocateTCBAndStack  tasks.o
    0x080050a0   0x00000054   Code   RO         6950    i.prvCheckTasksWaitingTermination  tasks.o
    0x080050f4   0x00000028   Code   RO         7257    i.prvCopyDataFromQueue  queue.o
    0x0800511c   0x0000005c   Code   RO         7258    i.prvCopyDataToQueue  queue.o
    0x08005178   0x00000014   Code   RO         6951    i.prvDeleteTCB      tasks.o
    0x0800518c   0x00000050   Code   RO         6899    i.prvHeapInit       heap_4.o
    0x080051dc   0x00000018   Code   RO         6952    i.prvIdleTask       tasks.o
    0x080051f4   0x0000003a   Code   RO         6953    i.prvInitialiseTCBVariables  tasks.o
    0x0800522e   0x00000002   PAD
    0x08005230   0x00000050   Code   RO         6954    i.prvInitialiseTaskLists  tasks.o
    0x08005280   0x00000054   Code   RO         6900    i.prvInsertBlockIntoFreeList  heap_4.o
    0x080052d4   0x0000001a   Code   RO         7259    i.prvIsQueueEmpty   queue.o
    0x080052ee   0x0000001e   Code   RO         7260    i.prvIsQueueFull    queue.o
    0x0800530c   0x00000064   Code   RO         7261    i.prvUnlockQueue    queue.o
    0x08005370   0x00000084   Code   RO         6901    i.pvPortMalloc      heap_4.o
    0x080053f4   0x00000018   Code   RO         6840    i.pxPortInitialiseStack  port.o
    0x0800540c   0x00000074   Code   RO         2268    i.raw_input         raw.o
    0x08005480   0x0000005e   Code   RO          977    i.set_iec_time      libiecasdu.o
    0x080054de   0x00000054   Code   RO         3197    i.sys_arch_mbox_fetch  sys_arch.o
    0x08005532   0x0000004a   Code   RO         3200    i.sys_arch_sem_wait  sys_arch.o
    0x0800557c   0x0000000c   Code   RO         3203    i.sys_init          sys_arch.o
    0x08005588   0x0000001c   Code   RO         3205    i.sys_mbox_new      sys_arch.o
    0x080055a4   0x0000001c   Code   RO         3208    i.sys_mbox_trypost  sys_arch.o
    0x080055c0   0x0000000e   Code   RO         3209    i.sys_mbox_valid    sys_arch.o
    0x080055ce   0x0000003a   Code   RO         3211    i.sys_sem_new       sys_arch.o
    0x08005608   0x0000000c   Code   RO         3213    i.sys_sem_signal    sys_arch.o
    0x08005614   0x00000044   Code   RO         3215    i.sys_thread_new    sys_arch.o
    0x08005658   0x00000068   Code   RO         3326    i.sys_timeout       timers.o
    0x080056c0   0x00000038   Code   RO         3327    i.sys_timeouts_init  timers.o
    0x080056f8   0x00000068   Code   RO         3328    i.sys_timeouts_mbox_fetch  timers.o
    0x08005760   0x0000004c   Code   RO         3329    i.sys_untimeout     timers.o
    0x080057ac   0x0000008c   Code   RO         2352    i.tcp_abandon       tcp.o
    0x08005838   0x00000006   Code   RO         2353    i.tcp_abort         tcp.o
    0x0800583e   0x00000004   Code   RO         2354    i.tcp_accept        tcp.o
    0x08005842   0x00000006   Code   RO         2355    i.tcp_accept_null   tcp.o
    0x08005848   0x000000a4   Code   RO         2356    i.tcp_alloc         tcp.o
    0x080058ec   0x00000004   Code   RO         2357    i.tcp_arg           tcp.o
    0x080058f0   0x0000008c   Code   RO         2358    i.tcp_bind          tcp.o
    0x0800597c   0x00000014   Code   RO         2359    i.tcp_close         tcp.o
    0x08005990   0x0000015c   Code   RO         2360    i.tcp_close_shutdown  tcp.o
    0x08005aec   0x000000a2   Code   RO         2643    i.tcp_create_segment  tcp_out.o
    0x08005b8e   0x00000020   Code   RO         2363    i.tcp_eff_send_mss  tcp.o
    0x08005bae   0x000000cc   Code   RO         2644    i.tcp_enqueue_flags  tcp_out.o
    0x08005c7a   0x00000006   Code   RO         2364    i.tcp_err           tcp.o
    0x08005c80   0x00000058   Code   RO         2365    i.tcp_fasttmr       tcp.o
    0x08005cd8   0x00000002   Code   RO         2366    i.tcp_init          tcp.o
    0x08005cda   0x00000002   PAD
    0x08005cdc   0x0000034c   Code   RO         2588    i.tcp_input         tcp_in.o
    0x08006028   0x0000003e   Code   RO         2645    i.tcp_keepalive     tcp_out.o
    0x08006066   0x00000002   PAD
    0x08006068   0x00000044   Code   RO         2367    i.tcp_kill_prio     tcp.o
    0x080060ac   0x00000034   Code   RO         2368    i.tcp_kill_timewait  tcp.o
    0x080060e0   0x000000f0   Code   RO         2589    i.tcp_listen_input  tcp_in.o
    0x080061d0   0x00000098   Code   RO         2369    i.tcp_listen_with_backlog  tcp.o
    0x08006268   0x00000006   Code   RO         2370    i.tcp_new           tcp.o
    0x0800626e   0x00000002   PAD
    0x08006270   0x00000058   Code   RO         2371    i.tcp_new_port      tcp.o
    0x080062c8   0x00000010   Code   RO         2372    i.tcp_next_iss      tcp.o
    0x080062d8   0x00000188   Code   RO         2646    i.tcp_output        tcp_out.o
    0x08006460   0x0000006a   Code   RO         2647    i.tcp_output_alloc_header  tcp_out.o
    0x080064ca   0x00000002   PAD
    0x080064cc   0x000000b0   Code   RO         2648    i.tcp_output_segment  tcp_out.o
    0x0800657c   0x00000088   Code   RO         2590    i.tcp_parseopt      tcp_in.o
    0x08006604   0x00000052   Code   RO         2649    i.tcp_pbuf_prealloc  tcp_out.o
    0x08006656   0x0000003a   Code   RO         2373    i.tcp_pcb_purge     tcp.o
    0x08006690   0x0000005c   Code   RO         2374    i.tcp_pcb_remove    tcp.o
    0x080066ec   0x0000000a   Code   RO         2375    i.tcp_poll          tcp.o
    0x080066f6   0x00000002   PAD
    0x080066f8   0x000003d4   Code   RO         2591    i.tcp_process       tcp_in.o
    0x08006acc   0x0000006a   Code   RO         2376    i.tcp_process_refused_data  tcp.o
    0x08006b36   0x00000002   PAD
    0x08006b38   0x0000043c   Code   RO         2592    i.tcp_receive       tcp_in.o
    0x08006f74   0x00000004   Code   RO         2377    i.tcp_recv          tcp.o
    0x08006f78   0x00000026   Code   RO         2378    i.tcp_recv_null     tcp.o
    0x08006f9e   0x00000038   Code   RO         2379    i.tcp_recved        tcp.o
    0x08006fd6   0x00000050   Code   RO         2650    i.tcp_rexmit        tcp_out.o
    0x08007026   0x0000005e   Code   RO         2651    i.tcp_rexmit_fast   tcp_out.o
    0x08007084   0x0000002e   Code   RO         2652    i.tcp_rexmit_rto    tcp_out.o
    0x080070b2   0x00000078   Code   RO         2653    i.tcp_rst           tcp_out.o
    0x0800712a   0x0000001e   Code   RO         2380    i.tcp_seg_free      tcp.o
    0x08007148   0x00000012   Code   RO         2381    i.tcp_segs_free     tcp.o
    0x0800715a   0x00000048   Code   RO         2654    i.tcp_send_empty_ack  tcp_out.o
    0x080071a2   0x00000048   Code   RO         2655    i.tcp_send_fin      tcp_out.o
    0x080071ea   0x00000004   Code   RO         2382    i.tcp_sent          tcp.o
    0x080071ee   0x00000004   Code   RO         2383    i.tcp_setprio       tcp.o
    0x080071f2   0x00000002   PAD
    0x080071f4   0x00000270   Code   RO         2385    i.tcp_slowtmr       tcp.o
    0x08007464   0x00000034   Code   RO         3330    i.tcp_timer_needed  timers.o
    0x08007498   0x00000074   Code   RO         2593    i.tcp_timewait_input  tcp_in.o
    0x0800750c   0x00000020   Code   RO         2386    i.tcp_tmr           tcp.o
    0x0800752c   0x00000036   Code   RO         2387    i.tcp_update_rcv_ann_wnd  tcp.o
    0x08007562   0x000002ca   Code   RO         2656    i.tcp_write         tcp_out.o
    0x0800782c   0x0000004e   Code   RO         2657    i.tcp_write_checks  tcp_out.o
    0x0800787a   0x0000009a   Code   RO         2658    i.tcp_zero_window_probe  tcp_out.o
    0x08007914   0x0000003c   Code   RO         1601    i.tcpip_init        tcpip.o
    0x08007950   0x00000050   Code   RO         1602    i.tcpip_input       tcpip.o
    0x080079a0   0x00000038   Code   RO         3331    i.tcpip_tcp_timer   timers.o
    0x080079d8   0x000000a4   Code   RO         1603    i.tcpip_thread      tcpip.o
    0x08007a7c   0x00000070   Code   RO         2744    i.udp_bind          udp.o
    0x08007aec   0x00000002   Code   RO         2747    i.udp_init          udp.o
    0x08007aee   0x00000002   PAD
    0x08007af0   0x00000194   Code   RO         2748    i.udp_input         udp.o
    0x08007c84   0x00000048   Code   RO         2750    i.udp_new_port      udp.o
    0x08007ccc   0x000000ba   Code   RO         2755    i.udp_sendto_if     udp.o
    0x08007d86   0x00000030   Code   RO          850    i.uframe_func       iec104_server.o
    0x08007db6   0x00000026   Code   RO         7221    i.uxListRemove      list.o
    0x08007ddc   0x00000002   Code   RO          156    i.vApplicationStackOverflowHook  main.o
    0x08007dde   0x00000002   PAD
    0x08007de0   0x00000054   Code   RO          157    i.vButtonKeyHandler  main.o
    0x08007e34   0x00000016   Code   RO         7222    i.vListInitialise   list.o
    0x08007e4a   0x00000006   Code   RO         7223    i.vListInitialiseItem  list.o
    0x08007e50   0x00000030   Code   RO         7224    i.vListInsert       list.o
    0x08007e80   0x0000001c   Code   RO         7225    i.vListInsertEnd    list.o
    0x08007e9c   0x00000014   Code   RO         6842    i.vPortEnterCritical  port.o
    0x08007eb0   0x00000018   Code   RO         6843    i.vPortExitCritical  port.o
    0x08007ec8   0x0000002c   Code   RO         6902    i.vPortFree         heap_4.o
    0x08007ef4   0x00000020   Code   RO         6844    i.vPortSetupTimerInterrupt  port.o
    0x08007f14   0x00000010   Code   RO         6845    i.vPortYieldFromISR  port.o
    0x08007f24   0x00000038   Code   RO         6960    i.vTaskDelay        tasks.o
    0x08007f5c   0x00000060   Code   RO         6961    i.vTaskDelete       tasks.o
    0x08007fbc   0x000000a8   Code   RO         6963    i.vTaskIncrementTick  tasks.o
    0x08008064   0x0000000c   Code   RO         6965    i.vTaskMissedYield  tasks.o
    0x08008070   0x00000030   Code   RO         6966    i.vTaskPlaceOnEventList  tasks.o
    0x080080a0   0x0000004c   Code   RO         6967    i.vTaskPriorityDisinherit  tasks.o
    0x080080ec   0x00000068   Code   RO         6968    i.vTaskPriorityInherit  tasks.o
    0x08008154   0x0000001c   Code   RO         6971    i.vTaskSetTimeOutState  tasks.o
    0x08008170   0x0000004c   Code   RO         6972    i.vTaskStartScheduler  tasks.o
    0x080081bc   0x00000010   Code   RO         6973    i.vTaskSuspendAll   tasks.o
    0x080081cc   0x00000074   Code   RO         6974    i.vTaskSwitchContext  tasks.o
    0x08008240   0x0000000c   Code   RO         6904    i.xPortGetFreeHeapSize  heap_4.o
    0x0800824c   0x00000030   Code   RO         6846    i.xPortStartScheduler  port.o
    0x0800827c   0x00000020   Code   RO         6847    i.xPortSysTickHandler  port.o
    0x0800829c   0x00000052   Code   RO         7271    i.xQueueCreateMutex  queue.o
    0x080082ee   0x00000050   Code   RO         7272    i.xQueueGenericCreate  queue.o
    0x0800833e   0x00000120   Code   RO         7273    i.xQueueGenericReceive  queue.o
    0x0800845e   0x00000062   Code   RO         7274    i.xQueueGenericReset  queue.o
    0x080084c0   0x000000e0   Code   RO         7275    i.xQueueGenericSend  queue.o
    0x080085a0   0x00000076   Code   RO         7276    i.xQueueGenericSendFromISR  queue.o
    0x08008616   0x00000002   PAD
    0x08008618   0x00000060   Code   RO         6975    i.xTaskCheckForTimeOut  tasks.o
    0x08008678   0x00000104   Code   RO         6976    i.xTaskGenericCreate  tasks.o
    0x0800877c   0x0000000c   Code   RO         6977    i.xTaskGetCurrentTaskHandle  tasks.o
    0x08008788   0x00000018   Code   RO         6978    i.xTaskGetTickCount  tasks.o
    0x080087a0   0x00000068   Code   RO         6980    i.xTaskRemoveFromEventList  tasks.o
    0x08008808   0x000000b4   Code   RO         6981    i.xTaskResumeAll    tasks.o
    0x080088bc   0x00000030   Data   RO         2003    .constdata          memp.o
    0x080088ec   0x00000054   Data   RO         2388    .constdata          tcp.o
    0x08008940   0x00000004   Data   RO         2988    .constdata          ip_addr.o
    0x08008944   0x00000004   Data   RO         2989    .constdata          ip_addr.o
    0x08008948   0x0000000c   Data   RO         3064    .constdata          etharp.o
    0x08008954   0x0000005c   Data   RO         6448    .constdata          stm324x7i_eval.o
    0x080089b0   0x000011d0   Data   RO         6597    .constdata          stm324x7i_eval_lcd.o
    0x08009b80   0x00000068   Data   RO         2389    .conststring        tcp.o
    0x08009be8   0x00000020   Data   RO         7771    Region$$Table       anon$$obj.o


    Execution Region RW_IRAM1 (Base: 0x20000000, Size: 0x0000cbc0, Max: 0x00020000, ABSOLUTE, COMPRESSED[0x00000058])

    Base Addr    Size         Type   Attr      Idx    E Section Name        Object

    0x20000000   0x00000014   Data   RW            6    .data               system_stm32f4xx.o
    0x20000014   0x00000004   Data   RW          158    .data               main.o
    0x20000018   0x0000000c   Data   RW          483    .data               stm32f4x7_eth_bsp.o
    0x20000024   0x00000004   Data   RW          851    .data               iec104_server.o
    0x20000028   0x00000004   Data   RW          919    .data               iecsock_server.o
    0x2000002c   0x0000002c   Data   RW          980    .data               libiecasdu.o
    0x20000058   0x00000004   Data   RW          982    .data               libiecasdu.o
    0x2000005c   0x0000001c   Data   RW         1079    .data               uvtkdrv.o
    0x20000078   0x0000000c   Data   RW         1607    .data               tcpip.o
    0x20000084   0x00000004   Data   RW         1736    .data               dhcp.o
    0x20000088   0x00000010   Data   RW         1957    .data               mem.o
    0x20000098   0x0000000c   Data   RW         2061    .data               netif.o
    0x200000a4   0x00000004   Data   RW         2274    .data               raw.o
    0x200000a8   0x00000024   Data   RW         2390    .data               tcp.o
    0x200000cc   0x0000001c   Data   RW         2595    .data               tcp_in.o
    0x200000e8   0x00000008   Data   RW         2756    .data               udp.o
    0x200000f0   0x00000014   Data   RW         2945    .data               ip.o
    0x20000104   0x00000001   Data   RW         3065    .data               etharp.o
    0x20000105   0x00000003   PAD
    0x20000108   0x0000000c   Data   RW         3152    .data               ethernetif.o
    0x20000114   0x00000002   Data   RW         3216    .data               sys_arch.o
    0x20000116   0x00000002   PAD
    0x20000118   0x00000008   Data   RW         3332    .data               timers.o
    0x20000120   0x00000010   Data   RW         4586    .data               stm32f4xx_rcc.o
    0x20000130   0x0000000c   Data   RW         5988    .data               stm32f4x7_eth.o
    0x2000013c   0x0000002c   Data   RW         6449    .data               stm324x7i_eval.o
    0x20000168   0x00000010   Data   RW         6601    .data               stm324x7i_eval_lcd.o
    0x20000178   0x00000004   Data   RW         6848    .data               port.o
    0x2000017c   0x00000010   Data   RW         6906    .data               heap_4.o
    0x2000018c   0x0000003c   Data   RW         6983    .data               tasks.o
    0x200001c8   0x00000004   Data   RW         7745    .data               mc_w.l(stdout.o)
    0x200001cc   0x00000004   Data   RW         7750    .data               mc_w.l(mvars.o)
    0x200001d0   0x00000004   Data   RW         7751    .data               mc_w.l(mvars.o)
    0x200001d4   0x00000038   Zero   RW          408    .bss                netconf.o
    0x2000020c   0x000000bc   Zero   RW          482    .bss                stm32f4x7_eth_bsp.o
    0x200002c8   0x0000000a   Zero   RW          978    .bss                libiecasdu.o
    0x200002d2   0x00000009   Zero   RW          979    .bss                libiecasdu.o
    0x200002db   0x00000140   Zero   RW         1120    .bss                iec104_drv.o
    0x2000041b   0x00001414   Zero   RW         1956    .bss                mem.o
    0x2000182f   0x00000001   PAD
    0x20001830   0x00002ae7   Zero   RW         2002    .bss                memp.o
    0x20004317   0x00000001   PAD
    0x20004318   0x00000014   Zero   RW         2594    .bss                tcp_in.o
    0x2000432c   0x000000c8   Zero   RW         3063    .bss                etharp.o
    0x200043f4   0x00000080   Zero   RW         5983    .bss                stm32f4x7_eth.o
    0x20004474   0x00000080   Zero   RW         5984    .bss                stm32f4x7_eth.o
    0x200044f4   0x000017d0   Zero   RW         5985    .bss                stm32f4x7_eth.o
    0x20005cc4   0x000017d0   Zero   RW         5986    .bss                stm32f4x7_eth.o
    0x20007494   0x0000000c   Zero   RW         5987    .bss                stm32f4x7_eth.o
    0x200074a0   0x00005000   Zero   RW         6905    .bss                heap_4.o
    0x2000c4a0   0x00000120   Zero   RW         6982    .bss                tasks.o
    0x2000c5c0   0x00000200   Zero   RW          142    HEAP                startup_stm32f4xx.o
    0x2000c7c0   0x00000400   Zero   RW          141    STACK               startup_stm32f4xx.o


==============================================================================

Image component sizes


      Code (inc. data)   RO Data    RW Data    ZI Data      Debug   Object Name

        42          0          0          0          0       2364   def.o
      2298         50          0          4          0      18882   dhcp.o
      1770         68         12          1        200      15376   etharp.o
       732         74          0         12          0       6690   ethernetif.o
       218          0          0          0          0       3723   fifo_buffer.o
       352         36          0         16      20480       6450   heap_4.o
         0          0          0          0          0       4772   httpserver-netconn.o
       398         10          0          0          0       3617   icmp.o
       296         64          0          0        320       2973   iec104_drv.o
       598         52          0          4          0      10839   iec104_server.o
       700         88          0          4          0       6699   iecsock_server.o
       170          0          0          0          0       3245   inet_chksum.o
        34          0          0          0          0      10493   init.o
       668         20          0         20          0       8205   ip.o
        62          0          8          0          0       7794   ip_addr.o
       954         52          0         48         19       4255   libiecasdu.o
       142          0          0          0          0       3834   list.o
       422         88          0          4          0      70966   main.o
       660         32          0         16       5140       6013   mem.o
       144         20         48          0      10983       3854   memp.o
       124         20          0          0          0       2003   misc.o
       236         76          0          0         56       7091   netconf.o
       422         22          0         12          0      11099   netif.o
      1004          0          0          0          0       9757   pbuf.o
       328         48          0          4          0       5532   port.o
      1178          0          0          0          0      11585   queue.o
       116         14          0          4          0       1920   raw.o
        36          8        392          0       1536        808   startup_stm32f4xx.o
       616         64         92         44          0       6946   stm324x7i_eval.o
       352         30       4560         16          0       9319   stm324x7i_eval_lcd.o
      1980        166          0         12      12460      19197   stm32f4x7_eth.o
      1058         84          0         12        188       8413   stm32f4x7_eth_bsp.o
       160         16          0          0          0       2752   stm32f4xx_exti.o
       170          0          0          0          0       2919   stm32f4xx_gpio.o
       264         32          0          0          0       5540   stm32f4xx_it.o
        12          6          0          0          0        610   stm32f4xx_pwr.o
       344         56          0         16          0       7916   stm32f4xx_rcc.o
       778         54          0          0          0       9118   stm32f4xx_rtc.o
       156          0          0          0          0       4496   stm32f4xx_spi.o
        52         12          0          0          0       1406   stm32f4xx_syscfg.o
       378         10          0          2          0       8256   sys_arch.o
       304         40          0         20          0     283553   system_stm32f4xx.o
      1850        162          0         60        288      22283   tasks.o
      2472         98        188         36          0      34988   tcp.o
         0          0          0          0          0       7627   tcp_echoclient.o
      3400        124          0         28         20      17987   tcp_in.o
      2614          8          0          0          0      16855   tcp_out.o
       304         30          0         12          0       9795   tcpip.o
       532         78          0          8          0       7287   timers.o
       776         22          0          8          0      15056   udp.o
        76          6          0         28          0       1748   uvtkdrv.o

    ----------------------------------------------------------------------
     32810       1940       5332        456      51692     754906   Object Totals
         0          0         32          0          0          0   (incl. Generated)
        58          0          0          5          2          0   (incl. Padding)

    ----------------------------------------------------------------------

      Code (inc. data)   RO Data    RW Data    ZI Data      Debug   Library Member Name

        92          0          0          0          0          0   __dczerorl2.o
         0          0          0          0          0          0   entry.o
         0          0          0          0          0          0   entry10a.o
         0          0          0          0          0          0   entry11a.o
         8          4          0          0          0          0   entry2.o
         4          0          0          0          0          0   entry5.o
         0          0          0          0          0          0   entry7b.o
         0          0          0          0          0          0   entry8b.o
         8          4          0          0          0          0   entry9a.o
        30          0          0          0          0          0   handlers.o
        36          8          0          0          0         68   init.o
        30          0          0          0          0         68   llshl.o
        32          0          0          0          0         68   llushr.o
       188         20          0          0          0        160   malloc.o
        26          0          0          0          0         80   memcmp.o
        36          0          0          0          0         68   memcpya.o
        36          0          0          0          0        108   memseta.o
         0          0          0          8          0          0   mvars.o
      1150         54          0          0          0        352   printf8.o
         0          0          0          4          0          0   stdout.o
        24          0          0          0          0         76   strncpy.o
        98          0          0          0          0         92   uldiv.o

    ----------------------------------------------------------------------
      1802         90          0         12          0       1140   Library Totals
         4          0          0          0          0          0   (incl. Padding)

    ----------------------------------------------------------------------

      Code (inc. data)   RO Data    RW Data    ZI Data      Debug   Library Name

      1798         90          0         12          0       1140   mc_w.l

    ----------------------------------------------------------------------
      1802         90          0         12          0       1140   Library Totals

    ----------------------------------------------------------------------

==============================================================================


      Code (inc. data)   RO Data    RW Data    ZI Data      Debug   

     34612       2030       5332        468      51692     720374   Grand Totals
     34612       2030       5332         88      51692     720374   ELF Image Totals (compressed)
     34612       2030       5332         88          0          0   ROM Totals

==============================================================================

    Total RO  Size (Code + RO Data)                39944 (  39.01kB)
    Total RW  Size (RW Data + ZI Data)             52160 (  50.94kB)
    Total ROM Size (Code + RO Data + RW Data)      40032 (  39.09kB)

==============================================================================

