<html>
<body>
<pre>
<h1>µVision Build Log</h1>
<h2>Project:</h2>
C:\Keil_v5\ARM\MyPrj\STM32F4x7_ETH_LwIP_V1.1.0\Project\FreeRTOS\httpserver_netconn\MDK-ARM\Project.uvproj
Project File Date:  01/13/2015

<h2>Output:</h2>
Build target 'STM324xG_EVAL'
compiling main.c...
..\src\main.c(79): warning:  #177-D: variable "name" was declared but never referenced
                signed char* name = pcTaskName;
..\src\main.c: 1 warning, 0 errors
linking...
Program Size: Code=41094 RO-data=5938 RW-data=508 ZI-data=61124  
".\STM324xG_EVAL\STM324xG_EVAL.axf" - 0 Error(s), 1 Warning(s).
Load "C:\\Keil_v5\\ARM\\MyPrj\\STM32F4x7_ETH_LwIP_V1.1.0\\Project\\FreeRTOS\\httpserver_netconn\\MDK-ARM\\STM324xG_EVAL\\STM324xG_EVAL.axf" 
Erase Done.
Programming Done.
Verify OK.
Application running ...
</pre>
</body>
</html>
rj\\STM32F4x7_ETH_LwIP_V1.1.0\\Project\\FreeRTOS\\httpserver_netconn\\MDK-ARM\\STM324xG_EVAL\\STM324xG_EVAL.axf" 
Erase Done.
Programming Done.
Verify OK.
Application running ...
73): warning:  #177-D: variable "iptxt" was declared but never referenced
    uint8_t iptxt[20];
..\src\stm32f4x7_eth_bsp.c: 2 warnings, 0 errors
compiling stm32f4xx_it.c...
compiling serial_debug.c...
compiling IEC104_server.c...
..\src\IEC104_server.c(38): warning:  #1254-D: arithmetic on pointer to void or function type
        INROGEN_timer = xTimerCreate((const signed char *)"IEC104Timer", (INROGEN_TIMER_DELAY), pdTRUE, (void*)INROGEN_TIMER_ID, vUVTKTimerCallback);
..\src\IEC104_server.c(158): warning:  #188-D: enumerated type mixed with another type
                         buf = prepare_uframe_answ(buf, IEC_SLAVE, 0);
..\src\IEC104_server.c: 2 warnings, 0 errors
compiling iecsock_server.c...
compiling libiecasdu.c...
compiling FIFO_buffer.c...
compiling UVTKdrv.c...
..\src\UVTKdrv.c(201): warning:  #767-D: conversion from pointer to smaller integer
        timerIndex = (uint8_t) pvTimerGetTimerID( pxTimer );
..\src\UVTKdrv.c: 1 warning, 0 errors
compiling IEC104_drv.c...
compiling httpserver-netconn.c...
compiling http_data.c...
compiling api_lib.c...
compiling api_msg.c...
compiling err.c...
compiling netbuf.c...
compiling netdb.c...
compiling netifapi.c...
compiling sockets.c...
compiling tcpip.c...
compiling dhcp.c...
compiling dns.c...
compiling init.c...
compiling mem.c...
compiling memp.c...
compiling netif.c...
compiling pbuf.c...
compiling raw.c...
compiling stats.c...
compiling sys.c...
compiling tcp.c...
compiling tcp_in.c...
compiling tcp_out.c...
..\..\..\..\Utilities\Third_Party\lwip-1.4.1\src\core\tcp_out.c(845): warning:  #550-D: variable "tcphdr" was set but never used
    struct tcp_hdr *tcphdr;
..\..\..\..\Utilities\Third_Party\lwip-1.4.1\src\core\tcp_out.c(1367): warning:  #550-D: variable "tcphdr" was set but never used
    struct tcp_hdr *tcphdr;
..\..\..\..\Utilities\Third_Party\lwip-1.4.1\src\core\tcp_out.c: 2 warnings, 0 errors
compiling udp.c...
compiling autoip.c...
compiling icmp.c...
compiling igmp.c...
compiling inet.c...
compiling inet_chksum.c...
compiling ip.c...
compiling ip_addr.c...
compiling ip_frag.c...
compiling etharp.c...
compiling ethernetif.c...
compiling sys_arch.c...
compiling def.c...
compiling lwip_timers.c...
compiling stm32f4xx_usart.c...
compiling misc.c...
compiling stm32f4xx_adc.c...
compiling stm32f4xx_dma.c...
compiling stm32f4xx_exti.c...
compiling stm32f4xx_flash.c...
compiling stm32f4xx_fsmc.c...
compiling stm32f4xx_gpio.c...
compiling stm32f4xx_rcc.c...
compiling stm32f4xx_sdio.c...
compiling stm32f4xx_syscfg.c...
compiling stm32f4xx_i2c.c...
compiling stm32f4xx_rtc.c...
compiling stm32f4xx_pwr.c...
compiling stm32f4xx_spi.c...
compiling stm32f4xx_iwdg.c...
compiling stm32f4x7_eth.c...
compiling stm324x7i_eval.c...
compiling stm324x7i_eval_lcd.c...
compiling port.c...
compiling heap_4.c...
compiling tasks.c...
compiling croutine.c...
compiling list.c...
compiling queue.c...
compiling timers.c...
linking...
Program Size: Code=41074 RO-data=5938 RW-data=504 ZI-data=61120  
".\STM324xG_EVAL\STM324xG_EVAL.axf" - 0 Error(s), 10 Warning(s).
Load "C:\\Keil_v5\\ARM\\MyPrj\\STM32F4x7_ETH_LwIP_V1.1.0\\Project\\FreeRTOS\\httpserver_netconn\\MDK-ARM\\STM324xG_EVAL\\STM324xG_EVAL.axf" 
Erase Done.
Programming Done.
Verify OK.
Application running ...
dr;
..\..\..\..\Utilities\Third_Party\lwip-1.4.1\src\core\tcp_out.c(1367): warning:  #550-D: variable "tcphdr" was set but never used
    struct tcp_hdr *tcphdr;
..\..\..\..\Utilities\Third_Party\lwip-1.4.1\src\core\tcp_out.c: 2 warnings, 0 errors
compiling udp.c...
compiling autoip.c...
compiling icmp.c...
compiling igmp.c...
compiling inet.c...
compiling inet_chksum.c...
compiling ip.c...
compiling ip_addr.c...
compiling ip_frag.c...
compiling etharp.c...
compiling ethernetif.c...
compiling sys_arch.c...
compiling def.c...
compiling lwip_timers.c...
compiling stm32f4xx_usart.c...
compiling misc.c...
compiling stm32f4xx_adc.c...
compiling stm32f4xx_dma.c...
compiling stm32f4xx_exti.c...
compiling stm32f4xx_flash.c...
compiling stm32f4xx_fsmc.c...
compiling stm32f4xx_gpio.c...
compiling stm32f4xx_rcc.c...
compiling stm32f4xx_sdio.c...
compiling stm32f4xx_syscfg.c...
compiling stm32f4xx_i2c.c...
compiling stm32f4xx_rtc.c...
compiling stm32f4xx_pwr.c...
compiling stm32f4xx_spi.c...
compiling stm32f4xx_iwdg.c...
compiling stm32f4x7_eth.c...
compiling stm324x7i_eval.c...
..\..\..\..\Utilities\STM32_EVAL\STM324x7I_EVAL\stm324x7i_eval.c(151): warning:  #177-D: function "CheckBackupReg" was declared but never referenced
  static uint32_t CheckBackupReg(uint16_t FirstBackupData);
..\..\..\..\Utilities\STM32_EVAL\STM324x7I_EVAL\stm324x7i_eval.c(152): warning:  #177-D: function "WriteToBackupReg" was declared but never referenced
  static void WriteToBackupReg(uint16_t FirstBackupData);
..\..\..\..\Utilities\STM32_EVAL\STM324x7I_EVAL\stm324x7i_eval.c: 2 warnings, 0 errors
compiling stm324x7i_eval_lcd.c...
compiling port.c...
compiling heap_4.c...
compiling tasks.c...
compiling croutine.c...
compiling list.c...
compiling queue.c...
compiling timers.c...
".\STM324xG_EVAL\STM324xG_EVAL.axf" - 2 Error(s), 20 Warning(s).
Target not created
