ARM Linker, 5.03 [Build 76] [MDK-ARM Professional]

==============================================================================

Section Cross References

    system_stm32f4xx.o(i.SystemCoreClockUpdate) refers to system_stm32f4xx.o(.data) for .data
    system_stm32f4xx.o(i.SystemInit) refers to system_stm32f4xx.o(i.SetSysClock) for SetSysClock
    startup_stm32f4xx.o(RESET) refers to startup_stm32f4xx.o(STACK) for __initial_sp
    startup_stm32f4xx.o(RESET) refers to startup_stm32f4xx.o(.text) for Reset_Handler
    startup_stm32f4xx.o(RESET) refers to stm32f4xx_it.o(i.NMI_Handler) for NMI_Handler
    startup_stm32f4xx.o(RESET) refers to stm32f4xx_it.o(i.HardFault_Handler) for HardFault_Handler
    startup_stm32f4xx.o(RESET) refers to stm32f4xx_it.o(i.MemManage_Handler) for MemManage_Handler
    startup_stm32f4xx.o(RESET) refers to stm32f4xx_it.o(i.BusFault_Handler) for BusFault_Handler
    startup_stm32f4xx.o(RESET) refers to stm32f4xx_it.o(i.UsageFault_Handler) for UsageFault_Handler
    startup_stm32f4xx.o(RESET) refers to port.o(.emb_text) for SVC_Handler
    startup_stm32f4xx.o(RESET) refers to stm32f4xx_it.o(i.DebugMon_Handler) for DebugMon_Handler
    startup_stm32f4xx.o(RESET) refers to stm32f4xx_it.o(i.SysTick_Handler) for SysTick_Handler
    startup_stm32f4xx.o(RESET) refers to stm32f4xx_it.o(i.EXTI0_IRQHandler) for EXTI0_IRQHandler
    startup_stm32f4xx.o(RESET) refers to stm32f4xx_it.o(i.EXTI15_10_IRQHandler) for EXTI15_10_IRQHandler
    startup_stm32f4xx.o(RESET) refers to stm32f4xx_it.o(i.SPI3_IRQHandler) for SPI3_IRQHandler
    startup_stm32f4xx.o(RESET) refers to stm32f4xx_it.o(i.ETH_IRQHandler) for ETH_IRQHandler
    startup_stm32f4xx.o(.text) refers to system_stm32f4xx.o(i.SystemInit) for SystemInit
    startup_stm32f4xx.o(.text) refers to entry.o(.ARM.Collect$$$$00000000) for __main
    main.o(i.Delay) refers to tasks.o(i.vTaskDelay) for vTaskDelay
    main.o(i.LCD_LED_Init) refers to stm324x7i_eval.o(i.STM_EVAL_LEDInit) for STM_EVAL_LEDInit
    main.o(i.LCD_LED_Init) refers to stm324x7i_eval.o(i.STM_EVAL_PBInit) for STM_EVAL_PBInit
    main.o(i.Main_task) refers to printf8.o(i.__0printf$8) for __2printf
    main.o(i.Main_task) refers to main.o(i.LCD_LED_Init) for LCD_LED_Init
    main.o(i.Main_task) refers to stm32f4x7_eth_bsp.o(i.ETH_BSP_Config) for ETH_BSP_Config
    main.o(i.Main_task) refers to netconf.o(i.LwIP_Init) for LwIP_Init
    main.o(i.Main_task) refers to stm324x7i_eval.o(i.InitIEC_RTC) for InitIEC_RTC
    main.o(i.Main_task) refers to stm324x7i_eval.o(i.Init_SPI) for Init_SPI
    main.o(i.Main_task) refers to stm324x7i_eval.o(i.Init_IWDT) for Init_IWDT
    main.o(i.Main_task) refers to iecsock_server.o(i.iecsock_server_init) for iecsock_server_init
    main.o(i.Main_task) refers to iec104_server.o(i.init_IEC104_server) for init_IEC104_server
    main.o(i.Main_task) refers to uvtkdrv.o(i.UVTK_init_task) for UVTK_init_task
    main.o(i.Main_task) refers to iec104_drv.o(i.IEC104_init_task) for IEC104_init_task
    main.o(i.Main_task) refers to tasks.o(i.xTaskGenericCreate) for xTaskGenericCreate
    main.o(i.Main_task) refers to queue.o(i.xQueueGenericCreate) for xQueueGenericCreate
    main.o(i.Main_task) refers to queue.o(i.xQueueGenericSend) for xQueueGenericSend
    main.o(i.Main_task) refers to queue.o(i.xQueueGenericReceive) for xQueueGenericReceive
    main.o(i.Main_task) refers to tasks.o(i.vTaskDelete) for vTaskDelete
    main.o(i.Main_task) refers to main.o(i.ToggleLed4) for ToggleLed4
    main.o(i.Main_task) refers to main.o(.data) for .data
    main.o(i.Main_task) refers to main.o(i.vButtonKeyHandler) for vButtonKeyHandler
    main.o(i.ToggleLed4) refers to stm324x7i_eval.o(i.STM_EVAL_LEDToggle) for STM_EVAL_LEDToggle
    main.o(i.ToggleLed4) refers to stm32f4xx_iwdg.o(i.IWDG_ReloadCounter) for IWDG_ReloadCounter
    main.o(i.ToggleLed4) refers to tasks.o(i.vTaskDelay) for vTaskDelay
    main.o(i.main) refers to misc.o(i.NVIC_PriorityGroupConfig) for NVIC_PriorityGroupConfig
    main.o(i.main) refers to tasks.o(i.xTaskGenericCreate) for xTaskGenericCreate
    main.o(i.main) refers to tasks.o(i.vTaskStartScheduler) for vTaskStartScheduler
    main.o(i.main) refers to main.o(i.Main_task) for Main_task
    main.o(i.vButtonKeyHandler) refers to queue.o(i.xQueueGenericReceive) for xQueueGenericReceive
    main.o(i.vButtonKeyHandler) refers to stm324x7i_eval.o(i.STM_EVAL_PBGetState) for STM_EVAL_PBGetState
    main.o(i.vButtonKeyHandler) refers to uvtkdrv.o(i.UVTK_set_inv) for UVTK_set_inv
    main.o(i.vButtonKeyHandler) refers to main.o(.data) for .data
    netconf.o(i.LwIP_Init) refers to tcpip.o(i.tcpip_init) for tcpip_init
    netconf.o(i.LwIP_Init) refers to netif.o(i.netif_add) for netif_add
    netconf.o(i.LwIP_Init) refers to netif.o(i.netif_set_default) for netif_set_default
    netconf.o(i.LwIP_Init) refers to netif.o(i.netif_set_down) for netif_set_down
    netconf.o(i.LwIP_Init) refers to stm324x7i_eval_lcd.o(i.LCD_SetTextColor) for LCD_SetTextColor
[...]
    TIM1_BRK_TIM9_IRQHandler                 0x0800023b   Thumb Code     0  startup_stm32f4xx.o(.text)
    TIM1_CC_IRQHandler                       0x0800023b   Thumb Code     0  startup_stm32f4xx.o(.text)
    TIM1_TRG_COM_TIM11_IRQHandler            0x0800023b   Thumb Code     0  startup_stm32f4xx.o(.text)
    TIM1_UP_TIM10_IRQHandler                 0x0800023b   Thumb Code     0  startup_stm32f4xx.o(.text)
    TIM2_IRQHandler                          0x0800023b   Thumb Code     0  startup_stm32f4xx.o(.text)
    TIM3_IRQHandler                          0x0800023b   Thumb Code     0  startup_stm32f4xx.o(.text)
    TIM4_IRQHandler                          0x0800023b   Thumb Code     0  startup_stm32f4xx.o(.text)
    TIM5_IRQHandler                          0x0800023b   Thumb Code     0  startup_stm32f4xx.o(.text)
    TIM6_DAC_IRQHandler                      0x0800023b   Thumb Code     0  startup_stm32f4xx.o(.text)
    TIM7_IRQHandler                          0x0800023b   Thumb Code     0  startup_stm32f4xx.o(.text)
    TIM8_BRK_TIM12_IRQHandler                0x0800023b   Thumb Code     0  startup_stm32f4xx.o(.text)
    TIM8_CC_IRQHandler                       0x0800023b   Thumb Code     0  startup_stm32f4xx.o(.text)
    TIM8_TRG_COM_TIM14_IRQHandler            0x0800023b   Thumb Code     0  startup_stm32f4xx.o(.text)
    TIM8_UP_TIM13_IRQHandler                 0x0800023b   Thumb Code     0  startup_stm32f4xx.o(.text)
    UART4_IRQHandler                         0x0800023b   Thumb Code     0  startup_stm32f4xx.o(.text)
    UART5_IRQHandler                         0x0800023b   Thumb Code     0  startup_stm32f4xx.o(.text)
    USART1_IRQHandler                        0x0800023b   Thumb Code     0  startup_stm32f4xx.o(.text)
    USART2_IRQHandler                        0x0800023b   Thumb Code     0  startup_stm32f4xx.o(.text)
    USART3_IRQHandler                        0x0800023b   Thumb Code     0  startup_stm32f4xx.o(.text)
    USART6_IRQHandler                        0x0800023b   Thumb Code     0  startup_stm32f4xx.o(.text)
    WWDG_IRQHandler                          0x0800023b   Thumb Code     0  startup_stm32f4xx.o(.text)
    __aeabi_memcpy                           0x08000245   Thumb Code    36  memcpya.o(.text)
    __aeabi_memcpy4                          0x08000245   Thumb Code     0  memcpya.o(.text)
    __aeabi_memcpy8                          0x08000245   Thumb Code     0  memcpya.o(.text)
    __aeabi_memset                           0x08000269   Thumb Code    14  memseta.o(.text)
    __aeabi_memset4                          0x08000269   Thumb Code     0  memseta.o(.text)
    __aeabi_memset8                          0x08000269   Thumb Code     0  memseta.o(.text)
    __aeabi_memclr                           0x08000277   Thumb Code     4  memseta.o(.text)
    __aeabi_memclr4                          0x08000277   Thumb Code     0  memseta.o(.text)
    __aeabi_memclr8                          0x08000277   Thumb Code     0  memseta.o(.text)
    _memset$wrapper                          0x0800027b   Thumb Code    18  memseta.o(.text)
    strncpy                                  0x0800028d   Thumb Code    24  strncpy.o(.text)
    memcmp                                   0x080002a5   Thumb Code    26  memcmp.o(.text)
    __aeabi_uldivmod                         0x080002bf   Thumb Code    98  uldiv.o(.text)
    __scatterload                            0x08000321   Thumb Code    28  init.o(.text)
    __scatterload_rt2                        0x08000321   Thumb Code     0  init.o(.text)
    __aeabi_llsl                             0x08000345   Thumb Code    30  llshl.o(.text)
    _ll_shift_l                              0x08000345   Thumb Code     0  llshl.o(.text)
    __aeabi_llsr                             0x08000363   Thumb Code    32  llushr.o(.text)
    _ll_ushift_r                             0x08000363   Thumb Code     0  llushr.o(.text)
    __decompress                             0x08000383   Thumb Code     0  __dczerorl2.o(.text)
    __decompress1                            0x08000383   Thumb Code    92  __dczerorl2.o(.text)
    BusFault_Handler                         0x080003df   Thumb Code     2  stm32f4xx_it.o(i.BusFault_Handler)
    DebugMon_Handler                         0x080003e1   Thumb Code     2  stm32f4xx_it.o(i.DebugMon_Handler)
    Delay                                    0x080003e3   Thumb Code     4  main.o(i.Delay)
    ETH_BSP_Config                           0x080003e9   Thumb Code   100  stm32f4x7_eth_bsp.o(i.ETH_BSP_Config)
    ETH_DMAClearITPendingBit                 0x0800045d   Thumb Code     6  stm32f4x7_eth.o(i.ETH_DMAClearITPendingBit)
    ETH_DMAITConfig                          0x08000469   Thumb Code    22  stm32f4x7_eth.o(i.ETH_DMAITConfig)
    ETH_DMAReceptionCmd                      0x08000485   Thumb Code    26  stm32f4x7_eth.o(i.ETH_DMAReceptionCmd)
    ETH_DMARxDescChainInit                   0x080004a5   Thumb Code    80  stm32f4x7_eth.o(i.ETH_DMARxDescChainInit)
    ETH_DMARxDescReceiveITConfig             0x08000501   Thumb Code    22  stm32f4x7_eth.o(i.ETH_DMARxDescReceiveITConfig)
    ETH_DMATransmissionCmd                   0x08000519   Thumb Code    26  stm32f4x7_eth.o(i.ETH_DMATransmissionCmd)
    ETH_DMATxDescChainInit                   0x08000539   Thumb Code    62  stm32f4x7_eth.o(i.ETH_DMATxDescChainInit)
    ETH_DMATxDescChecksumInsertionConfig     0x08000581   Thumb Code     8  stm32f4x7_eth.o(i.ETH_DMATxDescChecksumInsertionConfig)
    ETH_DeInit                               0x08000589   Thumb Code    24  stm32f4x7_eth.o(i.ETH_DeInit)
    ETH_FlushTransmitFIFO                    0x080005a1   Thumb Code    28  stm32f4x7_eth.o(i.ETH_FlushTransmitFIFO)
    ETH_GetDMAFlagStatus                     0x08000685   Thumb Code    16  stm32f4x7_eth.o(i.ETH_GetDMAFlagStatus)
    ETH_GetSoftwareResetStatus               0x08000699   Thumb Code    14  stm32f4x7_eth.o(i.ETH_GetSoftwareResetStatus)
    ETH_Get_Received_Frame_interrupt         0x080006ad   Thumb Code   158  stm32f4x7_eth.o(i.ETH_Get_Received_Frame_interrupt)
    ETH_IRQHandler                           0x08000751   Thumb Code    56  stm32f4xx_it.o(i.ETH_IRQHandler)
    ETH_Init                                 0x0800078d   Thumb Code   632  stm32f4x7_eth.o(i.ETH_Init)
    ETH_MACAddressConfig                     0x08000a39   Thumb Code    38  stm32f4x7_eth.o(i.ETH_MACAddressConfig)
    ETH_MACReceptionCmd                      0x08000afd   Thumb Code    46  stm32f4x7_eth.o(i.ETH_MACReceptionCmd)
    ETH_MACTransmissionCmd                   0x08000b31   Thumb Code    46  stm32f4x7_eth.o(i.ETH_MACTransmissionCmd)
    ETH_Prepare_Transmit_Descriptors         0x08000b91   Thumb Code   166  stm32f4x7_eth.o(i.ETH_Prepare_Transmit_Descriptors)
    ETH_ReadPHYRegister                      0x08000c41   Thumb Code    80  stm32f4x7_eth.o(i.ETH_ReadPHYRegister)
    ETH_SoftwareReset                        0x08000c99   Thumb Code    12  stm32f4x7_eth.o(i.ETH_SoftwareReset)
    ETH_Start                                0x08000ca9   Thumb Code    34  stm32f4x7_eth.o(i.ETH_Start)
    ETH_Stop                                 0x08000ccb   Thumb Code    34  stm32f4x7_eth.o(i.ETH_Stop)
    ETH_StructInit                           0x08000ced   Thumb Code   154  stm32f4x7_eth.o(i.ETH_StructInit)
    ETH_WritePHYRegister                     0x08000d89   Thumb Code    80  stm32f4x7_eth.o(i.ETH_WritePHYRegister)
    ETH_link_callback                        0x08000de1   Thumb Code   282  stm32f4x7_eth_bsp.o(i.ETH_link_callback)
    EXTI0_IRQHandler                         0x08000f19   Thumb Code    54  stm32f4xx_it.o(i.EXTI0_IRQHandler)
    EXTI15_10_IRQHandler                     0x08000f59   Thumb Code    50  stm32f4xx_it.o(i.EXTI15_10_IRQHandler)
    EXTI_ClearITPendingBit                   0x08000f91   Thumb Code     6  stm32f4xx_exti.o(i.EXTI_ClearITPendingBit)
    EXTI_GetITStatus                         0x08000f9d   Thumb Code    28  stm32f4xx_exti.o(i.EXTI_GetITStatus)
    EXTI_Init                                0x08000fbd   Thumb Code   110  stm32f4xx_exti.o(i.EXTI_Init)
    Eth_Link_EXTIConfig                      0x08001031   Thumb Code   104  stm32f4x7_eth_bsp.o(i.Eth_Link_EXTIConfig)
    Eth_Link_IT_task                         0x0800109d   Thumb Code    64  stm32f4x7_eth_bsp.o(i.Eth_Link_IT_task)
    Eth_Link_PHYITConfig                     0x080010e5   Thumb Code    60  stm32f4x7_eth_bsp.o(i.Eth_Link_PHYITConfig)
    GPIO_Init                                0x08001121   Thumb Code   124  stm32f4xx_gpio.o(i.GPIO_Init)
    GPIO_PinAFConfig                         0x0800119d   Thumb Code    32  stm32f4xx_gpio.o(i.GPIO_PinAFConfig)
    GPIO_ReadInputDataBit                    0x080011bd   Thumb Code    14  stm32f4xx_gpio.o(i.GPIO_ReadInputDataBit)
    HardFault_Handler                        0x080011cb   Thumb Code     2  stm32f4xx_it.o(i.HardFault_Handler)
    IEC104_TI_poll                           0x080011cd   Thumb Code   142  iec104_drv.o(i.IEC104_TI_poll)
    IEC104_TS_poll                           0x08001265   Thumb Code   170  iec104_drv.o(i.IEC104_TS_poll)
    IEC104_UVTK_IV_poll                      0x08001319   Thumb Code   304  iec104_drv.o(i.IEC104_UVTK_IV_poll)
    IEC104_UVTK_TI_poll                      0x08001455   Thumb Code    56  iec104_drv.o(i.IEC104_UVTK_TI_poll)
    IEC104_UVTK_TS_poll                      0x08001495   Thumb Code   132  iec104_drv.o(i.IEC104_UVTK_TS_poll)
    IEC104_init_task                         0x08001521   Thumb Code   118  iec104_drv.o(i.IEC104_init_task)
    IWDG_Enable                              0x0800160d   Thumb Code    10  stm32f4xx_iwdg.o(i.IWDG_Enable)
    IWDG_ReloadCounter                       0x0800161d   Thumb Code    10  stm32f4xx_iwdg.o(i.IWDG_ReloadCounter)
    IWDG_SetPrescaler                        0x0800162d   Thumb Code     6  stm32f4xx_iwdg.o(i.IWDG_SetPrescaler)
    IWDG_SetReload                           0x08001639   Thumb Code     6  stm32f4xx_iwdg.o(i.IWDG_SetReload)
    IWDG_WriteAccessCmd                      0x08001645   Thumb Code     6  stm32f4xx_iwdg.o(i.IWDG_WriteAccessCmd)
    InitIEC_RTC                              0x08001651   Thumb Code    62  stm324x7i_eval.o(i.InitIEC_RTC)
    Init_IWDT                                0x08001695   Thumb Code    32  stm324x7i_eval.o(i.Init_IWDT)
    Init_SPI                                 0x080016b5   Thumb Code   216  stm324x7i_eval.o(i.Init_SPI)
    LCD_ClearLine                            0x0800179d   Thumb Code    44  stm324x7i_eval_lcd.o(i.LCD_ClearLine)
    LCD_DisplayChar                          0x080017cd   Thumb Code    26  stm324x7i_eval_lcd.o(i.LCD_DisplayChar)
    LCD_DisplayStringLine                    0x080017ed   Thumb Code    52  stm324x7i_eval_lcd.o(i.LCD_DisplayStringLine)
    LCD_DrawChar                             0x08001825   Thumb Code   130  stm324x7i_eval_lcd.o(i.LCD_DrawChar)
    LCD_GetFont                              0x080018ad   Thumb Code     6  stm324x7i_eval_lcd.o(i.LCD_GetFont)
    LCD_LED_Init                             0x080018b9   Thumb Code    38  main.o(i.LCD_LED_Init)
    LCD_SetCursor                            0x080018df   Thumb Code    24  stm324x7i_eval_lcd.o(i.LCD_SetCursor)
    LCD_SetTextColor                         0x080018f9   Thumb Code    12  stm324x7i_eval_lcd.o(i.LCD_SetTextColor)
    LCD_WriteRAM                             0x08001909   Thumb Code     8  stm324x7i_eval_lcd.o(i.LCD_WriteRAM)
    LCD_WriteRAM_Prepare                     0x08001911   Thumb Code    10  stm324x7i_eval_lcd.o(i.LCD_WriteRAM_Prepare)
    LCD_WriteReg                             0x0800191b   Thumb Code    10  stm324x7i_eval_lcd.o(i.LCD_WriteReg)
    LwIP_Init                                0x08001925   Thumb Code   160  netconf.o(i.LwIP_Init)
    Main_task                                0x08001a11   Thumb Code   142  main.o(i.Main_task)
    MemManage_Handler                        0x08001ad9   Thumb Code     2  stm32f4xx_it.o(i.MemManage_Handler)
    NMI_Handler                              0x08001adb   Thumb Code     2  stm32f4xx_it.o(i.NMI_Handler)
    NVIC_Init                                0x08001add   Thumb Code    94  misc.o(i.NVIC_Init)
    NVIC_PriorityGroupConfig                 0x08001b45   Thumb Code    10  misc.o(i.NVIC_PriorityGroupConfig)
    PWR_BackupAccessCmd                      0x08001b59   Thumb Code     6  stm32f4xx_pwr.o(i.PWR_BackupAccessCmd)
    RCC_AHB1PeriphClockCmd                   0x08001b65   Thumb Code    22  stm32f4xx_rcc.o(i.RCC_AHB1PeriphClockCmd)
    RCC_AHB1PeriphResetCmd                   0x08001b81   Thumb Code    22  stm32f4xx_rcc.o(i.RCC_AHB1PeriphResetCmd)
    RCC_APB1PeriphClockCmd                   0x08001b9d   Thumb Code    22  stm32f4xx_rcc.o(i.RCC_APB1PeriphClockCmd)
    RCC_APB2PeriphClockCmd                   0x08001bb9   Thumb Code    22  stm32f4xx_rcc.o(i.RCC_APB2PeriphClockCmd)
    RCC_BackupResetCmd                       0x08001bd5   Thumb Code     6  stm32f4xx_rcc.o(i.RCC_BackupResetCmd)
    RCC_GetClocksFreq                        0x08001be1   Thumb Code   148  stm32f4xx_rcc.o(i.RCC_GetClocksFreq)
    RCC_RTCCLKCmd                            0x08001c81   Thumb Code     6  stm32f4xx_rcc.o(i.RCC_RTCCLKCmd)
    RCC_RTCCLKConfig                         0x08001c8d   Thumb Code    40  stm32f4xx_rcc.o(i.RCC_RTCCLKConfig)
    RTC_EnterInitMode                        0x08001ce9   Thumb Code    64  stm32f4xx_rtc.o(i.RTC_EnterInitMode)
    RTC_ExitInitMode                         0x08001d2d   Thumb Code    12  stm32f4xx_rtc.o(i.RTC_ExitInitMode)
    RTC_GetDate                              0x08001d3d   Thumb Code    64  stm32f4xx_rtc.o(i.RTC_GetDate)
    RTC_GetSubSecond                         0x08001d85   Thumb Code    12  stm32f4xx_rtc.o(i.RTC_GetSubSecond)
    RTC_GetTime                              0x08001d95   Thumb Code    68  stm32f4xx_rtc.o(i.RTC_GetTime)
    RTC_Init                                 0x08001de1   Thumb Code    74  stm32f4xx_rtc.o(i.RTC_Init)
    RTC_SetDate                              0x08001e31   Thumb Code   156  stm32f4xx_rtc.o(i.RTC_SetDate)
    RTC_SetTime                              0x08001ed5   Thumb Code   160  stm32f4xx_rtc.o(i.RTC_SetTime)
    RTC_WaitForSynchro                       0x08001f7d   Thumb Code    72  stm32f4xx_rtc.o(i.RTC_WaitForSynchro)
    SPI3_IRQHandler                          0x08001fc9   Thumb Code    56  stm32f4xx_it.o(i.SPI3_IRQHandler)
    SPI_Cmd                                  0x0800200d   Thumb Code    24  stm32f4xx_spi.o(i.SPI_Cmd)
    SPI_I2S_GetFlagStatus                    0x08002025   Thumb Code    14  stm32f4xx_spi.o(i.SPI_I2S_GetFlagStatus)
    SPI_I2S_GetITStatus                      0x08002033   Thumb Code    44  stm32f4xx_spi.o(i.SPI_I2S_GetITStatus)
    SPI_I2S_ITConfig                         0x0800205f   Thumb Code    28  stm32f4xx_spi.o(i.SPI_I2S_ITConfig)
    SPI_I2S_ReceiveData                      0x0800207b   Thumb Code     4  stm32f4xx_spi.o(i.SPI_I2S_ReceiveData)
    SPI_I2S_SendData                         0x0800207f   Thumb Code     4  stm32f4xx_spi.o(i.SPI_I2S_SendData)
    SPI_Init                                 0x08002083   Thumb Code    56  stm32f4xx_spi.o(i.SPI_Init)
    SPI_SendDataArray                        0x080020bd   Thumb Code    84  stm324x7i_eval.o(i.SPI_SendDataArray)
    STM_EVAL_LEDInit                         0x08002125   Thumb Code    62  stm324x7i_eval.o(i.STM_EVAL_LEDInit)
    STM_EVAL_LEDOn                           0x0800216d   Thumb Code    16  stm324x7i_eval.o(i.STM_EVAL_LEDOn)
    STM_EVAL_LEDToggle                       0x08002185   Thumb Code    20  stm324x7i_eval.o(i.STM_EVAL_LEDToggle)
    STM_EVAL_PBGetState                      0x080021a1   Thumb Code    16  stm324x7i_eval.o(i.STM_EVAL_PBGetState)
    STM_EVAL_PBInit                          0x080021b9   Thumb Code   160  stm324x7i_eval.o(i.STM_EVAL_PBInit)
    SYSCFG_ETH_MediaInterfaceConfig          0x08002261   Thumb Code     6  stm32f4xx_syscfg.o(i.SYSCFG_ETH_MediaInterfaceConfig)
    SYSCFG_EXTILineConfig                    0x0800226d   Thumb Code    34  stm32f4xx_syscfg.o(i.SYSCFG_EXTILineConfig)
    SysTick_Handler                          0x08002369   Thumb Code     4  stm32f4xx_it.o(i.SysTick_Handler)
    SystemInit                               0x0800236d   Thumb Code    62  system_stm32f4xx.o(i.SystemInit)
    ToggleLed4                               0x080023bd   Thumb Code    22  main.o(i.ToggleLed4)
    UVTK_TS_poll                             0x080023d5   Thumb Code   260  uvtkdrv.o(i.UVTK_TS_poll)
    UVTK_init_task                           0x080024e5   Thumb Code   170  uvtkdrv.o(i.UVTK_init_task)
    UVTK_poll                                0x080025cd   Thumb Code   416  uvtkdrv.o(i.UVTK_poll)
    UVTK_set_inv                             0x08002789   Thumb Code   130  uvtkdrv.o(i.UVTK_set_inv)
    UsageFault_Handler                       0x08002815   Thumb Code     2  stm32f4xx_it.o(i.UsageFault_Handler)
    __0printf$8                              0x08002819   Thumb Code    22  printf8.o(i.__0printf$8)
    __1printf$8                              0x08002819   Thumb Code     0  printf8.o(i.__0printf$8)
    __2printf                                0x08002819   Thumb Code     0  printf8.o(i.__0printf$8)
    __scatterload_copy                       0x08002839   Thumb Code    14  handlers.o(i.__scatterload_copy)
    __scatterload_null                       0x08002847   Thumb Code     2  handlers.o(i.__scatterload_null)
    __scatterload_zeroinit                   0x08002849   Thumb Code    14  handlers.o(i.__scatterload_zeroinit)
    createFifoToHeap                         0x08002cf1   Thumb Code    54  fifo_buffer.o(i.createFifoToHeap)
    etharp_cleanup_netif                     0x08002e0d   Thumb Code    42  etharp.o(i.etharp_cleanup_netif)
    etharp_output                            0x08002f71   Thumb Code   252  etharp.o(i.etharp_output)
    etharp_query                             0x080030bd   Thumb Code   250  etharp.o(i.etharp_query)
    etharp_request                           0x08003265   Thumb Code    32  etharp.o(i.etharp_request)
    etharp_tmr                               0x080032a9   Thumb Code    64  etharp.o(i.etharp_tmr)
    ethernet_input                           0x0800336d   Thumb Code   142  etharp.o(i.ethernet_input)
    ethernetif_init                          0x08003401   Thumb Code    42  ethernetif.o(i.ethernetif_init)
    fifoIsEmpty                              0x0800347d   Thumb Code    16  fifo_buffer.o(i.fifoIsEmpty)
    fifoIsFull                               0x0800348d   Thumb Code    28  fifo_buffer.o(i.fifoIsFull)
    fifoPopElem                              0x080034a9   Thumb Code    58  fifo_buffer.o(i.fifoPopElem)
    fifoPushElem                             0x080034e3   Thumb Code    62  fifo_buffer.o(i.fifoPushElem)
    fputc                                    0x08003521   Thumb Code    24  main.o(i.fputc)
    free                                     0x08003555   Thumb Code    76  malloc.o(i.free)
    generatIECansw                           0x080035a5   Thumb Code   174  iec104_server.o(i.generatIECansw)
    get_iec_time                             0x08003685   Thumb Code   116  libiecasdu.o(i.get_iec_time)
    icmp_dest_unreach                        0x080036f9   Thumb Code     8  icmp.o(i.icmp_dest_unreach)
    icmp_input                               0x08003701   Thumb Code   278  icmp.o(i.icmp_input)
    iecsock_server_init                      0x08003945   Thumb Code    72  iecsock_server.o(i.iecsock_server_init)
    inet_chksum                              0x08003b55   Thumb Code    12  inet_chksum.o(i.inet_chksum)
    inet_chksum_pbuf                         0x08003b61   Thumb Code    72  inet_chksum.o(i.inet_chksum_pbuf)
    init_IEC104_server                       0x08003ba9   Thumb Code    38  iec104_server.o(i.init_IEC104_server)
    ip4_addr_isbroadcast                     0x08003be9   Thumb Code    62  ip_addr.o(i.ip4_addr_isbroadcast)
    ip_input                                 0x08003c29   Thumb Code   344  ip.o(i.ip_input)
    ip_output                                0x08003d89   Thumb Code    52  ip.o(i.ip_output)
    ip_output_if                             0x08003dbd   Thumb Code   144  ip.o(i.ip_output_if)
    ip_route                                 0x08003e51   Thumb Code    56  ip.o(i.ip_route)
    lwip_htonl                               0x080040d5   Thumb Code    24  def.o(i.lwip_htonl)
    lwip_htons                               0x080040ed   Thumb Code    10  def.o(i.lwip_htons)
    lwip_init                                0x080040f7   Thumb Code    34  init.o(i.lwip_init)
    lwip_ntohl                               0x08004119   Thumb Code     4  def.o(i.lwip_ntohl)
    lwip_ntohs                               0x0800411d   Thumb Code     4  def.o(i.lwip_ntohs)
    main                                     0x08004179   Thumb Code    40  main.o(i.main)
    mem_free                                 0x080041ad   Thumb Code    66  mem.o(i.mem_free)
    mem_init                                 0x080041f5   Thumb Code    52  mem.o(i.mem_init)
    mem_malloc                               0x08004231   Thumb Code   202  mem.o(i.mem_malloc)
    mem_trim                                 0x08004301   Thumb Code   230  mem.o(i.mem_trim)
    memp_free                                0x080043ed   Thumb Code    18  memp.o(i.memp_free)
    memp_init                                0x08004405   Thumb Code    78  memp.o(i.memp_init)
    memp_malloc                              0x0800445d   Thumb Code    28  memp.o(i.memp_malloc)
    netif_add                                0x0800447d   Thumb Code    68  netif.o(i.netif_add)
    netif_init                               0x080044c5   Thumb Code     2  netif.o(i.netif_init)
    netif_set_addr                           0x080044c7   Thumb Code    34  netif.o(i.netif_set_addr)
    netif_set_default                        0x080044e9   Thumb Code     6  netif.o(i.netif_set_default)
    netif_set_down                           0x080044f5   Thumb Code    26  netif.o(i.netif_set_down)
    netif_set_gw                             0x0800450f   Thumb Code    14  netif.o(i.netif_set_gw)
    netif_set_ipaddr                         0x0800451d   Thumb Code    98  netif.o(i.netif_set_ipaddr)
    netif_set_link_callback                  0x08004589   Thumb Code     8  netif.o(i.netif_set_link_callback)
    netif_set_link_down                      0x08004591   Thumb Code    28  netif.o(i.netif_set_link_down)
    netif_set_link_up                        0x080045ad   Thumb Code    54  netif.o(i.netif_set_link_up)
    netif_set_netmask                        0x080045e3   Thumb Code    14  netif.o(i.netif_set_netmask)
    netif_set_up                             0x080045f1   Thumb Code    32  netif.o(i.netif_set_up)
    parse_iframe                             0x08004611   Thumb Code   232  libiecasdu.o(i.parse_iframe)
    pbuf_alloc                               0x08004701   Thumb Code   296  pbuf.o(i.pbuf_alloc)
    pbuf_cat                                 0x08004829   Thumb Code    40  pbuf.o(i.pbuf_cat)
    pbuf_chain                               0x08004851   Thumb Code    20  pbuf.o(i.pbuf_chain)
    pbuf_clen                                0x08004865   Thumb Code    18  pbuf.o(i.pbuf_clen)
    pbuf_copy                                0x08004877   Thumb Code   160  pbuf.o(i.pbuf_copy)
    pbuf_copy_partial                        0x08004917   Thumb Code   108  pbuf.o(i.pbuf_copy_partial)
    pbuf_free                                0x08004983   Thumb Code    82  pbuf.o(i.pbuf_free)
    pbuf_header                              0x080049d5   Thumb Code   104  pbuf.o(i.pbuf_header)
    pbuf_realloc                             0x08004a3d   Thumb Code    78  pbuf.o(i.pbuf_realloc)
    pbuf_ref                                 0x08004a8b   Thumb Code    12  pbuf.o(i.pbuf_ref)
    pbuf_take                                0x08004a97   Thumb Code    86  pbuf.o(i.pbuf_take)
    prepare_data_iframe                      0x08004b41   Thumb Code   506  libiecasdu.o(i.prepare_data_iframe)
    prepare_tcp_iec_buf                      0x08004d5d   Thumb Code   178  iec104_server.o(i.prepare_tcp_iec_buf)
    prepare_uframe_answ                      0x08004e65   Thumb Code   128  iec104_server.o(i.prepare_uframe_answ)
    pvPortMalloc                             0x080054b1   Thumb Code   126  heap_4.o(i.pvPortMalloc)
    pvTimerGetTimerID                        0x08005535   Thumb Code     4  timers.o(i.pvTimerGetTimerID)
    pxPortInitialiseStack                    0x08005539   Thumb Code    24  port.o(i.pxPortInitialiseStack)
    raw_input                                0x08005551   Thumb Code   102  raw.o(i.raw_input)
    set_iec_time                             0x080055c5   Thumb Code    94  libiecasdu.o(i.set_iec_time)
    sys_arch_mbox_fetch                      0x08005623   Thumb Code    84  sys_arch.o(i.sys_arch_mbox_fetch)
    sys_arch_sem_wait                        0x08005677   Thumb Code    74  sys_arch.o(i.sys_arch_sem_wait)
    sys_init                                 0x080056c1   Thumb Code     8  sys_arch.o(i.sys_init)
    sys_mbox_new                             0x080056cd   Thumb Code    28  sys_arch.o(i.sys_mbox_new)
    sys_mbox_trypost                         0x080056e9   Thumb Code    28  sys_arch.o(i.sys_mbox_trypost)
    sys_mbox_valid                           0x08005705   Thumb Code    14  sys_arch.o(i.sys_mbox_valid)
    sys_sem_new                              0x08005713   Thumb Code    58  sys_arch.o(i.sys_sem_new)
    sys_sem_signal                           0x0800574d   Thumb Code    12  sys_arch.o(i.sys_sem_signal)
    sys_thread_new                           0x08005759   Thumb Code    62  sys_arch.o(i.sys_thread_new)
    sys_timeout                              0x0800579d   Thumb Code    98  lwip_timers.o(i.sys_timeout)
    sys_timeouts_init                        0x08005805   Thumb Code    12  lwip_timers.o(i.sys_timeouts_init)
    sys_timeouts_mbox_fetch                  0x08005815   Thumb Code   100  lwip_timers.o(i.sys_timeouts_mbox_fetch)
    sys_untimeout                            0x0800587d   Thumb Code    72  lwip_timers.o(i.sys_untimeout)
    tcp_abandon                              0x080058c9   Thumb Code   136  tcp.o(i.tcp_abandon)
    tcp_abort                                0x08005955   Thumb Code     6  tcp.o(i.tcp_abort)
    tcp_accept                               0x0800595b   Thumb Code     4  tcp.o(i.tcp_accept)
    tcp_alloc                                0x08005965   Thumb Code   152  tcp.o(i.tcp_alloc)
    tcp_arg                                  0x08005a09   Thumb Code     4  tcp.o(i.tcp_arg)
    tcp_bind                                 0x08005a0d   Thumb Code   132  tcp.o(i.tcp_bind)
    tcp_close                                0x08005a99   Thumb Code    20  tcp.o(i.tcp_close)
    tcp_eff_send_mss                         0x08005cab   Thumb Code    32  tcp.o(i.tcp_eff_send_mss)
    tcp_enqueue_flags                        0x08005ccb   Thumb Code   204  tcp_out.o(i.tcp_enqueue_flags)
    tcp_err                                  0x08005d97   Thumb Code     6  tcp.o(i.tcp_err)
    tcp_fasttmr                              0x08005d9d   Thumb Code    84  tcp.o(i.tcp_fasttmr)
    tcp_init                                 0x08005df5   Thumb Code     2  tcp.o(i.tcp_init)
    tcp_input                                0x08005df9   Thumb Code   816  tcp_in.o(i.tcp_input)
    tcp_keepalive                            0x08006145   Thumb Code    62  tcp_out.o(i.tcp_keepalive)
    tcp_listen_with_backlog                  0x080062ed   Thumb Code   142  tcp.o(i.tcp_listen_with_backlog)
    tcp_new                                  0x08006385   Thumb Code     6  tcp.o(i.tcp_new)
    tcp_next_iss                             0x080063e5   Thumb Code    12  tcp.o(i.tcp_next_iss)
    tcp_output                               0x080063f5   Thumb Code   388  tcp_out.o(i.tcp_output)
    tcp_pcb_purge                            0x08006773   Thumb Code    58  tcp.o(i.tcp_pcb_purge)
    tcp_pcb_remove                           0x080067ad   Thumb Code    88  tcp.o(i.tcp_pcb_remove)
    tcp_poll                                 0x08006809   Thumb Code    10  tcp.o(i.tcp_poll)
    tcp_process_refused_data                 0x08006be9   Thumb Code   106  tcp.o(i.tcp_process_refused_data)
    tcp_recv                                 0x08007091   Thumb Code     4  tcp.o(i.tcp_recv)
    tcp_recv_null                            0x08007095   Thumb Code    38  tcp.o(i.tcp_recv_null)
    tcp_recved                               0x080070bb   Thumb Code    56  tcp.o(i.tcp_recved)
    tcp_rexmit                               0x080070f3   Thumb Code    80  tcp_out.o(i.tcp_rexmit)
    tcp_rexmit_fast                          0x08007143   Thumb Code    94  tcp_out.o(i.tcp_rexmit_fast)
    tcp_rexmit_rto                           0x080071a1   Thumb Code    46  tcp_out.o(i.tcp_rexmit_rto)
    tcp_rst                                  0x080071cf   Thumb Code   120  tcp_out.o(i.tcp_rst)
    tcp_seg_free                             0x08007247   Thumb Code    30  tcp.o(i.tcp_seg_free)
    tcp_segs_free                            0x08007265   Thumb Code    18  tcp.o(i.tcp_segs_free)
    tcp_send_empty_ack                       0x08007277   Thumb Code    72  tcp_out.o(i.tcp_send_empty_ack)
    tcp_send_fin                             0x080072bf   Thumb Code    72  tcp_out.o(i.tcp_send_fin)
    tcp_sent                                 0x08007307   Thumb Code     4  tcp.o(i.tcp_sent)
    tcp_setprio                              0x0800730b   Thumb Code     4  tcp.o(i.tcp_setprio)
    tcp_slowtmr                              0x08007311   Thumb Code   606  tcp.o(i.tcp_slowtmr)
    tcp_timer_needed                         0x08007581   Thumb Code    36  lwip_timers.o(i.tcp_timer_needed)
    tcp_tmr                                  0x08007629   Thumb Code    28  tcp.o(i.tcp_tmr)
    tcp_update_rcv_ann_wnd                   0x08007649   Thumb Code    54  tcp.o(i.tcp_update_rcv_ann_wnd)
    tcp_write                                0x0800767f   Thumb Code   714  tcp_out.o(i.tcp_write)
    tcp_zero_window_probe                    0x08007997   Thumb Code   154  tcp_out.o(i.tcp_zero_window_probe)
    tcpip_init                               0x08007a31   Thumb Code    44  tcpip.o(i.tcpip_init)
    tcpip_input                              0x08007a6d   Thumb Code    76  tcpip.o(i.tcpip_input)
    udp_init                                 0x08007b8d   Thumb Code     2  udp.o(i.udp_init)
    udp_input                                0x08007b91   Thumb Code   342  udp.o(i.udp_input)
    uxListRemove                             0x08007d25   Thumb Code    38  list.o(i.uxListRemove)
    vApplicationStackOverflowHook            0x08007d4b   Thumb Code     2  main.o(i.vApplicationStackOverflowHook)
    vButtonKeyHandler                        0x08007d4d   Thumb Code    42  main.o(i.vButtonKeyHandler)
    vListInitialise                          0x08007d7d   Thumb Code    22  list.o(i.vListInitialise)
    vListInitialiseItem                      0x08007d93   Thumb Code     6  list.o(i.vListInitialiseItem)
    vListInsert                              0x08007d99   Thumb Code    48  list.o(i.vListInsert)
    vListInsertEnd                           0x08007dc9   Thumb Code    28  list.o(i.vListInsertEnd)
    vPortEnterCritical                       0x08007de5   Thumb Code    16  port.o(i.vPortEnterCritical)
    vPortExitCritical                        0x08007df9   Thumb Code    18  port.o(i.vPortExitCritical)
    vPortFree                                0x08007e11   Thumb Code    40  heap_4.o(i.vPortFree)
    vPortSetupTimerInterrupt                 0x08007e3d   Thumb Code    26  port.o(i.vPortSetupTimerInterrupt)
    vPortYieldFromISR                        0x08007e5d   Thumb Code    10  port.o(i.vPortYieldFromISR)
    vQueueWaitForMessageRestricted           0x08007e6d   Thumb Code    58  queue.o(i.vQueueWaitForMessageRestricted)
    vTaskDelay                               0x08007ea9   Thumb Code    52  tasks.o(i.vTaskDelay)
    vTaskDelete                              0x08007ee1   Thumb Code    88  tasks.o(i.vTaskDelete)
    vTaskIncrementTick                       0x08007f41   Thumb Code   160  tasks.o(i.vTaskIncrementTick)
    vTaskMissedYield                         0x08007fe9   Thumb Code     8  tasks.o(i.vTaskMissedYield)
    vTaskPlaceOnEventList                    0x08007ff5   Thumb Code    44  tasks.o(i.vTaskPlaceOnEventList)
    vTaskPlaceOnEventListRestricted          0x08008025   Thumb Code    44  tasks.o(i.vTaskPlaceOnEventListRestricted)
    vTaskPriorityDisinherit                  0x08008055   Thumb Code    66  tasks.o(i.vTaskPriorityDisinherit)
    vTaskPriorityInherit                     0x080080a1   Thumb Code    94  tasks.o(i.vTaskPriorityInherit)
    vTaskSetTimeOutState                     0x08008109   Thumb Code    24  tasks.o(i.vTaskSetTimeOutState)
    vTaskStartScheduler                      0x08008125   Thumb Code    68  tasks.o(i.vTaskStartScheduler)
    vTaskSuspendAll                          0x08008179   Thumb Code    10  tasks.o(i.vTaskSuspendAll)
    vTaskSwitchContext                       0x08008189   Thumb Code   108  tasks.o(i.vTaskSwitchContext)
    vUVTKTimerCallback                       0x080081fd   Thumb Code   100  uvtkdrv.o(i.vUVTKTimerCallback)
    xPortGetFreeHeapSize                     0x08008271   Thumb Code     6  heap_4.o(i.xPortGetFreeHeapSize)
    xPortStartScheduler                      0x0800827d   Thumb Code    38  port.o(i.xPortStartScheduler)
    xPortSysTickHandler                      0x080082ad   Thumb Code    28  port.o(i.xPortSysTickHandler)
    xQueueCreateMutex                        0x080082cd   Thumb Code    82  queue.o(i.xQueueCreateMutex)
    xQueueGenericCreate                      0x0800831f   Thumb Code    80  queue.o(i.xQueueGenericCreate)
    xQueueGenericReceive                     0x0800836f   Thumb Code   288  queue.o(i.xQueueGenericReceive)
    xQueueGenericReset                       0x0800848f   Thumb Code    98  queue.o(i.xQueueGenericReset)
    xQueueGenericSend                        0x080084f1   Thumb Code   224  queue.o(i.xQueueGenericSend)
    xQueueGenericSendFromISR                 0x080085d1   Thumb Code   118  queue.o(i.xQueueGenericSendFromISR)
    xTaskCheckForTimeOut                     0x08008649   Thumb Code    90  tasks.o(i.xTaskCheckForTimeOut)
    xTaskGenericCreate                       0x080086a9   Thumb Code   252  tasks.o(i.xTaskGenericCreate)
    xTaskGetCurrentTaskHandle                0x080087ad   Thumb Code     6  tasks.o(i.xTaskGetCurrentTaskHandle)
    xTaskGetSchedulerState                   0x080087b9   Thumb Code    24  tasks.o(i.xTaskGetSchedulerState)
    xTaskGetTickCount                        0x080087d5   Thumb Code    18  tasks.o(i.xTaskGetTickCount)
    xTaskRemoveFromEventList                 0x080087ed   Thumb Code    94  tasks.o(i.xTaskRemoveFromEventList)
    xTaskResumeAll                           0x08008855   Thumb Code   170  tasks.o(i.xTaskResumeAll)
    xTimerCreate                             0x08008909   Thumb Code    66  timers.o(i.xTimerCreate)
    xTimerCreateTimerTask                    0x0800894d   Thumb Code    54  timers.o(i.xTimerCreateTimerTask)
    xTimerGenericCommand                     0x08008995   Thumb Code    78  timers.o(i.xTimerGenericCommand)
    xTimerIsTimerActive                      0x080089e9   Thumb Code    26  timers.o(i.xTimerIsTimerActive)
    UVTK_inrogenTS                           0x08008a02   Data           5  uvtkdrv.o(.constdata)
    UVTK_inrogenTI1                          0x08008a07   Data           5  uvtkdrv.o(.constdata)
    UVTK_inrogenTI2                          0x08008a0c   Data           5  uvtkdrv.o(.constdata)
    UVTK_inrogenData                         0x08008a14   Data          20  uvtkdrv.o(.constdata)
    tcp_persist_backoff                      0x08008a50   Data           7  tcp.o(.constdata)
    tcp_state_str                            0x08008a58   Data          44  tcp.o(.constdata)
    tcp_backoff                              0x08008a84   Data          13  tcp.o(.constdata)
    tcp_pcb_lists                            0x08008a94   Data          16  tcp.o(.constdata)
    ip_addr_any                              0x08008aa4   Data           4  ip_addr.o(.constdata)
    ethbroadcast                             0x08008aa8   Data           6  etharp.o(.constdata)
    ethzero                                  0x08008aae   Data           6  etharp.o(.constdata)
    COM_TX_PIN                               0x08008ab4   Data           2  stm324x7i_eval.o(.constdata)
    COM_RX_PIN                               0x08008ab6   Data           2  stm324x7i_eval.o(.constdata)
    COM_TX_PIN_SOURCE                        0x08008ab8   Data           2  stm324x7i_eval.o(.constdata)
    COM_RX_PIN_SOURCE                        0x08008aba   Data           2  stm324x7i_eval.o(.constdata)
    COM_TX_AF                                0x08008abc   Data           2  stm324x7i_eval.o(.constdata)
    COM_RX_AF                                0x08008abe   Data           2  stm324x7i_eval.o(.constdata)
    COM_USART_CLK                            0x08008ac0   Data           4  stm324x7i_eval.o(.constdata)
    COM_TX_PORT_CLK                          0x08008ac4   Data           4  stm324x7i_eval.o(.constdata)
    COM_RX_PORT_CLK                          0x08008ac8   Data           4  stm324x7i_eval.o(.constdata)
    BUTTON_PIN                               0x08008acc   Data           6  stm324x7i_eval.o(.constdata)
    BUTTON_EXTI_LINE                         0x08008ad2   Data           6  stm324x7i_eval.o(.constdata)
    BUTTON_PORT_SOURCE                       0x08008ad8   Data           6  stm324x7i_eval.o(.constdata)
    BUTTON_PIN_SOURCE                        0x08008ade   Data           6  stm324x7i_eval.o(.constdata)
    BUTTON_IRQn                              0x08008ae4   Data           6  stm324x7i_eval.o(.constdata)
    GPIO_PIN                                 0x08008aea   Data           8  stm324x7i_eval.o(.constdata)
    GPIO_CLK                                 0x08008af4   Data          16  stm324x7i_eval.o(.constdata)
    BUTTON_CLK                               0x08008b04   Data          12  stm324x7i_eval.o(.constdata)
    ASCII16x24_Table                         0x08008b10   Data        4560  stm324x7i_eval_lcd.o(.constdata)
    Region$$Table$$Base                      0x08009d48   Number         0  anon$$obj.o(Region$$Table)
    Region$$Table$$Limit                     0x08009d68   Number         0  anon$$obj.o(Region$$Table)
    SystemCoreClock                          0x20000000   Data           4  system_stm32f4xx.o(.data)
    AHBPrescTable                            0x20000004   Data          16  system_stm32f4xx.o(.data)
    xButtonSemaphore                         0x20000014   Data           4  main.o(.data)
    EthLinkStatus                            0x20000018   Data           1  stm32f4x7_eth_bsp.o(.data)
    EthStatus                                0x2000001c   Data           4  stm32f4x7_eth_bsp.o(.data)
    ETH_link_xSemaphore                      0x20000020   Data           4  stm32f4x7_eth_bsp.o(.data)
    INROGEN_timer                            0x20000024   Data           4  iec104_server.o(.data)
    IEC104_send_buf                          0x20000028   Data           4  iec104_server.o(.data)
    NS                                       0x20000030   Data           2  libiecasdu.o(.data)
    NR                                       0x20000032   Data           2  libiecasdu.o(.data)
    TM_cp56_time                             0x20000034   Data           8  libiecasdu.o(.data)
    iec_fifo_buf                             0x2000003c   Data           4  libiecasdu.o(.data)
    SPI_data                                 0x20000040   Data           1  uvtkdrv.o(.data)
    xSPI_UVTK_Mutex                          0x20000044   Data           4  uvtkdrv.o(.data)
    xSPI_UVTK_Semaphore                      0x20000048   Data           4  uvtkdrv.o(.data)
    UVTK_timer                               0x2000004c   Data          24  uvtkdrv.o(.data)
    xIEC104_Poll_Mutex                       0x2000006c   Data           4  iec104_drv.o(.data)
    ts_mas                                   0x20000070   Data         256  iec104_drv.o(.data)
    ti_mas                                   0x20000170   Data         128  iec104_drv.o(.data)
    netif_list                               0x20000210   Data           4  netif.o(.data)
    netif_default                            0x20000214   Data           4  netif.o(.data)
    tcp_active_pcbs_changed                  0x2000021c   Data           1  tcp.o(.data)
    tcp_ticks                                0x20000228   Data           4  tcp.o(.data)
    tcp_bound_pcbs                           0x2000022c   Data           4  tcp.o(.data)
    tcp_listen_pcbs                          0x20000230   Data           4  tcp.o(.data)
    tcp_active_pcbs                          0x20000234   Data           4  tcp.o(.data)
    tcp_tw_pcbs                              0x20000238   Data           4  tcp.o(.data)
    tcp_tmp_pcb                              0x2000023c   Data           4  tcp.o(.data)
    tcp_input_pcb                            0x20000258   Data           4  tcp_in.o(.data)
    udp_pcbs                                 0x20000260   Data           4  udp.o(.data)
    current_netif                            0x20000268   Data           4  ip.o(.data)
    current_header                           0x2000026c   Data           4  ip.o(.data)
    current_iphdr_src                        0x20000270   Data           4  ip.o(.data)
    current_iphdr_dest                       0x20000274   Data           4  ip.o(.data)
    s_xSemaphore                             0x20000280   Data           4  ethernetif.o(.data)
    DMATxDescToSet                           0x200002a4   Data           4  stm32f4x7_eth.o(.data)
    DMARxDescToGet                           0x200002a8   Data           4  stm32f4x7_eth.o(.data)
    DMA_RX_FRAME_infos                       0x200002ac   Data           4  stm32f4x7_eth.o(.data)
    COM_USART                                0x200002b0   Data           4  stm324x7i_eval.o(.data)
    COM_TX_PORT                              0x200002b4   Data           4  stm324x7i_eval.o(.data)
    COM_RX_PORT                              0x200002b8   Data           4  stm324x7i_eval.o(.data)
    NVIC_InitStructure                       0x200002bc   Data           4  stm324x7i_eval.o(.data)
    GPIO_PORT                                0x200002c0   Data          16  stm324x7i_eval.o(.data)
    BUTTON_PORT                              0x200002d0   Data          12  stm324x7i_eval.o(.data)
    TextColor                                0x200002dc   Data           2  stm324x7i_eval_lcd.o(.data)
    BackColor                                0x200002de   Data           2  stm324x7i_eval_lcd.o(.data)
    Font16x24                                0x200002e4   Data           8  stm324x7i_eval_lcd.o(.data)
    pxCurrentTCB                             0x20000300   Data           4  tasks.o(.data)
    __stdout                                 0x2000034c   Data           4  stdout.o(.data)
    __microlib_freelist                      0x20000350   Data           4  mvars.o(.data)
    xnetif                                   0x20000354   Data          52  netconf.o(.bss)
    ETH_InitStructure                        0x20000388   Data         188  stm32f4x7_eth_bsp.o(.bss)
    iec_type30_tmpl                          0x20000444   Data           9  libiecasdu.o(.bss)
    iec_type34_tmpl                          0x2000044d   Data          11  libiecasdu.o(.bss)
    UVTK_ts_grp_data                         0x20000458   Data          16  uvtkdrv.o(.bss)
    UVTK_ti_grp_data                         0x20000468   Data          64  uvtkdrv.o(.bss)
    ram_heap                                 0x200004a8   Data        5140  mem.o(.bss)
    DMARxDscrTab                             0x200043b8   Data         128  stm32f4x7_eth.o(.bss)
    DMATxDscrTab                             0x20004438   Data         128  stm32f4x7_eth.o(.bss)
    Rx_Buff                                  0x200044b8   Data        6096  stm32f4x7_eth.o(.bss)
    Tx_Buff                                  0x20005c88   Data        6096  stm32f4x7_eth.o(.bss)
    RX_Frame_Descriptor                      0x20007458   Data          12  stm32f4x7_eth.o(.bss)
    __initial_sp                             0x2000c9b0   Data           0  startup_stm32f4xx.o(STACK)



==============================================================================

Memory Map of the image

  Image Entry point : 0x08000189

  Load Region LR_IROM1 (Base: 0x08000000, Size: 0x0000a0bc, Max: 0x00100000, ABSOLUTE, COMPRESSED[0x00009dcc])

    Execution Region ER_IROM1 (Base: 0x08000000, Size: 0x00009d68, Max: 0x00100000, ABSOLUTE)

    Base Addr    Size         Type   Attr      Idx    E Section Name        Object

    0x08000000   0x00000188   Data   RO          143    RESET               startup_stm32f4xx.o
    0x08000188   0x00000000   Code   RO         6851  * .ARM.Collect$$$$00000000  mc_w.l(entry.o)
    0x08000188   0x00000004   Code   RO         7165    .ARM.Collect$$$$00000001  mc_w.l(entry2.o)
    0x0800018c   0x00000004   Code   RO         7168    .ARM.Collect$$$$00000004  mc_w.l(entry5.o)
    0x08000190   0x00000000   Code   RO         7170    .ARM.Collect$$$$00000008  mc_w.l(entry7b.o)
    0x08000190   0x00000000   Code   RO         7172    .ARM.Collect$$$$0000000A  mc_w.l(entry8b.o)
    0x08000190   0x00000008   Code   RO         7173    .ARM.Collect$$$$0000000B  mc_w.l(entry9a.o)
    0x08000198   0x00000000   Code   RO         7175    .ARM.Collect$$$$0000000D  mc_w.l(entry10a.o)
    0x08000198   0x00000000   Code   RO         7177    .ARM.Collect$$$$0000000F  mc_w.l(entry11a.o)
    0x08000198   0x00000004   Code   RO         7166    .ARM.Collect$$$$00002712  mc_w.l(entry2.o)
    0x0800019c   0x00000084   Code   RO         6178    .emb_text           port.o
    0x08000220   0x00000024   Code   RO          144    .text               startup_stm32f4xx.o
    0x08000244   0x00000024   Code   RO         6854    .text               mc_w.l(memcpya.o)
    0x08000268   0x00000024   Code   RO         6856    .text               mc_w.l(memseta.o)
    0x0800028c   0x00000018   Code   RO         6860    .text               mc_w.l(strncpy.o)
    0x080002a4   0x0000001a   Code   RO         6864    .text               mc_w.l(memcmp.o)
    0x080002be   0x00000062   Code   RO         7182    .text               mc_w.l(uldiv.o)
    0x08000320   0x00000024   Code   RO         7197    .text               mc_w.l(init.o)
    0x08000344   0x0000001e   Code   RO         7199    .text               mc_w.l(llshl.o)
    0x08000362   0x00000020   Code   RO         7201    .text               mc_w.l(llushr.o)
    0x08000382   0x0000005c   Code   RO         7213    .text               mc_w.l(__dczerorl2.o)
    0x080003de   0x00000002   Code   RO          528    i.BusFault_Handler  stm32f4xx_it.o
    0x080003e0   0x00000002   Code   RO          529    i.DebugMon_Handler  stm32f4xx_it.o
    0x080003e2   0x00000004   Code   RO          150    i.Delay             main.o
    0x080003e6   0x00000002   PAD
    0x080003e8   0x00000074   Code   RO          456    i.ETH_BSP_Config    stm32f4x7_eth_bsp.o
    0x0800045c   0x0000000c   Code   RO         5234    i.ETH_DMAClearITPendingBit  stm32f4x7_eth.o
    0x08000468   0x0000001c   Code   RO         5235    i.ETH_DMAITConfig   stm32f4x7_eth.o
    0x08000484   0x00000020   Code   RO         5236    i.ETH_DMAReceptionCmd  stm32f4x7_eth.o
    0x080004a4   0x0000005c   Code   RO         5237    i.ETH_DMARxDescChainInit  stm32f4x7_eth.o
    0x08000500   0x00000016   Code   RO         5238    i.ETH_DMARxDescReceiveITConfig  stm32f4x7_eth.o
    0x08000516   0x00000002   PAD
    0x08000518   0x00000020   Code   RO         5239    i.ETH_DMATransmissionCmd  stm32f4x7_eth.o
    0x08000538   0x00000048   Code   RO         5242    i.ETH_DMATxDescChainInit  stm32f4x7_eth.o
    0x08000580   0x00000008   Code   RO         5243    i.ETH_DMATxDescChecksumInsertionConfig  stm32f4x7_eth.o
    0x08000588   0x00000018   Code   RO         5248    i.ETH_DeInit        stm32f4x7_eth.o
    0x080005a0   0x00000020   Code   RO         5250    i.ETH_FlushTransmitFIFO  stm32f4x7_eth.o
    0x080005c0   0x000000c4   Code   RO          457    i.ETH_GPIO_Config   stm32f4x7_eth_bsp.o
    0x08000684   0x00000014   Code   RO         5256    i.ETH_GetDMAFlagStatus  stm32f4x7_eth.o
    0x08000698   0x00000014   Code   RO         5276    i.ETH_GetSoftwareResetStatus  stm32f4x7_eth.o
    0x080006ac   0x000000a4   Code   RO         5279    i.ETH_Get_Received_Frame_interrupt  stm32f4x7_eth.o
    0x08000750   0x0000003c   Code   RO          530    i.ETH_IRQHandler    stm32f4xx_it.o
    0x0800078c   0x000002ac   Code   RO         5281    i.ETH_Init          stm32f4x7_eth.o
    0x08000a38   0x0000002c   Code   RO         5283    i.ETH_MACAddressConfig  stm32f4x7_eth.o
    0x08000a64   0x00000098   Code   RO          458    i.ETH_MACDMA_Config  stm32f4x7_eth_bsp.o
    0x08000afc   0x00000034   Code   RO         5288    i.ETH_MACReceptionCmd  stm32f4x7_eth.o
    0x08000b30   0x00000034   Code   RO         5289    i.ETH_MACTransmissionCmd  stm32f4x7_eth.o
    0x08000b64   0x0000002a   Code   RO          459    i.ETH_NVIC_Config   stm32f4x7_eth_bsp.o
    0x08000b8e   0x00000002   PAD
    0x08000b90   0x000000b0   Code   RO         5300    i.ETH_Prepare_Transmit_Descriptors  stm32f4x7_eth.o
    0x08000c40   0x00000058   Code   RO         5301    i.ETH_ReadPHYRegister  stm32f4x7_eth.o
    0x08000c98   0x00000010   Code   RO         5309    i.ETH_SoftwareReset  stm32f4x7_eth.o
    0x08000ca8   0x00000022   Code   RO         5310    i.ETH_Start         stm32f4x7_eth.o
    0x08000cca   0x00000022   Code   RO         5311    i.ETH_Stop          stm32f4x7_eth.o
    0x08000cec   0x0000009a   Code   RO         5312    i.ETH_StructInit    stm32f4x7_eth.o
    0x08000d86   0x00000002   PAD
    0x08000d88   0x00000058   Code   RO         5314    i.ETH_WritePHYRegister  stm32f4x7_eth.o
    0x08000de0   0x00000138   Code   RO          460    i.ETH_link_callback  stm32f4x7_eth_bsp.o
    0x08000f18   0x00000040   Code   RO          531    i.EXTI0_IRQHandler  stm32f4xx_it.o
    0x08000f58   0x00000038   Code   RO          532    i.EXTI15_10_IRQHandler  stm32f4xx_it.o
    0x08000f90   0x0000000c   Code   RO         3330    i.EXTI_ClearITPendingBit  stm32f4xx_exti.o
    0x08000f9c   0x00000020   Code   RO         3334    i.EXTI_GetITStatus  stm32f4xx_exti.o
    0x08000fbc   0x00000074   Code   RO         3335    i.EXTI_Init         stm32f4xx_exti.o
    0x08001030   0x0000006c   Code   RO          461    i.Eth_Link_EXTIConfig  stm32f4x7_eth_bsp.o
    0x0800109c   0x00000048   Code   RO          462    i.Eth_Link_IT_task  stm32f4x7_eth_bsp.o
    0x080010e4   0x0000003c   Code   RO          463    i.Eth_Link_PHYITConfig  stm32f4x7_eth_bsp.o
    0x08001120   0x0000007c   Code   RO         3726    i.GPIO_Init         stm32f4xx_gpio.o
    0x0800119c   0x00000020   Code   RO         3727    i.GPIO_PinAFConfig  stm32f4xx_gpio.o
    0x080011bc   0x0000000e   Code   RO         3730    i.GPIO_ReadInputDataBit  stm32f4xx_gpio.o
    0x080011ca   0x00000002   Code   RO          533    i.HardFault_Handler  stm32f4xx_it.o
    0x080011cc   0x00000098   Code   RO          972    i.IEC104_TI_poll    iec104_drv.o
    0x08001264   0x000000b4   Code   RO          973    i.IEC104_TS_poll    iec104_drv.o
    0x08001318   0x0000013c   Code   RO          974    i.IEC104_UVTK_IV_poll  iec104_drv.o
    0x08001454   0x00000040   Code   RO          975    i.IEC104_UVTK_TI_poll  iec104_drv.o
    0x08001494   0x0000008c   Code   RO          976    i.IEC104_UVTK_TS_poll  iec104_drv.o
    0x08001520   0x000000ec   Code   RO          977    i.IEC104_init_task  iec104_drv.o
    0x0800160c   0x00000010   Code   RO         5181    i.IWDG_Enable       stm32f4xx_iwdg.o
    0x0800161c   0x00000010   Code   RO         5183    i.IWDG_ReloadCounter  stm32f4xx_iwdg.o
    0x0800162c   0x0000000c   Code   RO         5184    i.IWDG_SetPrescaler  stm32f4xx_iwdg.o
    0x08001638   0x0000000c   Code   RO         5185    i.IWDG_SetReload    stm32f4xx_iwdg.o
    0x08001644   0x0000000c   Code   RO         5186    i.IWDG_WriteAccessCmd  stm32f4xx_iwdg.o
    0x08001650   0x00000044   Code   RO         5762    i.InitIEC_RTC       stm324x7i_eval.o
    0x08001694   0x00000020   Code   RO         5763    i.Init_IWDT         stm324x7i_eval.o
    0x080016b4   0x000000e8   Code   RO         5764    i.Init_SPI          stm324x7i_eval.o
    0x0800179c   0x00000030   Code   RO         5895    i.LCD_ClearLine     stm324x7i_eval_lcd.o
    0x080017cc   0x00000020   Code   RO         5900    i.LCD_DisplayChar   stm324x7i_eval_lcd.o
    0x080017ec   0x00000038   Code   RO         5903    i.LCD_DisplayStringLine  stm324x7i_eval_lcd.o
    0x08001824   0x00000088   Code   RO         5904    i.LCD_DrawChar      stm324x7i_eval_lcd.o
    0x080018ac   0x0000000c   Code   RO         5915    i.LCD_GetFont       stm324x7i_eval_lcd.o
    0x080018b8   0x00000026   Code   RO          151    i.LCD_LED_Init      main.o
    0x080018de   0x00000018   Code   RO         5925    i.LCD_SetCursor     stm324x7i_eval_lcd.o
    0x080018f6   0x00000002   PAD
    0x080018f8   0x00000010   Code   RO         5928    i.LCD_SetTextColor  stm324x7i_eval_lcd.o
    0x08001908   0x00000008   Code   RO         5931    i.LCD_WriteRAM      stm324x7i_eval_lcd.o
    0x08001910   0x0000000a   Code   RO         5932    i.LCD_WriteRAM_Prepare  stm324x7i_eval_lcd.o
    0x0800191a   0x0000000a   Code   RO         5933    i.LCD_WriteReg      stm324x7i_eval_lcd.o
    0x08001924   0x000000ec   Code   RO          403    i.LwIP_Init         netconf.o
    0x08001a10   0x000000c8   Code   RO          152    i.Main_task         main.o
    0x08001ad8   0x00000002   Code   RO          534    i.MemManage_Handler  stm32f4xx_it.o
    0x08001ada   0x00000002   Code   RO          535    i.NMI_Handler       stm32f4xx_it.o
    0x08001adc   0x00000068   Code   RO         2915    i.NVIC_Init         misc.o
    0x08001b44   0x00000014   Code   RO         2916    i.NVIC_PriorityGroupConfig  misc.o
    0x08001b58   0x0000000c   Code   RO         4931    i.PWR_BackupAccessCmd  stm32f4xx_pwr.o
    0x08001b64   0x0000001c   Code   RO         3823    i.RCC_AHB1PeriphClockCmd  stm32f4xx_rcc.o
    0x08001b80   0x0000001c   Code   RO         3825    i.RCC_AHB1PeriphResetCmd  stm32f4xx_rcc.o
    0x08001b9c   0x0000001c   Code   RO         3832    i.RCC_APB1PeriphClockCmd  stm32f4xx_rcc.o
    0x08001bb8   0x0000001c   Code   RO         3835    i.RCC_APB2PeriphClockCmd  stm32f4xx_rcc.o
    0x08001bd4   0x0000000c   Code   RO         3839    i.RCC_BackupResetCmd  stm32f4xx_rcc.o
    0x08001be0   0x000000a0   Code   RO         3844    i.RCC_GetClocksFreq  stm32f4xx_rcc.o
    0x08001c80   0x0000000c   Code   RO         3863    i.RCC_RTCCLKCmd     stm32f4xx_rcc.o
    0x08001c8c   0x00000030   Code   RO         3864    i.RCC_RTCCLKConfig  stm32f4xx_rcc.o
    0x08001cbc   0x00000012   Code   RO         4580    i.RTC_Bcd2ToByte    stm32f4xx_rtc.o
    0x08001cce   0x00000018   Code   RO         4582    i.RTC_ByteToBcd2    stm32f4xx_rtc.o
    0x08001ce6   0x00000002   PAD
    0x08001ce8   0x00000044   Code   RO         4592    i.RTC_EnterInitMode  stm32f4xx_rtc.o
    0x08001d2c   0x00000010   Code   RO         4593    i.RTC_ExitInitMode  stm32f4xx_rtc.o
    0x08001d3c   0x00000048   Code   RO         4596    i.RTC_GetDate       stm32f4xx_rtc.o
    0x08001d84   0x00000010   Code   RO         4600    i.RTC_GetSubSecond  stm32f4xx_rtc.o
    0x08001d94   0x0000004c   Code   RO         4601    i.RTC_GetTime       stm32f4xx_rtc.o
    0x08001de0   0x00000050   Code   RO         4606    i.RTC_Init          stm32f4xx_rtc.o
    0x08001e30   0x000000a4   Code   RO         4612    i.RTC_SetDate       stm32f4xx_rtc.o
    0x08001ed4   0x000000a8   Code   RO         4613    i.RTC_SetTime       stm32f4xx_rtc.o
    0x08001f7c   0x0000004c   Code   RO         4629    i.RTC_WaitForSynchro  stm32f4xx_rtc.o
    0x08001fc8   0x00000044   Code   RO          536    i.SPI3_IRQHandler   stm32f4xx_it.o
    0x0800200c   0x00000018   Code   RO         5023    i.SPI_Cmd           stm32f4xx_spi.o
    0x08002024   0x0000000e   Code   RO         5031    i.SPI_I2S_GetFlagStatus  stm32f4xx_spi.o
    0x08002032   0x0000002c   Code   RO         5032    i.SPI_I2S_GetITStatus  stm32f4xx_spi.o
    0x0800205e   0x0000001c   Code   RO         5033    i.SPI_I2S_ITConfig  stm32f4xx_spi.o
    0x0800207a   0x00000004   Code   RO         5034    i.SPI_I2S_ReceiveData  stm32f4xx_spi.o
    0x0800207e   0x00000004   Code   RO         5035    i.SPI_I2S_SendData  stm32f4xx_spi.o
    0x08002082   0x00000038   Code   RO         5036    i.SPI_Init          stm32f4xx_spi.o
    0x080020ba   0x00000002   PAD
    0x080020bc   0x00000068   Code   RO         5769    i.SPI_SendDataArray  stm324x7i_eval.o
    0x08002124   0x00000048   Code   RO         5771    i.STM_EVAL_LEDInit  stm324x7i_eval.o
    0x0800216c   0x00000018   Code   RO         5773    i.STM_EVAL_LEDOn    stm324x7i_eval.o
    0x08002184   0x0000001c   Code   RO         5774    i.STM_EVAL_LEDToggle  stm324x7i_eval.o
    0x080021a0   0x00000018   Code   RO         5775    i.STM_EVAL_PBGetState  stm324x7i_eval.o
    0x080021b8   0x000000a8   Code   RO         5776    i.STM_EVAL_PBInit   stm324x7i_eval.o
    0x08002260   0x0000000c   Code   RO         4305    i.SYSCFG_ETH_MediaInterfaceConfig  stm32f4xx_syscfg.o
    0x0800226c   0x00000028   Code   RO         4306    i.SYSCFG_EXTILineConfig  stm32f4xx_syscfg.o
    0x08002294   0x000000d4   Code   RO            3    i.SetSysClock       system_stm32f4xx.o
    0x08002368   0x00000004   Code   RO          537    i.SysTick_Handler   stm32f4xx_it.o
    0x0800236c   0x00000050   Code   RO            5    i.SystemInit        system_stm32f4xx.o
    0x080023bc   0x00000016   Code   RO          153    i.ToggleLed4        main.o
    0x080023d2   0x00000002   PAD
    0x080023d4   0x00000110   Code   RO          915    i.UVTK_TS_poll      uvtkdrv.o
    0x080024e4   0x000000e8   Code   RO          916    i.UVTK_init_task    uvtkdrv.o
    0x080025cc   0x000001bc   Code   RO          917    i.UVTK_poll         uvtkdrv.o
    0x08002788   0x0000008c   Code   RO          918    i.UVTK_set_inv      uvtkdrv.o
    0x08002814   0x00000002   Code   RO          538    i.UsageFault_Handler  stm32f4xx_it.o
    0x08002816   0x00000002   PAD
    0x08002818   0x00000020   Code   RO         7075    i.__0printf$8       mc_w.l(printf8.o)
    0x08002838   0x0000000e   Code   RO         7207    i.__scatterload_copy  mc_w.l(handlers.o)
    0x08002846   0x00000002   Code   RO         7208    i.__scatterload_null  mc_w.l(handlers.o)
    0x08002848   0x0000000e   Code   RO         7209    i.__scatterload_zeroinit  mc_w.l(handlers.o)
    0x08002856   0x00000002   PAD
    0x08002858   0x00000408   Code   RO         7082    i._printf_core      mc_w.l(printf8.o)
    0x08002c60   0x00000026   Code   RO         7083    i._printf_post_padding  mc_w.l(printf8.o)
    0x08002c86   0x00000030   Code   RO         7084    i._printf_pre_padding  mc_w.l(printf8.o)
    0x08002cb6   0x00000002   PAD
    0x08002cb8   0x0000001c   Code   RO         2462    i.arp_timer         ethernetif.o
    0x08002cd4   0x0000001c   Code   RO         2673    i.arp_timer         lwip_timers.o
    0x08002cf0   0x00000036   Code   RO          871    i.createFifoToHeap  fifo_buffer.o
    0x08002d26   0x000000e4   Code   RO         2365    i.etharp_arp_input  etharp.o
    0x08002e0a   0x00000002   PAD
    0x08002e0c   0x00000030   Code   RO         2366    i.etharp_cleanup_netif  etharp.o
    0x08002e3c   0x000000f8   Code   RO         2368    i.etharp_find_entry  etharp.o
    0x08002f34   0x0000003c   Code   RO         2369    i.etharp_free_entry  etharp.o
    0x08002f70   0x00000108   Code   RO         2370    i.etharp_output     etharp.o
    0x08003078   0x00000044   Code   RO         2371    i.etharp_output_to_arp_index  etharp.o
    0x080030bc   0x00000104   Code   RO         2372    i.etharp_query      etharp.o
    0x080031c0   0x000000a4   Code   RO         2373    i.etharp_raw        etharp.o
    0x08003264   0x00000024   Code   RO         2374    i.etharp_request    etharp.o
    0x08003288   0x00000020   Code   RO         2375    i.etharp_send_ip    etharp.o
    0x080032a8   0x00000044   Code   RO         2376    i.etharp_tmr        etharp.o
    0x080032ec   0x00000080   Code   RO         2377    i.etharp_update_arp_entry  etharp.o
    0x0800336c   0x00000094   Code   RO         2378    i.ethernet_input    etharp.o
    0x08003400   0x00000038   Code   RO         2463    i.ethernetif_init   ethernetif.o
    0x08003438   0x00000044   Code   RO         2464    i.ethernetif_input  ethernetif.o
    0x0800347c   0x00000010   Code   RO          873    i.fifoIsEmpty       fifo_buffer.o
    0x0800348c   0x0000001c   Code   RO          874    i.fifoIsFull        fifo_buffer.o
    0x080034a8   0x0000003a   Code   RO          875    i.fifoPopElem       fifo_buffer.o
    0x080034e2   0x0000003e   Code   RO          876    i.fifoPushElem      fifo_buffer.o
    0x08003520   0x0000001c   Code   RO          154    i.fputc             main.o
    0x0800353c   0x00000016   Code   RO          696    i.frame_type        iec104_server.o
    0x08003552   0x00000002   PAD
    0x08003554   0x00000050   Code   RO         7129    i.free              mc_w.l(malloc.o)
    0x080035a4   0x000000e0   Code   RO          697    i.generatIECansw    iec104_server.o
    0x08003684   0x00000074   Code   RO          819    i.get_iec_time      libiecasdu.o
    0x080036f8   0x00000008   Code   RO         2164    i.icmp_dest_unreach  icmp.o
    0x08003700   0x00000120   Code   RO         2165    i.icmp_input        icmp.o
    0x08003820   0x00000066   Code   RO         2166    i.icmp_send_response  icmp.o
    0x08003886   0x00000002   PAD
    0x08003888   0x0000005c   Code   RO          763    i.iecsock_server_accept  iecsock_server.o
    0x080038e4   0x00000054   Code   RO          764    i.iecsock_server_connection_close  iecsock_server.o
    0x08003938   0x0000000a   Code   RO          765    i.iecsock_server_error  iecsock_server.o
    0x08003942   0x00000002   PAD
    0x08003944   0x00000080   Code   RO          766    i.iecsock_server_init  iecsock_server.o
    0x080039c4   0x00000044   Code   RO          767    i.iecsock_server_poll  iecsock_server.o
    0x08003a08   0x000000d8   Code   RO          768    i.iecsock_server_recv  iecsock_server.o
    0x08003ae0   0x00000052   Code   RO          769    i.iecsock_server_send  iecsock_server.o
    0x08003b32   0x00000022   Code   RO          770    i.iecsock_server_sent  iecsock_server.o
    0x08003b54   0x0000000c   Code   RO         2218    i.inet_chksum       inet_chksum.o
    0x08003b60   0x00000048   Code   RO         2219    i.inet_chksum_pbuf  inet_chksum.o
    0x08003ba8   0x00000040   Code   RO          698    i.init_IEC104_server  iec104_server.o
    0x08003be8   0x0000003e   Code   RO         2297    i.ip4_addr_isbroadcast  ip_addr.o
    0x08003c26   0x00000002   PAD
    0x08003c28   0x00000160   Code   RO         2257    i.ip_input          ip.o
    0x08003d88   0x00000034   Code   RO         2258    i.ip_output         ip.o
    0x08003dbc   0x00000094   Code   RO         2259    i.ip_output_if      ip.o
    0x08003e50   0x00000040   Code   RO         2260    i.ip_route          ip.o
    0x08003e90   0x000000e0   Code   RO         2465    i.low_level_init    ethernetif.o
    0x08003f70   0x00000088   Code   RO         2466    i.low_level_input   ethernetif.o
    0x08003ff8   0x000000dc   Code   RO         2467    i.low_level_output  ethernetif.o
    0x080040d4   0x00000018   Code   RO         2639    i.lwip_htonl        def.o
    0x080040ec   0x0000000a   Code   RO         2640    i.lwip_htons        def.o
    0x080040f6   0x00000022   Code   RO         1231    i.lwip_init         init.o
    0x08004118   0x00000004   Code   RO         2641    i.lwip_ntohl        def.o
    0x0800411c   0x00000004   Code   RO         2642    i.lwip_ntohs        def.o
    0x08004120   0x00000056   Code   RO         2222    i.lwip_standard_chksum  inet_chksum.o
    0x08004176   0x00000002   PAD
    0x08004178   0x00000034   Code   RO          155    i.main              main.o
    0x080041ac   0x00000048   Code   RO         1283    i.mem_free          mem.o
    0x080041f4   0x0000003c   Code   RO         1284    i.mem_init          mem.o
    0x08004230   0x000000d0   Code   RO         1285    i.mem_malloc        mem.o
    0x08004300   0x000000ec   Code   RO         1286    i.mem_trim          mem.o
    0x080043ec   0x00000018   Code   RO         1331    i.memp_free         memp.o
    0x08004404   0x00000058   Code   RO         1332    i.memp_init         memp.o
    0x0800445c   0x00000020   Code   RO         1333    i.memp_malloc       memp.o
    0x0800447c   0x00000048   Code   RO         1370    i.netif_add         netif.o
    0x080044c4   0x00000002   Code   RO         1372    i.netif_init        netif.o
    0x080044c6   0x00000022   Code   RO         1374    i.netif_set_addr    netif.o
    0x080044e8   0x0000000c   Code   RO         1375    i.netif_set_default  netif.o
    0x080044f4   0x0000001a   Code   RO         1376    i.netif_set_down    netif.o
    0x0800450e   0x0000000e   Code   RO         1377    i.netif_set_gw      netif.o
    0x0800451c   0x0000006c   Code   RO         1378    i.netif_set_ipaddr  netif.o
    0x08004588   0x00000008   Code   RO         1379    i.netif_set_link_callback  netif.o
    0x08004590   0x0000001c   Code   RO         1380    i.netif_set_link_down  netif.o
    0x080045ac   0x00000036   Code   RO         1381    i.netif_set_link_up  netif.o
    0x080045e2   0x0000000e   Code   RO         1382    i.netif_set_netmask  netif.o
    0x080045f0   0x00000020   Code   RO         1383    i.netif_set_up      netif.o
    0x08004610   0x000000f0   Code   RO          820    i.parse_iframe      libiecasdu.o
    0x08004700   0x00000128   Code   RO         1477    i.pbuf_alloc        pbuf.o
    0x08004828   0x00000028   Code   RO         1478    i.pbuf_cat          pbuf.o
    0x08004850   0x00000014   Code   RO         1479    i.pbuf_chain        pbuf.o
    0x08004864   0x00000012   Code   RO         1480    i.pbuf_clen         pbuf.o
    0x08004876   0x000000a0   Code   RO         1482    i.pbuf_copy         pbuf.o
    0x08004916   0x0000006c   Code   RO         1483    i.pbuf_copy_partial  pbuf.o
    0x08004982   0x00000052   Code   RO         1485    i.pbuf_free         pbuf.o
    0x080049d4   0x00000068   Code   RO         1487    i.pbuf_header       pbuf.o
    0x08004a3c   0x0000004e   Code   RO         1490    i.pbuf_realloc      pbuf.o
    0x08004a8a   0x0000000c   Code   RO         1491    i.pbuf_ref          pbuf.o
    0x08004a96   0x00000056   Code   RO         1493    i.pbuf_take         pbuf.o
    0x08004aec   0x00000054   Code   RO         1287    i.plug_holes        mem.o
    0x08004b40   0x0000021c   Code   RO          821    i.prepare_data_iframe  libiecasdu.o
    0x08004d5c   0x00000108   Code   RO          699    i.prepare_tcp_iec_buf  iec104_server.o
    0x08004e64   0x00000080   Code   RO          700    i.prepare_uframe_answ  iec104_server.o
    0x08004ee4   0x00000038   Code   RO         6287    i.prvAddCurrentTaskToDelayedList  tasks.o
    0x08004f1c   0x00000038   Code   RO         6288    i.prvAllocateTCBAndStack  tasks.o
    0x08004f54   0x00000040   Code   RO         6767    i.prvCheckForValidListAndQueue  timers.o
    0x08004f94   0x00000054   Code   RO         6289    i.prvCheckTasksWaitingTermination  tasks.o
    0x08004fe8   0x00000028   Code   RO         6605    i.prvCopyDataFromQueue  queue.o
    0x08005010   0x0000005c   Code   RO         6606    i.prvCopyDataToQueue  queue.o
    0x0800506c   0x00000014   Code   RO         6290    i.prvDeleteTCB      tasks.o
    0x08005080   0x00000024   Code   RO         6768    i.prvGetNextExpireTime  timers.o
    0x080050a4   0x00000050   Code   RO         6238    i.prvHeapInit       heap_4.o
    0x080050f4   0x00000018   Code   RO         6291    i.prvIdleTask       tasks.o
    0x0800510c   0x0000003a   Code   RO         6292    i.prvInitialiseTCBVariables  tasks.o
    0x08005146   0x00000002   PAD
    0x08005148   0x00000050   Code   RO         6293    i.prvInitialiseTaskLists  tasks.o
    0x08005198   0x00000054   Code   RO         6239    i.prvInsertBlockIntoFreeList  heap_4.o
    0x080051ec   0x00000040   Code   RO         6769    i.prvInsertTimerInActiveList  timers.o
    0x0800522c   0x0000001a   Code   RO         6607    i.prvIsQueueEmpty   queue.o
    0x08005246   0x0000001e   Code   RO         6608    i.prvIsQueueFull    queue.o
    0x08005264   0x00000054   Code   RO         6770    i.prvProcessExpiredTimer  timers.o
    0x080052b8   0x000000a4   Code   RO         6771    i.prvProcessReceivedCommands  timers.o
    0x0800535c   0x0000004c   Code   RO         6772    i.prvProcessTimerOrBlockTask  timers.o
    0x080053a8   0x0000002c   Code   RO         6773    i.prvSampleTimeNow  timers.o
    0x080053d4   0x00000064   Code   RO         6774    i.prvSwitchTimerLists  timers.o
    0x08005438   0x00000014   Code   RO         6775    i.prvTimerTask      timers.o
    0x0800544c   0x00000064   Code   RO         6609    i.prvUnlockQueue    queue.o
    0x080054b0   0x00000084   Code   RO         6240    i.pvPortMalloc      heap_4.o
    0x08005534   0x00000004   Code   RO         6776    i.pvTimerGetTimerID  timers.o
    0x08005538   0x00000018   Code   RO         6179    i.pxPortInitialiseStack  port.o
    0x08005550   0x00000074   Code   RO         1594    i.raw_input         raw.o
    0x080055c4   0x0000005e   Code   RO          823    i.set_iec_time      libiecasdu.o
    0x08005622   0x00000054   Code   RO         2513    i.sys_arch_mbox_fetch  sys_arch.o
    0x08005676   0x0000004a   Code   RO         2516    i.sys_arch_sem_wait  sys_arch.o
    0x080056c0   0x0000000c   Code   RO         2519    i.sys_init          sys_arch.o
    0x080056cc   0x0000001c   Code   RO         2521    i.sys_mbox_new      sys_arch.o
    0x080056e8   0x0000001c   Code   RO         2524    i.sys_mbox_trypost  sys_arch.o
    0x08005704   0x0000000e   Code   RO         2525    i.sys_mbox_valid    sys_arch.o
    0x08005712   0x0000003a   Code   RO         2527    i.sys_sem_new       sys_arch.o
    0x0800574c   0x0000000c   Code   RO         2529    i.sys_sem_signal    sys_arch.o
    0x08005758   0x00000044   Code   RO         2531    i.sys_thread_new    sys_arch.o
    0x0800579c   0x00000068   Code   RO         2674    i.sys_timeout       lwip_timers.o
    0x08005804   0x00000010   Code   RO         2675    i.sys_timeouts_init  lwip_timers.o
    0x08005814   0x00000068   Code   RO         2676    i.sys_timeouts_mbox_fetch  lwip_timers.o
    0x0800587c   0x0000004c   Code   RO         2677    i.sys_untimeout     lwip_timers.o
    0x080058c8   0x0000008c   Code   RO         1678    i.tcp_abandon       tcp.o
    0x08005954   0x00000006   Code   RO         1679    i.tcp_abort         tcp.o
    0x0800595a   0x00000004   Code   RO         1680    i.tcp_accept        tcp.o
    0x0800595e   0x00000006   Code   RO         1681    i.tcp_accept_null   tcp.o
    0x08005964   0x000000a4   Code   RO         1682    i.tcp_alloc         tcp.o
    0x08005a08   0x00000004   Code   RO         1683    i.tcp_arg           tcp.o
    0x08005a0c   0x0000008c   Code   RO         1684    i.tcp_bind          tcp.o
    0x08005a98   0x00000014   Code   RO         1685    i.tcp_close         tcp.o
    0x08005aac   0x0000015c   Code   RO         1686    i.tcp_close_shutdown  tcp.o
    0x08005c08   0x000000a2   Code   RO         1966    i.tcp_create_segment  tcp_out.o
    0x08005caa   0x00000020   Code   RO         1689    i.tcp_eff_send_mss  tcp.o
    0x08005cca   0x000000cc   Code   RO         1967    i.tcp_enqueue_flags  tcp_out.o
    0x08005d96   0x00000006   Code   RO         1690    i.tcp_err           tcp.o
    0x08005d9c   0x00000058   Code   RO         1691    i.tcp_fasttmr       tcp.o
    0x08005df4   0x00000002   Code   RO         1692    i.tcp_init          tcp.o
    0x08005df6   0x00000002   PAD
    0x08005df8   0x0000034c   Code   RO         1911    i.tcp_input         tcp_in.o
    0x08006144   0x0000003e   Code   RO         1968    i.tcp_keepalive     tcp_out.o
    0x08006182   0x00000002   PAD
    0x08006184   0x00000044   Code   RO         1693    i.tcp_kill_prio     tcp.o
    0x080061c8   0x00000034   Code   RO         1694    i.tcp_kill_timewait  tcp.o
    0x080061fc   0x000000f0   Code   RO         1912    i.tcp_listen_input  tcp_in.o
    0x080062ec   0x00000098   Code   RO         1695    i.tcp_listen_with_backlog  tcp.o
    0x08006384   0x00000006   Code   RO         1696    i.tcp_new           tcp.o
    0x0800638a   0x00000002   PAD
    0x0800638c   0x00000058   Code   RO         1697    i.tcp_new_port      tcp.o
    0x080063e4   0x00000010   Code   RO         1698    i.tcp_next_iss      tcp.o
    0x080063f4   0x00000188   Code   RO         1969    i.tcp_output        tcp_out.o
    0x0800657c   0x0000006a   Code   RO         1970    i.tcp_output_alloc_header  tcp_out.o
    0x080065e6   0x00000002   PAD
    0x080065e8   0x000000b0   Code   RO         1971    i.tcp_output_segment  tcp_out.o
    0x08006698   0x00000088   Code   RO         1913    i.tcp_parseopt      tcp_in.o
    0x08006720   0x00000052   Code   RO         1972    i.tcp_pbuf_prealloc  tcp_out.o
    0x08006772   0x0000003a   Code   RO         1699    i.tcp_pcb_purge     tcp.o
    0x080067ac   0x0000005c   Code   RO         1700    i.tcp_pcb_remove    tcp.o
    0x08006808   0x0000000a   Code   RO         1701    i.tcp_poll          tcp.o
    0x08006812   0x00000002   PAD
    0x08006814   0x000003d4   Code   RO         1914    i.tcp_process       tcp_in.o
    0x08006be8   0x0000006a   Code   RO         1702    i.tcp_process_refused_data  tcp.o
    0x08006c52   0x00000002   PAD
    0x08006c54   0x0000043c   Code   RO         1915    i.tcp_receive       tcp_in.o
    0x08007090   0x00000004   Code   RO         1703    i.tcp_recv          tcp.o
    0x08007094   0x00000026   Code   RO         1704    i.tcp_recv_null     tcp.o
    0x080070ba   0x00000038   Code   RO         1705    i.tcp_recved        tcp.o
    0x080070f2   0x00000050   Code   RO         1973    i.tcp_rexmit        tcp_out.o
    0x08007142   0x0000005e   Code   RO         1974    i.tcp_rexmit_fast   tcp_out.o
    0x080071a0   0x0000002e   Code   RO         1975    i.tcp_rexmit_rto    tcp_out.o
    0x080071ce   0x00000078   Code   RO         1976    i.tcp_rst           tcp_out.o
    0x08007246   0x0000001e   Code   RO         1706    i.tcp_seg_free      tcp.o
    0x08007264   0x00000012   Code   RO         1707    i.tcp_segs_free     tcp.o
    0x08007276   0x00000048   Code   RO         1977    i.tcp_send_empty_ack  tcp_out.o
    0x080072be   0x00000048   Code   RO         1978    i.tcp_send_fin      tcp_out.o
    0x08007306   0x00000004   Code   RO         1708    i.tcp_sent          tcp.o
    0x0800730a   0x00000004   Code   RO         1709    i.tcp_setprio       tcp.o
    0x0800730e   0x00000002   PAD
    0x08007310   0x00000270   Code   RO         1711    i.tcp_slowtmr       tcp.o
    0x08007580   0x00000034   Code   RO         2678    i.tcp_timer_needed  lwip_timers.o
    0x080075b4   0x00000074   Code   RO         1916    i.tcp_timewait_input  tcp_in.o
    0x08007628   0x00000020   Code   RO         1712    i.tcp_tmr           tcp.o
    0x08007648   0x00000036   Code   RO         1713    i.tcp_update_rcv_ann_wnd  tcp.o
    0x0800767e   0x000002ca   Code   RO         1979    i.tcp_write         tcp_out.o
    0x08007948   0x0000004e   Code   RO         1980    i.tcp_write_checks  tcp_out.o
    0x08007996   0x0000009a   Code   RO         1981    i.tcp_zero_window_probe  tcp_out.o
    0x08007a30   0x0000003c   Code   RO         1119    i.tcpip_init        tcpip.o
    0x08007a6c   0x00000050   Code   RO         1120    i.tcpip_input       tcpip.o
    0x08007abc   0x00000038   Code   RO         2679    i.tcpip_tcp_timer   lwip_timers.o
    0x08007af4   0x00000098   Code   RO         1121    i.tcpip_thread      tcpip.o
    0x08007b8c   0x00000002   Code   RO         2070    i.udp_init          udp.o
    0x08007b8e   0x00000002   PAD
    0x08007b90   0x00000164   Code   RO         2071    i.udp_input         udp.o
    0x08007cf4   0x00000030   Code   RO          701    i.uframe_func       iec104_server.o
    0x08007d24   0x00000026   Code   RO         6569    i.uxListRemove      list.o
    0x08007d4a   0x00000002   Code   RO          156    i.vApplicationStackOverflowHook  main.o
    0x08007d4c   0x00000030   Code   RO          157    i.vButtonKeyHandler  main.o
    0x08007d7c   0x00000016   Code   RO         6570    i.vListInitialise   list.o
    0x08007d92   0x00000006   Code   RO         6571    i.vListInitialiseItem  list.o
    0x08007d98   0x00000030   Code   RO         6572    i.vListInsert       list.o
    0x08007dc8   0x0000001c   Code   RO         6573    i.vListInsertEnd    list.o
    0x08007de4   0x00000014   Code   RO         6181    i.vPortEnterCritical  port.o
    0x08007df8   0x00000018   Code   RO         6182    i.vPortExitCritical  port.o
    0x08007e10   0x0000002c   Code   RO         6241    i.vPortFree         heap_4.o
    0x08007e3c   0x00000020   Code   RO         6183    i.vPortSetupTimerInterrupt  port.o
    0x08007e5c   0x00000010   Code   RO         6184    i.vPortYieldFromISR  port.o
    0x08007e6c   0x0000003a   Code   RO         6618    i.vQueueWaitForMessageRestricted  queue.o
    0x08007ea6   0x00000002   PAD
    0x08007ea8   0x00000038   Code   RO         6299    i.vTaskDelay        tasks.o
    0x08007ee0   0x00000060   Code   RO         6300    i.vTaskDelete       tasks.o
    0x08007f40   0x000000a8   Code   RO         6302    i.vTaskIncrementTick  tasks.o
    0x08007fe8   0x0000000c   Code   RO         6304    i.vTaskMissedYield  tasks.o
    0x08007ff4   0x00000030   Code   RO         6305    i.vTaskPlaceOnEventList  tasks.o
    0x08008024   0x00000030   Code   RO         6306    i.vTaskPlaceOnEventListRestricted  tasks.o
    0x08008054   0x0000004c   Code   RO         6307    i.vTaskPriorityDisinherit  tasks.o
    0x080080a0   0x00000068   Code   RO         6308    i.vTaskPriorityInherit  tasks.o
    0x08008108   0x0000001c   Code   RO         6311    i.vTaskSetTimeOutState  tasks.o
    0x08008124   0x00000054   Code   RO         6312    i.vTaskStartScheduler  tasks.o
    0x08008178   0x00000010   Code   RO         6313    i.vTaskSuspendAll   tasks.o
    0x08008188   0x00000074   Code   RO         6314    i.vTaskSwitchContext  tasks.o
    0x080081fc   0x00000074   Code   RO          919    i.vUVTKTimerCallback  uvtkdrv.o
    0x08008270   0x0000000c   Code   RO         6243    i.xPortGetFreeHeapSize  heap_4.o
    0x0800827c   0x00000030   Code   RO         6185    i.xPortStartScheduler  port.o
    0x080082ac   0x00000020   Code   RO         6186    i.xPortSysTickHandler  port.o
    0x080082cc   0x00000052   Code   RO         6620    i.xQueueCreateMutex  queue.o
    0x0800831e   0x00000050   Code   RO         6621    i.xQueueGenericCreate  queue.o
    0x0800836e   0x00000120   Code   RO         6622    i.xQueueGenericReceive  queue.o
    0x0800848e   0x00000062   Code   RO         6623    i.xQueueGenericReset  queue.o
    0x080084f0   0x000000e0   Code   RO         6624    i.xQueueGenericSend  queue.o
    0x080085d0   0x00000076   Code   RO         6625    i.xQueueGenericSendFromISR  queue.o
    0x08008646   0x00000002   PAD
    0x08008648   0x00000060   Code   RO         6315    i.xTaskCheckForTimeOut  tasks.o
    0x080086a8   0x00000104   Code   RO         6316    i.xTaskGenericCreate  tasks.o
    0x080087ac   0x0000000c   Code   RO         6317    i.xTaskGetCurrentTaskHandle  tasks.o
    0x080087b8   0x0000001c   Code   RO         6318    i.xTaskGetSchedulerState  tasks.o
    0x080087d4   0x00000018   Code   RO         6319    i.xTaskGetTickCount  tasks.o
    0x080087ec   0x00000068   Code   RO         6321    i.xTaskRemoveFromEventList  tasks.o
    0x08008854   0x000000b4   Code   RO         6322    i.xTaskResumeAll    tasks.o
    0x08008908   0x00000042   Code   RO         6777    i.xTimerCreate      timers.o
    0x0800894a   0x00000002   PAD
    0x0800894c   0x00000048   Code   RO         6778    i.xTimerCreateTimerTask  timers.o
    0x08008994   0x00000054   Code   RO         6779    i.xTimerGenericCommand  timers.o
    0x080089e8   0x0000001a   Code   RO         6780    i.xTimerIsTimerActive  timers.o
    0x08008a02   0x00000005   Data   RO          921    .constdata          uvtkdrv.o
    0x08008a07   0x00000005   Data   RO          922    .constdata          uvtkdrv.o
    0x08008a0c   0x00000005   Data   RO          923    .constdata          uvtkdrv.o
    0x08008a11   0x00000003   PAD
    0x08008a14   0x00000014   Data   RO          924    .constdata          uvtkdrv.o
    0x08008a28   0x00000028   Data   RO         1335    .constdata          memp.o
    0x08008a50   0x00000054   Data   RO         1714    .constdata          tcp.o
    0x08008aa4   0x00000004   Data   RO         2304    .constdata          ip_addr.o
    0x08008aa8   0x0000000c   Data   RO         2380    .constdata          etharp.o
    0x08008ab4   0x0000005c   Data   RO         5781    .constdata          stm324x7i_eval.o
    0x08008b10   0x000011d0   Data   RO         5936    .constdata          stm324x7i_eval_lcd.o
    0x08009ce0   0x00000068   Data   RO         1715    .conststring        tcp.o
    0x08009d48   0x00000020   Data   RO         7205    Region$$Table       anon$$obj.o


    Execution Region RW_IRAM1 (Base: 0x20000000, Size: 0x0000c9b0, Max: 0x00020000, ABSOLUTE, COMPRESSED[0x00000064])

    Base Addr    Size         Type   Attr      Idx    E Section Name        Object

    0x20000000   0x00000014   Data   RW            6    .data               system_stm32f4xx.o
    0x20000014   0x00000004   Data   RW          158    .data               main.o
    0x20000018   0x0000000c   Data   RW          465    .data               stm32f4x7_eth_bsp.o
    0x20000024   0x00000008   Data   RW          702    .data               iec104_server.o
    0x2000002c   0x00000004   Data   RW          771    .data               iecsock_server.o
    0x20000030   0x0000000c   Data   RW          825    .data               libiecasdu.o
    0x2000003c   0x00000004   Data   RW          826    .data               libiecasdu.o
    0x20000040   0x00000024   Data   RW          925    .data               uvtkdrv.o
    0x20000064   0x0000018c   Data   RW          978    .data               iec104_drv.o
    0x200001f0   0x0000000c   Data   RW         1125    .data               tcpip.o
    0x200001fc   0x00000010   Data   RW         1289    .data               mem.o
    0x2000020c   0x0000000c   Data   RW         1384    .data               netif.o
    0x20000218   0x00000004   Data   RW         1600    .data               raw.o
    0x2000021c   0x00000024   Data   RW         1716    .data               tcp.o
    0x20000240   0x0000001c   Data   RW         1918    .data               tcp_in.o
    0x2000025c   0x00000008   Data   RW         2079    .data               udp.o
    0x20000264   0x00000014   Data   RW         2261    .data               ip.o
    0x20000278   0x00000001   Data   RW         2381    .data               etharp.o
    0x20000279   0x00000003   PAD
    0x2000027c   0x0000000c   Data   RW         2468    .data               ethernetif.o
    0x20000288   0x00000002   Data   RW         2532    .data               sys_arch.o
    0x2000028a   0x00000002   PAD
    0x2000028c   0x00000008   Data   RW         2680    .data               lwip_timers.o
    0x20000294   0x00000010   Data   RW         3868    .data               stm32f4xx_rcc.o
    0x200002a4   0x0000000c   Data   RW         5320    .data               stm32f4x7_eth.o
    0x200002b0   0x0000002c   Data   RW         5782    .data               stm324x7i_eval.o
    0x200002dc   0x00000010   Data   RW         5940    .data               stm324x7i_eval_lcd.o
    0x200002ec   0x00000004   Data   RW         6187    .data               port.o
    0x200002f0   0x00000010   Data   RW         6245    .data               heap_4.o
    0x20000300   0x0000003c   Data   RW         6324    .data               tasks.o
    0x2000033c   0x00000010   Data   RW         6782    .data               timers.o
    0x2000034c   0x00000004   Data   RW         7179    .data               mc_w.l(stdout.o)
    0x20000350   0x00000004   Data   RW         7184    .data               mc_w.l(mvars.o)
    0x20000354   0x00000034   Zero   RW          404    .bss                netconf.o
    0x20000388   0x000000bc   Zero   RW          464    .bss                stm32f4x7_eth_bsp.o
    0x20000444   0x00000014   Zero   RW          824    .bss                libiecasdu.o
    0x20000458   0x00000050   Zero   RW          920    .bss                uvtkdrv.o
    0x200004a8   0x00001414   Zero   RW         1288    .bss                mem.o
    0x200018bc   0x00002a1f   Zero   RW         1334    .bss                memp.o
    0x200042db   0x00000001   PAD
    0x200042dc   0x00000014   Zero   RW         1917    .bss                tcp_in.o
    0x200042f0   0x000000c8   Zero   RW         2379    .bss                etharp.o
    0x200043b8   0x00000080   Zero   RW         5315    .bss                stm32f4x7_eth.o
    0x20004438   0x00000080   Zero   RW         5316    .bss                stm32f4x7_eth.o
    0x200044b8   0x000017d0   Zero   RW         5317    .bss                stm32f4x7_eth.o
    0x20005c88   0x000017d0   Zero   RW         5318    .bss                stm32f4x7_eth.o
    0x20007458   0x0000000c   Zero   RW         5319    .bss                stm32f4x7_eth.o
    0x20007464   0x00000004   PAD
    0x20007468   0x00005000   Zero   RW         6244    .bss                heap_4.o
    0x2000c468   0x00000120   Zero   RW         6323    .bss                tasks.o
    0x2000c588   0x00000028   Zero   RW         6781    .bss                timers.o
    0x2000c5b0   0x00000400   Zero   RW          141    STACK               startup_stm32f4xx.o


==============================================================================

Image component sizes


      Code (inc. data)   RO Data    RW Data    ZI Data      Debug   Object Name

        42          0          0          0          0       2172   def.o
      1752         68         12          1        200      14744   etharp.o
       732         74          0         12          0       6406   ethernetif.o
       218          0          0          0          0       3483   fifo_buffer.o
       352         36          0         16      20480       6210   heap_4.o
       398         10          0          0          0       3473   icmp.o
      1088        166          0        396          0       4722   iec104_drv.o
       750        162          0          8          0      10551   iec104_server.o
       714         88          0          4          0       6415   iecsock_server.o
         0          0          0          0          0       3908   inet.o
       170          0          0          0          0       3101   inet_chksum.o
        34          0          0          0          0      10445   init.o
       616         20          0         20          0       7777   ip.o
        62          0          4          0          0       7726   ip_addr.o
       990         42          0         16         20       4091   libiecasdu.o
       142          0          0          0          0       3594   list.o
       436         56          0          8          0       5847   lwip_timers.o
       394         80          0          4          0      75613   main.o
       660         32          0         16       5140       5773   mem.o
       144         20         40          0      10783       3718   memp.o
       124         20          0          0          0       1907   misc.o
       236         76          0          0         52       2624   netconf.o
       404         20          0         12          0      10471   netif.o
      1004          0          0          0          0       9229   pbuf.o
       328         48          0          4          0       5148   port.o
      1236          0          0          0          0      11738   queue.o
       116         14          0          4          0       1872   raw.o
        36          8        392          0       1024        760   startup_stm32f4xx.o
       752         84         92         44          0       7944   stm324x7i_eval.o
       352         30       4560         16          0       8839   stm324x7i_eval_lcd.o
      1980        166          0         12      12460      18045   stm32f4x7_eth.o
      1058         84          0         12        188       8013   stm32f4x7_eth_bsp.o
       160         16          0          0          0       2608   stm32f4xx_exti.o
       170          0          0          0          0       2775   stm32f4xx_gpio.o
       264         32          0          0          0       5012   stm32f4xx_it.o
        68         30          0          0          0       2730   stm32f4xx_iwdg.o
        12          6          0          0          0        562   stm32f4xx_pwr.o
       344         56          0         16          0       7532   stm32f4xx_rcc.o
       778         54          0          0          0       8590   stm32f4xx_rtc.o
       174          0          0          0          0       5531   stm32f4xx_spi.o
        52         12          0          0          0       1310   stm32f4xx_syscfg.o
       378         10          0          2          0       7824   sys_arch.o
       292         40          0         20          0     283453   system_stm32f4xx.o
      1934        168          0         60        288      22442   tasks.o
      2472         98        188         36          0      33404   tcp.o
         0          0          0          0          0       2576   tcp_echoclient.o
      3400        124          0         28         20      17699   tcp_in.o
      2614          8          0          0          0      16087   tcp_out.o
       292         30          0         12          0       5163   tcpip.o
       904         66          0         16         40      11424   timers.o
       358         14          0          8          0       4414   udp.o
      1204        128         35         36         80       4339   uvtkdrv.o

    ----------------------------------------------------------------------
     33244       2296       5358        844      50780     721834   Object Totals
         0          0         32          0          0          0   (incl. Generated)
        54          0          3          5          5          0   (incl. Padding)

    ----------------------------------------------------------------------

      Code (inc. data)   RO Data    RW Data    ZI Data      Debug   Library Member Name

        92          0          0          0          0          0   __dczerorl2.o
         0          0          0          0          0          0   entry.o
         0          0          0          0          0          0   entry10a.o
         0          0          0          0          0          0   entry11a.o
         8          4          0          0          0          0   entry2.o
         4          0          0          0          0          0   entry5.o
         0          0          0          0          0          0   entry7b.o
         0          0          0          0          0          0   entry8b.o
         8          4          0          0          0          0   entry9a.o
        30          0          0          0          0          0   handlers.o
        36          8          0          0          0         68   init.o
        30          0          0          0          0         68   llshl.o
        32          0          0          0          0         68   llushr.o
        80          4          0          0          0         76   malloc.o
        26          0          0          0          0         80   memcmp.o
        36          0          0          0          0         68   memcpya.o
        36          0          0          0          0        108   memseta.o
         0          0          0          4          0          0   mvars.o
      1150         54          0          0          0        352   printf8.o
         0          0          0          4          0          0   stdout.o
        24          0          0          0          0         76   strncpy.o
        98          0          0          0          0         92   uldiv.o

    ----------------------------------------------------------------------
      1694         74          0          8          0       1056   Library Totals
         4          0          0          0          0          0   (incl. Padding)

    ----------------------------------------------------------------------

      Code (inc. data)   RO Data    RW Data    ZI Data      Debug   Library Name

      1690         74          0          8          0       1056   mc_w.l

    ----------------------------------------------------------------------
      1694         74          0          8          0       1056   Library Totals

    ----------------------------------------------------------------------

==============================================================================


      Code (inc. data)   RO Data    RW Data    ZI Data      Debug   

     34938       2370       5358        852      50780     703754   Grand Totals
     34938       2370       5358        100      50780     703754   ELF Image Totals (compressed)
     34938       2370       5358        100          0          0   ROM Totals

==============================================================================

    Total RO  Size (Code + RO Data)                40296 (  39.35kB)
    Total RW  Size (RW Data + ZI Data)             51632 (  50.42kB)
    Total ROM Size (Code + RO Data + RW Data)      40396 (  39.45kB)

==============================================================================

