ARM Linker, 5.03 [Build 76] [MDK-ARM Professional]

==============================================================================

Section Cross References

    system_stm32f4xx.o(i.SystemCoreClockUpdate) refers to system_stm32f4xx.o(.data) for .data
    system_stm32f4xx.o(i.SystemInit) refers to system_stm32f4xx.o(i.SetSysClock) for SetSysClock
    startup_stm32f427x.o(RESET) refers to startup_stm32f427x.o(STACK) for __initial_sp
    startup_stm32f427x.o(RESET) refers to startup_stm32f427x.o(.text) for Reset_Handler
    startup_stm32f427x.o(RESET) refers to stm32f4xx_it.o(i.NMI_Handler) for NMI_Handler
    startup_stm32f427x.o(RESET) refers to stm32f4xx_it.o(i.HardFault_Handler) for HardFault_Handler
    startup_stm32f427x.o(RESET) refers to stm32f4xx_it.o(i.MemManage_Handler) for MemManage_Handler
    startup_stm32f427x.o(RESET) refers to stm32f4xx_it.o(i.BusFault_Handler) for BusFault_Handler
    startup_stm32f427x.o(RESET) refers to stm32f4xx_it.o(i.UsageFault_Handler) for UsageFault_Handler
    startup_stm32f427x.o(RESET) refers to stm32f4xx_it.o(i.DebugMon_Handler) for DebugMon_Handler
    startup_stm32f427x.o(RESET) refers to stm32f4xx_it.o(i.SysTick_Handler) for SysTick_Handler
    startup_stm32f427x.o(RESET) refers to stm32f4xx_it.o(i.EXTI0_IRQHandler) for EXTI0_IRQHandler
    startup_stm32f427x.o(.text) refers to system_stm32f4xx.o(i.SystemInit) for SystemInit
    startup_stm32f427x.o(.text) refers to entry.o(.ARM.Collect$$$$00000000) for __main
    main.o(i.Delay) refers to main.o(.data) for .data
    main.o(i.LCD_LED_BUTTON_Init) refers to stm324x7i_eval.o(i.STM_EVAL_LEDInit) for STM_EVAL_LEDInit
    main.o(i.LCD_LED_BUTTON_Init) refers to stm324x7i_eval.o(i.STM_EVAL_LEDOn) for STM_EVAL_LEDOn
    main.o(i.LCD_LED_BUTTON_Init) refers to stm324x7i_eval.o(i.STM_EVAL_PBInit) for STM_EVAL_PBInit
    main.o(i.Time_Update) refers to main.o(.data) for .data
    main.o(i.main) refers to misc.o(i.NVIC_PriorityGroupConfig) for NVIC_PriorityGroupConfig
    main.o(i.main) refers to stm32f4x7_eth_bsp.o(i.ETH_BSP_Config) for ETH_BSP_Config
    main.o(i.main) refers to netconf.o(i.LwIP_Init) for LwIP_Init
    main.o(i.main) refers to main.o(i.LCD_LED_BUTTON_Init) for LCD_LED_BUTTON_Init
    main.o(i.main) refers to stm32f4x7_eth.o(i.ETH_CheckFrameReceived) for ETH_CheckFrameReceived
    main.o(i.main) refers to netconf.o(i.LwIP_Pkt_Handle) for LwIP_Pkt_Handle
    main.o(i.main) refers to netconf.o(i.LwIP_Periodic_Handle) for LwIP_Periodic_Handle
    main.o(i.main) refers to main.o(.data) for .data
    netconf.o(i.LwIP_Init) refers to mem.o(i.mem_init) for mem_init
    netconf.o(i.LwIP_Init) refers to memp.o(i.memp_init) for memp_init
    netconf.o(i.LwIP_Init) refers to netif.o(i.netif_add) for netif_add
    netconf.o(i.LwIP_Init) refers to netif.o(i.netif_set_default) for netif_set_default
    netconf.o(i.LwIP_Init) refers to netif.o(i.netif_set_down) for netif_set_down
    netconf.o(i.LwIP_Init) refers to stm324x7i_eval_lcd.o(i.LCD_SetTextColor) for LCD_SetTextColor
    netconf.o(i.LwIP_Init) refers to stm324x7i_eval_lcd.o(i.LCD_GetFont) for LCD_GetFont
    netconf.o(i.LwIP_Init) refers to stm324x7i_eval_lcd.o(i.LCD_DisplayStringLine) for LCD_DisplayStringLine
    netconf.o(i.LwIP_Init) refers to netif.o(i.netif_set_link_callback) for netif_set_link_callback
    netconf.o(i.LwIP_Init) refers to netif.o(i.netif_set_up) for netif_set_up
    netconf.o(i.LwIP_Init) refers to etharp.o(i.ethernet_input) for ethernet_input
    netconf.o(i.LwIP_Init) refers to ethernetif.o(i.ethernetif_init) for ethernetif_init
    netconf.o(i.LwIP_Init) refers to netconf.o(.bss) for .bss
    netconf.o(i.LwIP_Init) refers to stm32f4x7_eth_bsp.o(.data) for EthStatus
    netconf.o(i.LwIP_Init) refers to stm32f4x7_eth_bsp.o(i.ETH_link_callback) for ETH_link_callback
    netconf.o(i.LwIP_Periodic_Handle) refers to tcp.o(i.tcp_tmr) for tcp_tmr
    netconf.o(i.LwIP_Periodic_Handle) refers to etharp.o(i.etharp_tmr) for etharp_tmr
    netconf.o(i.LwIP_Periodic_Handle) refers to netconf.o(.data) for .data
    netconf.o(i.LwIP_Pkt_Handle) refers to ethernetif.o(i.ethernetif_input) for ethernetif_input
    netconf.o(i.LwIP_Pkt_Handle) refers to netconf.o(.bss) for .bss
    stm32f4x7_eth_bsp.o(i.ETH_BSP_Config) refers to misc.o(i.SysTick_CLKSourceConfig) for SysTick_CLKSourceConfig
    stm32f4x7_eth_bsp.o(i.ETH_BSP_Config) refers to stm32f4xx_rcc.o(i.RCC_GetClocksFreq) for RCC_GetClocksFreq
    stm32f4x7_eth_bsp.o(i.ETH_BSP_Config) refers to stm32f4x7_eth_bsp.o(i.NVIC_SetPriority) for NVIC_SetPriority
    stm32f4x7_eth_bsp.o(i.ETH_BSP_Config) refers to stm32f4x7_eth_bsp.o(i.ETH_GPIO_Config) for ETH_GPIO_Config
    stm32f4x7_eth_bsp.o(i.ETH_BSP_Config) refers to stm32f4x7_eth_bsp.o(i.ETH_MACDMA_Config) for ETH_MACDMA_Config
    stm32f4x7_eth_bsp.o(i.ETH_BSP_Config) refers to stm32f4x7_eth.o(i.ETH_ReadPHYRegister) for ETH_ReadPHYRegister
[...]
    i.ip4_addr_isbroadcast                   0x0800243c   Section        0  ip_addr.o(i.ip4_addr_isbroadcast)
    i.ip_frag                                0x0800246c   Section        0  ip_frag.o(i.ip_frag)
    i.ip_frag_free_pbuf_custom_ref           0x080025d0   Section        0  ip_frag.o(i.ip_frag_free_pbuf_custom_ref)
    ip_frag_free_pbuf_custom_ref             0x080025d1   Thumb Code     8  ip_frag.o(i.ip_frag_free_pbuf_custom_ref)
    i.ip_input                               0x080025d8   Section        0  ip.o(i.ip_input)
    i.ip_output                              0x08002754   Section        0  ip.o(i.ip_output)
    i.ip_output_if                           0x08002788   Section        0  ip.o(i.ip_output_if)
    i.ip_reass                               0x08002830   Section        0  ip_frag.o(i.ip_reass)
    i.ip_reass_chain_frag_into_datagram_and_validate 0x080029b4   Section        0  ip_frag.o(i.ip_reass_chain_frag_into_datagram_and_validate)
    ip_reass_chain_frag_into_datagram_and_validate 0x080029b5   Thumb Code   234  ip_frag.o(i.ip_reass_chain_frag_into_datagram_and_validate)
    i.ip_reass_dequeue_datagram              0x08002aa4   Section        0  ip_frag.o(i.ip_reass_dequeue_datagram)
    ip_reass_dequeue_datagram                0x08002aa5   Thumb Code    30  ip_frag.o(i.ip_reass_dequeue_datagram)
    i.ip_reass_free_complete_datagram        0x08002ac8   Section        0  ip_frag.o(i.ip_reass_free_complete_datagram)
    ip_reass_free_complete_datagram          0x08002ac9   Thumb Code   108  ip_frag.o(i.ip_reass_free_complete_datagram)
    i.ip_reass_remove_oldest_datagram        0x08002b38   Section        0  ip_frag.o(i.ip_reass_remove_oldest_datagram)
    ip_reass_remove_oldest_datagram          0x08002b39   Thumb Code   104  ip_frag.o(i.ip_reass_remove_oldest_datagram)
    i.ip_route                               0x08002ba4   Section        0  ip.o(i.ip_route)
    i.ipfrag_free_pbuf_custom                0x08002be4   Section        0  ip_frag.o(i.ipfrag_free_pbuf_custom)
    ipfrag_free_pbuf_custom                  0x08002be5   Thumb Code    22  ip_frag.o(i.ipfrag_free_pbuf_custom)
    i.low_level_init                         0x08002bfc   Section        0  ethernetif.o(i.low_level_init)
    low_level_init                           0x08002bfd   Thumb Code   100  ethernetif.o(i.low_level_init)
    i.low_level_input                        0x08002c70   Section        0  ethernetif.o(i.low_level_input)
    low_level_input                          0x08002c71   Thumb Code   164  ethernetif.o(i.low_level_input)
    i.low_level_output                       0x08002d1c   Section        0  ethernetif.o(i.low_level_output)
    low_level_output                         0x08002d1d   Thumb Code   166  ethernetif.o(i.low_level_output)
    i.lwip_htonl                             0x08002dcc   Section        0  def.o(i.lwip_htonl)
    i.lwip_htons                             0x08002dd0   Section        0  def.o(i.lwip_htons)
    i.lwip_ntohl                             0x08002dd4   Section        0  def.o(i.lwip_ntohl)
    i.lwip_ntohs                             0x08002dd8   Section        0  def.o(i.lwip_ntohs)
    i.lwip_standard_chksum                   0x08002ddc   Section        0  inet_chksum.o(i.lwip_standard_chksum)
    lwip_standard_chksum                     0x08002ddd   Thumb Code    88  inet_chksum.o(i.lwip_standard_chksum)
    i.main                                   0x08002e34   Section        0  main.o(i.main)
    i.mem_free                               0x08002e64   Section        0  mem.o(i.mem_free)
    i.mem_init                               0x08002e90   Section        0  mem.o(i.mem_init)
    i.mem_malloc                             0x08002ec4   Section        0  mem.o(i.mem_malloc)
    i.mem_trim                               0x08002f6c   Section        0  mem.o(i.mem_trim)
    i.memp_free                              0x08003038   Section        0  memp.o(i.memp_free)
    i.memp_init                              0x08003050   Section        0  memp.o(i.memp_init)
    i.memp_malloc                            0x080030a8   Section        0  memp.o(i.memp_malloc)
    i.netif_add                              0x080030c8   Section        0  netif.o(i.netif_add)
    i.netif_set_addr                         0x08003114   Section        0  netif.o(i.netif_set_addr)
    i.netif_set_default                      0x08003134   Section        0  netif.o(i.netif_set_default)
    i.netif_set_down                         0x08003140   Section        0  netif.o(i.netif_set_down)
    i.netif_set_gw                           0x0800315a   Section        0  netif.o(i.netif_set_gw)
    i.netif_set_ipaddr                       0x08003164   Section        0  netif.o(i.netif_set_ipaddr)
    i.netif_set_link_callback                0x080031cc   Section        0  netif.o(i.netif_set_link_callback)
    i.netif_set_link_down                    0x080031d4   Section        0  netif.o(i.netif_set_link_down)
    i.netif_set_link_up                      0x080031ee   Section        0  netif.o(i.netif_set_link_up)
    i.netif_set_netmask                      0x08003230   Section        0  netif.o(i.netif_set_netmask)
    i.netif_set_up                           0x08003238   Section        0  netif.o(i.netif_set_up)
    i.pbuf_alloc                             0x08003258   Section        0  pbuf.o(i.pbuf_alloc)
    i.pbuf_alloced_custom                    0x08003370   Section        0  pbuf.o(i.pbuf_alloced_custom)
    i.pbuf_cat                               0x080033c4   Section        0  pbuf.o(i.pbuf_cat)
    i.pbuf_chain                             0x080033ec   Section        0  pbuf.o(i.pbuf_chain)
    i.pbuf_clen                              0x080033fe   Section        0  pbuf.o(i.pbuf_clen)
    i.pbuf_copy                              0x08003410   Section        0  pbuf.o(i.pbuf_copy)
    i.pbuf_copy_partial                      0x080034aa   Section        0  pbuf.o(i.pbuf_copy_partial)
    i.pbuf_free                              0x08003512   Section        0  pbuf.o(i.pbuf_free)
    i.pbuf_header                            0x08003564   Section        0  pbuf.o(i.pbuf_header)
    i.pbuf_realloc                           0x080035c4   Section        0  pbuf.o(i.pbuf_realloc)
    i.pbuf_ref                               0x08003612   Section        0  pbuf.o(i.pbuf_ref)
    i.pbuf_take                              0x0800361e   Section        0  pbuf.o(i.pbuf_take)
    i.plug_holes                             0x0800366c   Section        0  mem.o(i.plug_holes)
    plug_holes                               0x0800366d   Thumb Code    78  mem.o(i.plug_holes)
    i.raw_input                              0x080036c0   Section        0  raw.o(i.raw_input)
    i.tcp_abandon                            0x08003734   Section        0  tcp.o(i.tcp_abandon)
    i.tcp_abort                              0x080037c0   Section        0  tcp.o(i.tcp_abort)
    i.tcp_alloc                              0x080037c8   Section        0  tcp.o(i.tcp_alloc)
    i.tcp_arg                                0x080038bc   Section        0  tcp.o(i.tcp_arg)
    i.tcp_close                              0x080038c0   Section        0  tcp.o(i.tcp_close)
    i.tcp_close_shutdown                     0x080038d4   Section        0  tcp.o(i.tcp_close_shutdown)
    tcp_close_shutdown                       0x080038d5   Thumb Code   286  tcp.o(i.tcp_close_shutdown)
    i.tcp_connect                            0x080039f8   Section        0  tcp.o(i.tcp_connect)
    i.tcp_create_segment                     0x08003aec   Section        0  tcp_out.o(i.tcp_create_segment)
    tcp_create_segment                       0x08003aed   Thumb Code   154  tcp_out.o(i.tcp_create_segment)
    i.tcp_echoclient_connect                 0x08003b88   Section        0  tcp_echoclient.o(i.tcp_echoclient_connect)
    i.tcp_echoclient_connected               0x08003bbc   Section        0  tcp_echoclient.o(i.tcp_echoclient_connected)
    tcp_echoclient_connected                 0x08003bbd   Thumb Code   148  tcp_echoclient.o(i.tcp_echoclient_connected)
    i.tcp_echoclient_connection_close        0x08003c84   Section        0  tcp_echoclient.o(i.tcp_echoclient_connection_close)
    tcp_echoclient_connection_close          0x08003c85   Thumb Code    48  tcp_echoclient.o(i.tcp_echoclient_connection_close)
    i.tcp_echoclient_poll                    0x08003cb4   Section        0  tcp_echoclient.o(i.tcp_echoclient_poll)
    tcp_echoclient_poll                      0x08003cb5   Thumb Code    48  tcp_echoclient.o(i.tcp_echoclient_poll)
    i.tcp_echoclient_recv                    0x08003ce4   Section        0  tcp_echoclient.o(i.tcp_echoclient_recv)
    tcp_echoclient_recv                      0x08003ce5   Thumb Code   104  tcp_echoclient.o(i.tcp_echoclient_recv)
    i.tcp_echoclient_send                    0x08003d50   Section        0  tcp_echoclient.o(i.tcp_echoclient_send)
    tcp_echoclient_send                      0x08003d51   Thumb Code    62  tcp_echoclient.o(i.tcp_echoclient_send)
    i.tcp_echoclient_sent                    0x08003d8e   Section        0  tcp_echoclient.o(i.tcp_echoclient_sent)
    tcp_echoclient_sent                      0x08003d8f   Thumb Code    20  tcp_echoclient.o(i.tcp_echoclient_sent)
    i.tcp_eff_send_mss                       0x08003da2   Section        0  tcp.o(i.tcp_eff_send_mss)
    i.tcp_enqueue_flags                      0x08003dc2   Section        0  tcp_out.o(i.tcp_enqueue_flags)
    i.tcp_fasttmr                            0x08003e68   Section        0  tcp.o(i.tcp_fasttmr)
    i.tcp_input                              0x08003ec8   Section        0  tcp_in.o(i.tcp_input)
    i.tcp_keepalive                          0x080041dc   Section        0  tcp_out.o(i.tcp_keepalive)
    i.tcp_listen_input                       0x08004218   Section        0  tcp_in.o(i.tcp_listen_input)
    tcp_listen_input                         0x08004219   Thumb Code   208  tcp_in.o(i.tcp_listen_input)
    i.tcp_new                                0x080042fc   Section        0  tcp.o(i.tcp_new)
    i.tcp_new_port                           0x08004304   Section        0  tcp.o(i.tcp_new_port)
    tcp_new_port                             0x08004305   Thumb Code    82  tcp.o(i.tcp_new_port)
    i.tcp_next_iss                           0x08004360   Section        0  tcp.o(i.tcp_next_iss)
    i.tcp_output                             0x08004370   Section        0  tcp_out.o(i.tcp_output)
    i.tcp_output_alloc_header                0x080044fc   Section        0  tcp_out.o(i.tcp_output_alloc_header)
    tcp_output_alloc_header                  0x080044fd   Thumb Code   106  tcp_out.o(i.tcp_output_alloc_header)
    i.tcp_output_segment                     0x08004568   Section        0  tcp_out.o(i.tcp_output_segment)
    tcp_output_segment                       0x08004569   Thumb Code   172  tcp_out.o(i.tcp_output_segment)
    i.tcp_parseopt                           0x08004618   Section        0  tcp_in.o(i.tcp_parseopt)
    tcp_parseopt                             0x08004619   Thumb Code   122  tcp_in.o(i.tcp_parseopt)
    i.tcp_pbuf_prealloc                      0x08004698   Section        0  tcp_out.o(i.tcp_pbuf_prealloc)
    tcp_pbuf_prealloc                        0x08004699   Thumb Code    78  tcp_out.o(i.tcp_pbuf_prealloc)
    i.tcp_pcb_purge                          0x080046e6   Section        0  tcp.o(i.tcp_pcb_purge)
    i.tcp_pcb_remove                         0x08004720   Section        0  tcp.o(i.tcp_pcb_remove)
    i.tcp_poll                               0x08004778   Section        0  tcp.o(i.tcp_poll)
    i.tcp_process                            0x08004780   Section        0  tcp_in.o(i.tcp_process)
    tcp_process                              0x08004781   Thumb Code   788  tcp_in.o(i.tcp_process)
    i.tcp_process_refused_data               0x08004ab4   Section        0  tcp.o(i.tcp_process_refused_data)
    i.tcp_receive                            0x08004b1c   Section        0  tcp_in.o(i.tcp_receive)
    tcp_receive                              0x08004b1d   Thumb Code  1042  tcp_in.o(i.tcp_receive)
    i.tcp_recv                               0x08004f2e   Section        0  tcp.o(i.tcp_recv)
    i.tcp_recv_null                          0x08004f32   Section        0  tcp.o(i.tcp_recv_null)
    i.tcp_recved                             0x08004f56   Section        0  tcp.o(i.tcp_recved)
    i.tcp_rexmit                             0x08004f8e   Section        0  tcp_out.o(i.tcp_rexmit)
    i.tcp_rexmit_fast                        0x08004fde   Section        0  tcp_out.o(i.tcp_rexmit_fast)
    i.tcp_rexmit_rto                         0x08005036   Section        0  tcp_out.o(i.tcp_rexmit_rto)
    i.tcp_rst                                0x08005064   Section        0  tcp_out.o(i.tcp_rst)
    i.tcp_seg_free                           0x080050da   Section        0  tcp.o(i.tcp_seg_free)
    i.tcp_segs_free                          0x080050f6   Section        0  tcp.o(i.tcp_segs_free)
    i.tcp_send_empty_ack                     0x08005108   Section        0  tcp_out.o(i.tcp_send_empty_ack)
    i.tcp_send_fin                           0x08005150   Section        0  tcp_out.o(i.tcp_send_fin)
    i.tcp_sent                               0x08005194   Section        0  tcp.o(i.tcp_sent)
    i.tcp_slowtmr                            0x08005198   Section        0  tcp.o(i.tcp_slowtmr)
    i.tcp_timer_needed                       0x080053f8   Section        0  timers.o(i.tcp_timer_needed)
    i.tcp_timewait_input                     0x080053fc   Section        0  tcp_in.o(i.tcp_timewait_input)
    tcp_timewait_input                       0x080053fd   Thumb Code    92  tcp_in.o(i.tcp_timewait_input)
    i.tcp_tmr                                0x08005468   Section        0  tcp.o(i.tcp_tmr)
    i.tcp_update_rcv_ann_wnd                 0x08005488   Section        0  tcp.o(i.tcp_update_rcv_ann_wnd)
    i.tcp_write                              0x080054bc   Section        0  tcp_out.o(i.tcp_write)
    i.tcp_zero_window_probe                  0x080057a0   Section        0  tcp_out.o(i.tcp_zero_window_probe)
    i.udp_bind                               0x0800582c   Section        0  udp.o(i.udp_bind)
    i.udp_input                              0x080058c4   Section        0  udp.o(i.udp_input)
    i.udp_sendto_if                          0x08005a3c   Section        0  udp.o(i.udp_sendto_if)
    .constdata                               0x08005af2   Section       36  memp.o(.constdata)
    memp_sizes                               0x08005af2   Data          18  memp.o(.constdata)
    memp_num                                 0x08005b04   Data          18  memp.o(.constdata)
    .constdata                               0x08005b18   Section       84  tcp.o(.constdata)
    .constdata                               0x08005b6c   Section        4  ip_addr.o(.constdata)
    .constdata                               0x08005b70   Section       12  etharp.o(.constdata)
    .constdata                               0x08005b7c   Section       92  stm324x7i_eval.o(.constdata)
    .constdata                               0x08005bd8   Section     4560  stm324x7i_eval_lcd.o(.constdata)
    .conststring                             0x08006da8   Section      104  tcp.o(.conststring)
    .data                                    0x20000000   Section        8  main.o(.data)
    .data                                    0x20000008   Section        8  netconf.o(.data)
    .data                                    0x20000010   Section        8  stm32f4x7_eth_bsp.o(.data)
    .data                                    0x20000018   Section        8  tcp_echoclient.o(.data)
    .data                                    0x20000020   Section        4  dhcp.o(.data)
    xid                                      0x20000020   Data           4  dhcp.o(.data)
    .data                                    0x20000024   Section       12  mem.o(.data)
    ram                                      0x20000024   Data           4  mem.o(.data)
    ram_end                                  0x20000028   Data           4  mem.o(.data)
    lfree                                    0x2000002c   Data           4  mem.o(.data)
    .data                                    0x20000030   Section       12  netif.o(.data)
    netif_num                                0x20000030   Data           1  netif.o(.data)
    .data                                    0x2000003c   Section        4  raw.o(.data)
    raw_pcbs                                 0x2000003c   Data           4  raw.o(.data)
    .data                                    0x20000040   Section       36  tcp.o(.data)
    tcp_timer                                0x20000041   Data           1  tcp.o(.data)
    tcp_timer_ctr                            0x20000042   Data           1  tcp.o(.data)
    tcp_port                                 0x20000044   Data           2  tcp.o(.data)
    iss                                      0x20000048   Data           4  tcp.o(.data)
    .data                                    0x20000064   Section       28  tcp_in.o(.data)
    flags                                    0x20000064   Data           1  tcp_in.o(.data)
    recv_flags                               0x20000065   Data           1  tcp_in.o(.data)
    tcplen                                   0x20000066   Data           2  tcp_in.o(.data)
    tcphdr                                   0x20000068   Data           4  tcp_in.o(.data)
    iphdr                                    0x2000006c   Data           4  tcp_in.o(.data)
    seqno                                    0x20000070   Data           4  tcp_in.o(.data)
    ackno                                    0x20000074   Data           4  tcp_in.o(.data)
    recv_data                                0x20000078   Data           4  tcp_in.o(.data)
    .data                                    0x20000080   Section        8  udp.o(.data)
    udp_port                                 0x20000080   Data           2  udp.o(.data)
    .data                                    0x20000088   Section       20  ip.o(.data)
    ip_id                                    0x20000088   Data           2  ip.o(.data)
    .data                                    0x2000009c   Section        8  ip_frag.o(.data)
    ip_reass_pbufcount                       0x2000009c   Data           2  ip_frag.o(.data)
    reassdatagrams                           0x200000a0   Data           4  ip_frag.o(.data)
    .data                                    0x200000a4   Section        1  etharp.o(.data)
    etharp_cached_entry                      0x200000a4   Data           1  etharp.o(.data)
    .data                                    0x200000a5   Section       16  stm32f4xx_rcc.o(.data)
    APBAHBPrescTable                         0x200000a5   Data          16  stm32f4xx_rcc.o(.data)
    .data                                    0x200000b8   Section       12  stm32f4x7_eth.o(.data)
    .data                                    0x200000c4   Section       44  stm324x7i_eval.o(.data)
    .data                                    0x200000f0   Section       16  stm324x7i_eval_lcd.o(.data)
    LCD_Currentfonts                         0x200000f4   Data           4  stm324x7i_eval_lcd.o(.data)
    .bss                                     0x20000100   Section       56  netconf.o(.bss)
    .bss                                     0x20000138   Section      188  stm32f4x7_eth_bsp.o(.bss)
    .bss                                     0x200001f4   Section      100  tcp_echoclient.o(.bss)
    .bss                                     0x20000258   Section    10260  mem.o(.bss)
    .bss                                     0x20002a6c   Section     8663  memp.o(.bss)
    memp_tab                                 0x20002a6c   Data          36  memp.o(.bss)
    memp_memory                              0x20002a90   Data        8627  memp.o(.bss)
    .bss                                     0x20004c44   Section       16  tcp_in.o(.bss)
    inseg                                    0x20004c44   Data          16  tcp_in.o(.bss)
    .bss                                     0x20004c54   Section      200  etharp.o(.bss)
    arp_table                                0x20004c54   Data         200  etharp.o(.bss)
    .bss                                     0x20004d1c   Section      128  stm32f4x7_eth.o(.bss)
    .bss                                     0x20004d9c   Section      128  stm32f4x7_eth.o(.bss)
    .bss                                     0x20004e1c   Section     6096  stm32f4x7_eth.o(.bss)
    .bss                                     0x200065ec   Section     6096  stm32f4x7_eth.o(.bss)
    .bss                                     0x20007dbc   Section       12  stm32f4x7_eth.o(.bss)
    STACK                                    0x20007dc8   Section     1024  startup_stm32f427x.o(STACK)

    Global Symbols

    Symbol Name                              Value     Ov Type        Size  Object(Section)

    BuildAttributes$$THM_ISAv4$E$P$D$K$B$S$7EM$VFPi3$EXTD16$VFPS$VFMA$PE$A:L22UL41UL21$X:L11$S22US41US21$IEEE1$IW$USESV6$~STKCKD$USESV7$~SHL$OSPACE$ROPI$EBA8$MICROLIB$REQ8$PRES8$EABIv2 0x00000000   Number         0  anon$$obj.o ABSOLUTE
    __ARM_use_no_argv                        0x00000000   Number         0  main.o ABSOLUTE
    _printf_a                                0x00000000   Number         0  stubs.o ABSOLUTE
    _printf_c                                0x00000000   Number         0  stubs.o ABSOLUTE
    _printf_charcount                        0x00000000   Number         0  stubs.o ABSOLUTE
    _printf_d                                0x00000000   Number         0  stubs.o ABSOLUTE
    _printf_e                                0x00000000   Number         0  stubs.o ABSOLUTE
    _printf_f                                0x00000000   Number         0  stubs.o ABSOLUTE
    _printf_flags                            0x00000000   Number         0  stubs.o ABSOLUTE
    _printf_fp_dec                           0x00000000   Number         0  stubs.o ABSOLUTE
    _printf_fp_hex                           0x00000000   Number         0  stubs.o ABSOLUTE
    _printf_g                                0x00000000   Number         0  stubs.o ABSOLUTE
    _printf_i                                0x00000000   Number         0  stubs.o ABSOLUTE
    _printf_int_dec                          0x00000000   Number         0  stubs.o ABSOLUTE
    _printf_l                                0x00000000   Number         0  stubs.o ABSOLUTE
    _printf_lc                               0x00000000   Number         0  stubs.o ABSOLUTE
    _printf_ll                               0x00000000   Number         0  stubs.o ABSOLUTE
    _printf_lld                              0x00000000   Number         0  stubs.o ABSOLUTE
    _printf_lli                              0x00000000   Number         0  stubs.o ABSOLUTE
    _printf_llo                              0x00000000   Number         0  stubs.o ABSOLUTE
    _printf_llu                              0x00000000   Number         0  stubs.o ABSOLUTE
    _printf_llx                              0x00000000   Number         0  stubs.o ABSOLUTE
    _printf_longlong_dec                     0x00000000   Number         0  stubs.o ABSOLUTE
    _printf_longlong_hex                     0x00000000   Number         0  stubs.o ABSOLUTE
    _printf_longlong_oct                     0x00000000   Number         0  stubs.o ABSOLUTE
    _printf_ls                               0x00000000   Number         0  stubs.o ABSOLUTE
    _printf_mbtowc                           0x00000000   Number         0  stubs.o ABSOLUTE
    _printf_n                                0x00000000   Number         0  stubs.o ABSOLUTE
    _printf_o                                0x00000000   Number         0  stubs.o ABSOLUTE
    _printf_p                                0x00000000   Number         0  stubs.o ABSOLUTE
    _printf_percent                          0x00000000   Number         0  stubs.o ABSOLUTE
    _printf_pre_padding                      0x00000000   Number         0  stubs.o ABSOLUTE
    _printf_return_value                     0x00000000   Number         0  stubs.o ABSOLUTE
    _printf_s                                0x00000000   Number         0  stubs.o ABSOLUTE
    _printf_sizespec                         0x00000000   Number         0  stubs.o ABSOLUTE
    _printf_str                              0x00000000   Number         0  stubs.o ABSOLUTE
    _printf_truncate_signed                  0x00000000   Number         0  stubs.o ABSOLUTE
    _printf_truncate_unsigned                0x00000000   Number         0  stubs.o ABSOLUTE
    _printf_u                                0x00000000   Number         0  stubs.o ABSOLUTE
    _printf_wc                               0x00000000   Number         0  stubs.o ABSOLUTE
    _printf_wctomb                           0x00000000   Number         0  stubs.o ABSOLUTE
    _printf_widthprec                        0x00000000   Number         0  stubs.o ABSOLUTE
    _printf_x                                0x00000000   Number         0  stubs.o ABSOLUTE
    __cpp_initialize__aeabi_                  - Undefined Weak Reference
    __cxa_finalize                            - Undefined Weak Reference
    __decompress                              - Undefined Weak Reference
    _clock_init                               - Undefined Weak Reference
    _microlib_exit                            - Undefined Weak Reference
    __Vectors_Size                           0x0000019c   Number         0  startup_stm32f427x.o ABSOLUTE
    __Vectors                                0x08000000   Data           4  startup_stm32f427x.o(RESET)
    __Vectors_End                            0x0800019c   Data           0  startup_stm32f427x.o(RESET)
    __main                                   0x0800019d   Thumb Code     0  entry.o(.ARM.Collect$$$$00000000)
    _main_stk                                0x0800019d   Thumb Code     0  entry2.o(.ARM.Collect$$$$00000001)
    _main_scatterload                        0x080001a1   Thumb Code     0  entry5.o(.ARM.Collect$$$$00000004)
    __main_after_scatterload                 0x080001a5   Thumb Code     0  entry5.o(.ARM.Collect$$$$00000004)
    _main_clock                              0x080001a5   Thumb Code     0  entry7b.o(.ARM.Collect$$$$00000008)
    _main_cpp_init                           0x080001a5   Thumb Code     0  entry8b.o(.ARM.Collect$$$$0000000A)
    _main_init                               0x080001a5   Thumb Code     0  entry9a.o(.ARM.Collect$$$$0000000B)
    __rt_final_cpp                           0x080001ad   Thumb Code     0  entry10a.o(.ARM.Collect$$$$0000000D)
    __rt_final_exit                          0x080001ad   Thumb Code     0  entry11a.o(.ARM.Collect$$$$0000000F)
    Reset_Handler                            0x080001b1   Thumb Code     8  startup_stm32f427x.o(.text)
    SVC_Handler                              0x080001c3   Thumb Code     2  startup_stm32f427x.o(.text)
    PendSV_Handler                           0x080001c7   Thumb Code     2  startup_stm32f427x.o(.text)
    ADC_IRQHandler                           0x080001cb   Thumb Code     0  startup_stm32f427x.o(.text)
    CAN1_RX0_IRQHandler                      0x080001cb   Thumb Code     0  startup_stm32f427x.o(.text)
    CAN1_RX1_IRQHandler                      0x080001cb   Thumb Code     0  startup_stm32f427x.o(.text)
    CAN1_SCE_IRQHandler                      0x080001cb   Thumb Code     0  startup_stm32f427x.o(.text)
    CAN1_TX_IRQHandler                       0x080001cb   Thumb Code     0  startup_stm32f427x.o(.text)
    CAN2_RX0_IRQHandler                      0x080001cb   Thumb Code     0  startup_stm32f427x.o(.text)
    CAN2_RX1_IRQHandler                      0x080001cb   Thumb Code     0  startup_stm32f427x.o(.text)
    CAN2_SCE_IRQHandler                      0x080001cb   Thumb Code     0  startup_stm32f427x.o(.text)
    CAN2_TX_IRQHandler                       0x080001cb   Thumb Code     0  startup_stm32f427x.o(.text)
    CRYP_IRQHandler                          0x080001cb   Thumb Code     0  startup_stm32f427x.o(.text)
    DCMI_IRQHandler                          0x080001cb   Thumb Code     0  startup_stm32f427x.o(.text)
    DMA1_Stream0_IRQHandler                  0x080001cb   Thumb Code     0  startup_stm32f427x.o(.text)
    DMA1_Stream1_IRQHandler                  0x080001cb   Thumb Code     0  startup_stm32f427x.o(.text)
    DMA1_Stream2_IRQHandler                  0x080001cb   Thumb Code     0  startup_stm32f427x.o(.text)
    DMA1_Stream3_IRQHandler                  0x080001cb   Thumb Code     0  startup_stm32f427x.o(.text)
    DMA1_Stream4_IRQHandler                  0x080001cb   Thumb Code     0  startup_stm32f427x.o(.text)
    DMA1_Stream5_IRQHandler                  0x080001cb   Thumb Code     0  startup_stm32f427x.o(.text)
    DMA1_Stream6_IRQHandler                  0x080001cb   Thumb Code     0  startup_stm32f427x.o(.text)
    DMA1_Stream7_IRQHandler                  0x080001cb   Thumb Code     0  startup_stm32f427x.o(.text)
    DMA2_Stream0_IRQHandler                  0x080001cb   Thumb Code     0  startup_stm32f427x.o(.text)
    DMA2_Stream1_IRQHandler                  0x080001cb   Thumb Code     0  startup_stm32f427x.o(.text)
    DMA2_Stream2_IRQHandler                  0x080001cb   Thumb Code     0  startup_stm32f427x.o(.text)
    DMA2_Stream3_IRQHandler                  0x080001cb   Thumb Code     0  startup_stm32f427x.o(.text)
    DMA2_Stream4_IRQHandler                  0x080001cb   Thumb Code     0  startup_stm32f427x.o(.text)
    DMA2_Stream5_IRQHandler                  0x080001cb   Thumb Code     0  startup_stm32f427x.o(.text)
    DMA2_Stream6_IRQHandler                  0x080001cb   Thumb Code     0  startup_stm32f427x.o(.text)
    DMA2_Stream7_IRQHandler                  0x080001cb   Thumb Code     0  startup_stm32f427x.o(.text)
    ETH_IRQHandler                           0x080001cb   Thumb Code     0  startup_stm32f427x.o(.text)
    ETH_WKUP_IRQHandler                      0x080001cb   Thumb Code     0  startup_stm32f427x.o(.text)
    EXTI15_10_IRQHandler                     0x080001cb   Thumb Code     0  startup_stm32f427x.o(.text)
    EXTI1_IRQHandler                         0x080001cb   Thumb Code     0  startup_stm32f427x.o(.text)
    EXTI2_IRQHandler                         0x080001cb   Thumb Code     0  startup_stm32f427x.o(.text)
    EXTI3_IRQHandler                         0x080001cb   Thumb Code     0  startup_stm32f427x.o(.text)
    EXTI4_IRQHandler                         0x080001cb   Thumb Code     0  startup_stm32f427x.o(.text)
    EXTI9_5_IRQHandler                       0x080001cb   Thumb Code     0  startup_stm32f427x.o(.text)
    FLASH_IRQHandler                         0x080001cb   Thumb Code     0  startup_stm32f427x.o(.text)
    FPU_IRQHandler                           0x080001cb   Thumb Code     0  startup_stm32f427x.o(.text)
    FSMC_IRQHandler                          0x080001cb   Thumb Code     0  startup_stm32f427x.o(.text)
    HASH_RNG_IRQHandler                      0x080001cb   Thumb Code     0  startup_stm32f427x.o(.text)
    I2C1_ER_IRQHandler                       0x080001cb   Thumb Code     0  startup_stm32f427x.o(.text)
    I2C1_EV_IRQHandler                       0x080001cb   Thumb Code     0  startup_stm32f427x.o(.text)
    I2C2_ER_IRQHandler                       0x080001cb   Thumb Code     0  startup_stm32f427x.o(.text)
    I2C2_EV_IRQHandler                       0x080001cb   Thumb Code     0  startup_stm32f427x.o(.text)
    I2C3_ER_IRQHandler                       0x080001cb   Thumb Code     0  startup_stm32f427x.o(.text)
    I2C3_EV_IRQHandler                       0x080001cb   Thumb Code     0  startup_stm32f427x.o(.text)
    OTG_FS_IRQHandler                        0x080001cb   Thumb Code     0  startup_stm32f427x.o(.text)
    OTG_FS_WKUP_IRQHandler                   0x080001cb   Thumb Code     0  startup_stm32f427x.o(.text)
    OTG_HS_EP1_IN_IRQHandler                 0x080001cb   Thumb Code     0  startup_stm32f427x.o(.text)
    OTG_HS_EP1_OUT_IRQHandler                0x080001cb   Thumb Code     0  startup_stm32f427x.o(.text)
    OTG_HS_IRQHandler                        0x080001cb   Thumb Code     0  startup_stm32f427x.o(.text)
    OTG_HS_WKUP_IRQHandler                   0x080001cb   Thumb Code     0  startup_stm32f427x.o(.text)
    PVD_IRQHandler                           0x080001cb   Thumb Code     0  startup_stm32f427x.o(.text)
    RCC_IRQHandler                           0x080001cb   Thumb Code     0  startup_stm32f427x.o(.text)
    RTC_Alarm_IRQHandler                     0x080001cb   Thumb Code     0  startup_stm32f427x.o(.text)
    RTC_WKUP_IRQHandler                      0x080001cb   Thumb Code     0  startup_stm32f427x.o(.text)
    SDIO_IRQHandler                          0x080001cb   Thumb Code     0  startup_stm32f427x.o(.text)
    SPI1_IRQHandler                          0x080001cb   Thumb Code     0  startup_stm32f427x.o(.text)
    SPI2_IRQHandler                          0x080001cb   Thumb Code     0  startup_stm32f427x.o(.text)
    SPI3_IRQHandler                          0x080001cb   Thumb Code     0  startup_stm32f427x.o(.text)
    SPI4_IRQHandler                          0x080001cb   Thumb Code     0  startup_stm32f427x.o(.text)
    SPI5_IRQHandler                          0x080001cb   Thumb Code     0  startup_stm32f427x.o(.text)
    SPI6_IRQHandler                          0x080001cb   Thumb Code     0  startup_stm32f427x.o(.text)
    TAMP_STAMP_IRQHandler                    0x080001cb   Thumb Code     0  startup_stm32f427x.o(.text)
    TIM1_BRK_TIM9_IRQHandler                 0x080001cb   Thumb Code     0  startup_stm32f427x.o(.text)
    TIM1_CC_IRQHandler                       0x080001cb   Thumb Code     0  startup_stm32f427x.o(.text)
    TIM1_TRG_COM_TIM11_IRQHandler            0x080001cb   Thumb Code     0  startup_stm32f427x.o(.text)
    TIM1_UP_TIM10_IRQHandler                 0x080001cb   Thumb Code     0  startup_stm32f427x.o(.text)
    TIM2_IRQHandler                          0x080001cb   Thumb Code     0  startup_stm32f427x.o(.text)
    TIM3_IRQHandler                          0x080001cb   Thumb Code     0  startup_stm32f427x.o(.text)
    TIM4_IRQHandler                          0x080001cb   Thumb Code     0  startup_stm32f427x.o(.text)
    TIM5_IRQHandler                          0x080001cb   Thumb Code     0  startup_stm32f427x.o(.text)
    TIM6_DAC_IRQHandler                      0x080001cb   Thumb Code     0  startup_stm32f427x.o(.text)
    TIM7_IRQHandler                          0x080001cb   Thumb Code     0  startup_stm32f427x.o(.text)
    TIM8_BRK_TIM12_IRQHandler                0x080001cb   Thumb Code     0  startup_stm32f427x.o(.text)
    TIM8_CC_IRQHandler                       0x080001cb   Thumb Code     0  startup_stm32f427x.o(.text)
    TIM8_TRG_COM_TIM14_IRQHandler            0x080001cb   Thumb Code     0  startup_stm32f427x.o(.text)
    TIM8_UP_TIM13_IRQHandler                 0x080001cb   Thumb Code     0  startup_stm32f427x.o(.text)
    UART4_IRQHandler                         0x080001cb   Thumb Code     0  startup_stm32f427x.o(.text)
    UART5_IRQHandler                         0x080001cb   Thumb Code     0  startup_stm32f427x.o(.text)
    UART7_IRQHandler                         0x080001cb   Thumb Code     0  startup_stm32f427x.o(.text)
    UART8_IRQHandler                         0x080001cb   Thumb Code     0  startup_stm32f427x.o(.text)
    USART1_IRQHandler                        0x080001cb   Thumb Code     0  startup_stm32f427x.o(.text)
    USART2_IRQHandler                        0x080001cb   Thumb Code     0  startup_stm32f427x.o(.text)
    USART3_IRQHandler                        0x080001cb   Thumb Code     0  startup_stm32f427x.o(.text)
    USART6_IRQHandler                        0x080001cb   Thumb Code     0  startup_stm32f427x.o(.text)
    WWDG_IRQHandler                          0x080001cb   Thumb Code     0  startup_stm32f427x.o(.text)
    __aeabi_memcpy                           0x080001d5   Thumb Code    36  memcpya.o(.text)
    __aeabi_memcpy4                          0x080001d5   Thumb Code     0  memcpya.o(.text)
    __aeabi_memcpy8                          0x080001d5   Thumb Code     0  memcpya.o(.text)
    __aeabi_memset                           0x080001f9   Thumb Code    14  memseta.o(.text)
    __aeabi_memset4                          0x080001f9   Thumb Code     0  memseta.o(.text)
    __aeabi_memset8                          0x080001f9   Thumb Code     0  memseta.o(.text)
    __aeabi_memclr                           0x08000207   Thumb Code     4  memseta.o(.text)
    __aeabi_memclr4                          0x08000207   Thumb Code     0  memseta.o(.text)
    __aeabi_memclr8                          0x08000207   Thumb Code     0  memseta.o(.text)
    _memset$wrapper                          0x0800020b   Thumb Code    18  memseta.o(.text)
    strlen                                   0x0800021d   Thumb Code    14  strlen.o(.text)
    memcmp                                   0x0800022b   Thumb Code    26  memcmp.o(.text)
    __aeabi_uidiv                            0x08000245   Thumb Code     0  uidiv.o(.text)
    __aeabi_uidivmod                         0x08000245   Thumb Code    44  uidiv.o(.text)
    __scatterload                            0x08000271   Thumb Code    28  init.o(.text)
    __scatterload_rt2                        0x08000271   Thumb Code     0  init.o(.text)
    BusFault_Handler                         0x08000295   Thumb Code     2  stm32f4xx_it.o(i.BusFault_Handler)
    DebugMon_Handler                         0x08000297   Thumb Code     2  stm32f4xx_it.o(i.DebugMon_Handler)
    Delay                                    0x08000299   Thumb Code    16  main.o(i.Delay)
    ETH_BSP_Config                           0x080002ad   Thumb Code   110  stm32f4x7_eth_bsp.o(i.ETH_BSP_Config)
    ETH_CheckFrameReceived                   0x08000321   Thumb Code   108  stm32f4x7_eth.o(i.ETH_CheckFrameReceived)
    ETH_DMAReceptionCmd                      0x08000391   Thumb Code    22  stm32f4x7_eth.o(i.ETH_DMAReceptionCmd)
    ETH_DMARxDescChainInit                   0x080003ad   Thumb Code    74  stm32f4x7_eth.o(i.ETH_DMARxDescChainInit)
    ETH_DMATransmissionCmd                   0x08000405   Thumb Code    22  stm32f4x7_eth.o(i.ETH_DMATransmissionCmd)
    ETH_DMATxDescChainInit                   0x08000421   Thumb Code    62  stm32f4x7_eth.o(i.ETH_DMATxDescChainInit)
    ETH_DMATxDescChecksumInsertionConfig     0x08000469   Thumb Code     8  stm32f4x7_eth.o(i.ETH_DMATxDescChecksumInsertionConfig)
    ETH_DeInit                               0x08000471   Thumb Code    24  stm32f4x7_eth.o(i.ETH_DeInit)
    ETH_FlushTransmitFIFO                    0x08000489   Thumb Code    28  stm32f4x7_eth.o(i.ETH_FlushTransmitFIFO)
    ETH_GetSoftwareResetStatus               0x0800056d   Thumb Code    14  stm32f4x7_eth.o(i.ETH_GetSoftwareResetStatus)
    ETH_Get_Received_Frame                   0x08000581   Thumb Code    30  stm32f4x7_eth.o(i.ETH_Get_Received_Frame)
    ETH_Init                                 0x080005a5   Thumb Code   618  stm32f4x7_eth.o(i.ETH_Init)
    ETH_MACAddressConfig                     0x08000845   Thumb Code    22  stm32f4x7_eth.o(i.ETH_MACAddressConfig)
    ETH_MACReceptionCmd                      0x080008e5   Thumb Code    42  stm32f4x7_eth.o(i.ETH_MACReceptionCmd)
    ETH_MACTransmissionCmd                   0x08000915   Thumb Code    42  stm32f4x7_eth.o(i.ETH_MACTransmissionCmd)
    ETH_Prepare_Transmit_Descriptors         0x08000945   Thumb Code   164  stm32f4x7_eth.o(i.ETH_Prepare_Transmit_Descriptors)
    ETH_ReadPHYRegister                      0x080009f1   Thumb Code    80  stm32f4x7_eth.o(i.ETH_ReadPHYRegister)
    ETH_SoftwareReset                        0x08000a49   Thumb Code    12  stm32f4x7_eth.o(i.ETH_SoftwareReset)
    ETH_Start                                0x08000a59   Thumb Code    34  stm32f4x7_eth.o(i.ETH_Start)
    ETH_Stop                                 0x08000a7b   Thumb Code    34  stm32f4x7_eth.o(i.ETH_Stop)
    ETH_StructInit                           0x08000a9d   Thumb Code   136  stm32f4x7_eth.o(i.ETH_StructInit)
    ETH_WritePHYRegister                     0x08000b25   Thumb Code    76  stm32f4x7_eth.o(i.ETH_WritePHYRegister)
    ETH_link_callback                        0x08000b79   Thumb Code   276  stm32f4x7_eth_bsp.o(i.ETH_link_callback)
    EXTI0_IRQHandler                         0x08000ca9   Thumb Code    58  stm32f4xx_it.o(i.EXTI0_IRQHandler)
    EXTI_ClearITPendingBit                   0x08000ce9   Thumb Code     6  stm32f4xx_exti.o(i.EXTI_ClearITPendingBit)
    EXTI_GetITStatus                         0x08000cf5   Thumb Code    28  stm32f4xx_exti.o(i.EXTI_GetITStatus)
    EXTI_Init                                0x08000d15   Thumb Code   108  stm32f4xx_exti.o(i.EXTI_Init)
    Eth_Link_EXTIConfig                      0x08000d85   Thumb Code    98  stm32f4x7_eth_bsp.o(i.Eth_Link_EXTIConfig)
    Eth_Link_ITHandler                       0x08000ded   Thumb Code    54  stm32f4x7_eth_bsp.o(i.Eth_Link_ITHandler)
    Eth_Link_PHYITConfig                     0x08000e2d   Thumb Code    54  stm32f4x7_eth_bsp.o(i.Eth_Link_PHYITConfig)
    GPIO_Init                                0x08000e63   Thumb Code   162  stm32f4xx_gpio.o(i.GPIO_Init)
    GPIO_PinAFConfig                         0x08000f05   Thumb Code    32  stm32f4xx_gpio.o(i.GPIO_PinAFConfig)
    HardFault_Handler                        0x08000f25   Thumb Code     2  stm32f4xx_it.o(i.HardFault_Handler)
    LCD_ClearLine                            0x08000f29   Thumb Code    44  stm324x7i_eval_lcd.o(i.LCD_ClearLine)
    LCD_DisplayChar                          0x08000f59   Thumb Code    26  stm324x7i_eval_lcd.o(i.LCD_DisplayChar)
    LCD_DisplayStringLine                    0x08000f79   Thumb Code    52  stm324x7i_eval_lcd.o(i.LCD_DisplayStringLine)
    LCD_DrawChar                             0x08000fb1   Thumb Code   120  stm324x7i_eval_lcd.o(i.LCD_DrawChar)
    LCD_GetFont                              0x0800102d   Thumb Code     6  stm324x7i_eval_lcd.o(i.LCD_GetFont)
    LCD_LED_BUTTON_Init                      0x08001039   Thumb Code    62  main.o(i.LCD_LED_BUTTON_Init)
    LCD_SetCursor                            0x08001077   Thumb Code    24  stm324x7i_eval_lcd.o(i.LCD_SetCursor)
    LCD_SetTextColor                         0x08001091   Thumb Code    12  stm324x7i_eval_lcd.o(i.LCD_SetTextColor)
    LCD_WriteReg                             0x080010a1   Thumb Code    10  stm324x7i_eval_lcd.o(i.LCD_WriteReg)
    LwIP_Init                                0x080010ad   Thumb Code   156  netconf.o(i.LwIP_Init)
    LwIP_Periodic_Handle                     0x08001195   Thumb Code    50  netconf.o(i.LwIP_Periodic_Handle)
    LwIP_Pkt_Handle                          0x080011cd   Thumb Code     6  netconf.o(i.LwIP_Pkt_Handle)
    MemManage_Handler                        0x080011d9   Thumb Code     2  stm32f4xx_it.o(i.MemManage_Handler)
    NMI_Handler                              0x080011db   Thumb Code     2  stm32f4xx_it.o(i.NMI_Handler)
    NVIC_Init                                0x080011dd   Thumb Code    92  misc.o(i.NVIC_Init)
    NVIC_PriorityGroupConfig                 0x08001241   Thumb Code    10  misc.o(i.NVIC_PriorityGroupConfig)
    RCC_AHB1PeriphClockCmd                   0x08001275   Thumb Code    18  stm32f4xx_rcc.o(i.RCC_AHB1PeriphClockCmd)
    RCC_AHB1PeriphResetCmd                   0x0800128d   Thumb Code    18  stm32f4xx_rcc.o(i.RCC_AHB1PeriphResetCmd)
    RCC_APB2PeriphClockCmd                   0x080012a5   Thumb Code    18  stm32f4xx_rcc.o(i.RCC_APB2PeriphClockCmd)
    RCC_GetClocksFreq                        0x080012bd   Thumb Code   132  stm32f4xx_rcc.o(i.RCC_GetClocksFreq)
    STM_EVAL_LEDInit                         0x0800134d   Thumb Code    62  stm324x7i_eval.o(i.STM_EVAL_LEDInit)
    STM_EVAL_LEDOn                           0x08001395   Thumb Code    16  stm324x7i_eval.o(i.STM_EVAL_LEDOn)
    STM_EVAL_PBInit                          0x080013ad   Thumb Code   156  stm324x7i_eval.o(i.STM_EVAL_PBInit)
    SYSCFG_ETH_MediaInterfaceConfig          0x08001451   Thumb Code     6  stm32f4xx_syscfg.o(i.SYSCFG_ETH_MediaInterfaceConfig)
    SYSCFG_EXTILineConfig                    0x0800145d   Thumb Code    34  stm32f4xx_syscfg.o(i.SYSCFG_EXTILineConfig)
    SysTick_CLKSourceConfig                  0x08001551   Thumb Code    24  misc.o(i.SysTick_CLKSourceConfig)
    SysTick_Handler                          0x08001569   Thumb Code     4  stm32f4xx_it.o(i.SysTick_Handler)
    SystemInit                               0x0800156d   Thumb Code    74  system_stm32f4xx.o(i.SystemInit)
    Time_Update                              0x080015c9   Thumb Code    10  main.o(i.Time_Update)
    UsageFault_Handler                       0x080015d9   Thumb Code     2  stm32f4xx_it.o(i.UsageFault_Handler)
    __0sprintf$1                             0x080015dd   Thumb Code    34  printf1.o(i.__0sprintf$1)
    __1sprintf$1                             0x080015dd   Thumb Code     0  printf1.o(i.__0sprintf$1)
    __2sprintf                               0x080015dd   Thumb Code     0  printf1.o(i.__0sprintf$1)
    __scatterload_copy                       0x08001605   Thumb Code    14  handlers.o(i.__scatterload_copy)
    __scatterload_null                       0x08001613   Thumb Code     2  handlers.o(i.__scatterload_null)
    __scatterload_zeroinit                   0x08001615   Thumb Code    14  handlers.o(i.__scatterload_zeroinit)
    dhcp_arp_reply                           0x08001783   Thumb Code    30  dhcp.o(i.dhcp_arp_reply)
    dhcp_network_changed                     0x08001a05   Thumb Code    70  dhcp.o(i.dhcp_network_changed)
    etharp_cleanup_netif                     0x08001c8d   Thumb Code    42  etharp.o(i.etharp_cleanup_netif)
    etharp_output                            0x08001dbd   Thumb Code   246  etharp.o(i.etharp_output)
    etharp_query                             0x08001f05   Thumb Code   228  etharp.o(i.etharp_query)
    etharp_request                           0x08002091   Thumb Code    32  etharp.o(i.etharp_request)
    etharp_tmr                               0x080020d5   Thumb Code    68  etharp.o(i.etharp_tmr)
    ethernet_input                           0x08002199   Thumb Code   138  etharp.o(i.ethernet_input)
    ethernetif_init                          0x08002229   Thumb Code    30  ethernetif.o(i.ethernetif_init)
    ethernetif_input                         0x08002251   Thumb Code    38  ethernetif.o(i.ethernetif_input)
    icmp_dest_unreach                        0x08002277   Thumb Code     8  icmp.o(i.icmp_dest_unreach)
    icmp_input                               0x08002281   Thumb Code   242  icmp.o(i.icmp_input)
    icmp_time_exceeded                       0x080023e1   Thumb Code     8  icmp.o(i.icmp_time_exceeded)
    inet_chksum                              0x080023e9   Thumb Code    12  inet_chksum.o(i.inet_chksum)
    inet_chksum_pbuf                         0x080023f5   Thumb Code    72  inet_chksum.o(i.inet_chksum_pbuf)
    ip4_addr_isbroadcast                     0x0800243d   Thumb Code    46  ip_addr.o(i.ip4_addr_isbroadcast)
    ip_frag                                  0x0800246d   Thumb Code   352  ip_frag.o(i.ip_frag)
    ip_input                                 0x080025d9   Thumb Code   372  ip.o(i.ip_input)
    ip_output                                0x08002755   Thumb Code    52  ip.o(i.ip_output)
    ip_output_if                             0x08002789   Thumb Code   164  ip.o(i.ip_output_if)
    ip_reass                                 0x08002831   Thumb Code   384  ip_frag.o(i.ip_reass)
    ip_route                                 0x08002ba5   Thumb Code    54  ip.o(i.ip_route)
    lwip_htonl                               0x08002dcd   Thumb Code     4  def.o(i.lwip_htonl)
    lwip_htons                               0x08002dd1   Thumb Code     4  def.o(i.lwip_htons)
    lwip_ntohl                               0x08002dd5   Thumb Code     4  def.o(i.lwip_ntohl)
    lwip_ntohs                               0x08002dd9   Thumb Code     4  def.o(i.lwip_ntohs)
    main                                     0x08002e35   Thumb Code    42  main.o(i.main)
    mem_free                                 0x08002e65   Thumb Code    38  mem.o(i.mem_free)
    mem_init                                 0x08002e91   Thumb Code    42  mem.o(i.mem_init)
    mem_malloc                               0x08002ec5   Thumb Code   162  mem.o(i.mem_malloc)
    mem_trim                                 0x08002f6d   Thumb Code   200  mem.o(i.mem_trim)
    memp_free                                0x08003039   Thumb Code    18  memp.o(i.memp_free)
    memp_init                                0x08003051   Thumb Code    78  memp.o(i.memp_init)
    memp_malloc                              0x080030a9   Thumb Code    28  memp.o(i.memp_malloc)
    netif_add                                0x080030c9   Thumb Code    70  netif.o(i.netif_add)
    netif_set_addr                           0x08003115   Thumb Code    32  netif.o(i.netif_set_addr)
    netif_set_default                        0x08003135   Thumb Code     6  netif.o(i.netif_set_default)
    netif_set_down                           0x08003141   Thumb Code    26  netif.o(i.netif_set_down)
    netif_set_gw                             0x0800315b   Thumb Code     8  netif.o(i.netif_set_gw)
    netif_set_ipaddr                         0x08003165   Thumb Code    96  netif.o(i.netif_set_ipaddr)
    netif_set_link_callback                  0x080031cd   Thumb Code     8  netif.o(i.netif_set_link_callback)
    netif_set_link_down                      0x080031d5   Thumb Code    26  netif.o(i.netif_set_link_down)
    netif_set_link_up                        0x080031ef   Thumb Code    66  netif.o(i.netif_set_link_up)
    netif_set_netmask                        0x08003231   Thumb Code     8  netif.o(i.netif_set_netmask)
    netif_set_up                             0x08003239   Thumb Code    32  netif.o(i.netif_set_up)
    pbuf_alloc                               0x08003259   Thumb Code   280  pbuf.o(i.pbuf_alloc)
    pbuf_alloced_custom                      0x08003371   Thumb Code    84  pbuf.o(i.pbuf_alloced_custom)
    pbuf_cat                                 0x080033c5   Thumb Code    40  pbuf.o(i.pbuf_cat)
    pbuf_chain                               0x080033ed   Thumb Code    18  pbuf.o(i.pbuf_chain)
    pbuf_clen                                0x080033ff   Thumb Code    18  pbuf.o(i.pbuf_clen)
    pbuf_copy                                0x08003411   Thumb Code   154  pbuf.o(i.pbuf_copy)
    pbuf_copy_partial                        0x080034ab   Thumb Code   104  pbuf.o(i.pbuf_copy_partial)
    pbuf_free                                0x08003513   Thumb Code    82  pbuf.o(i.pbuf_free)
    pbuf_header                              0x08003565   Thumb Code    96  pbuf.o(i.pbuf_header)
    pbuf_realloc                             0x080035c5   Thumb Code    78  pbuf.o(i.pbuf_realloc)
    pbuf_ref                                 0x08003613   Thumb Code    12  pbuf.o(i.pbuf_ref)
    pbuf_take                                0x0800361f   Thumb Code    78  pbuf.o(i.pbuf_take)
    raw_input                                0x080036c1   Thumb Code   104  raw.o(i.raw_input)
    tcp_abandon                              0x08003735   Thumb Code   136  tcp.o(i.tcp_abandon)
    tcp_abort                                0x080037c1   Thumb Code     6  tcp.o(i.tcp_abort)
    tcp_alloc                                0x080037c9   Thumb Code   232  tcp.o(i.tcp_alloc)
    tcp_arg                                  0x080038bd   Thumb Code     4  tcp.o(i.tcp_arg)
    tcp_close                                0x080038c1   Thumb Code    20  tcp.o(i.tcp_close)
    tcp_connect                              0x080039f9   Thumb Code   238  tcp.o(i.tcp_connect)
    tcp_echoclient_connect                   0x08003b89   Thumb Code    38  tcp_echoclient.o(i.tcp_echoclient_connect)
    tcp_eff_send_mss                         0x08003da3   Thumb Code    32  tcp.o(i.tcp_eff_send_mss)
    tcp_enqueue_flags                        0x08003dc3   Thumb Code   166  tcp_out.o(i.tcp_enqueue_flags)
    tcp_fasttmr                              0x08003e69   Thumb Code    90  tcp.o(i.tcp_fasttmr)
    tcp_input                                0x08003ec9   Thumb Code   758  tcp_in.o(i.tcp_input)
    tcp_keepalive                            0x080041dd   Thumb Code    60  tcp_out.o(i.tcp_keepalive)
    tcp_new                                  0x080042fd   Thumb Code     6  tcp.o(i.tcp_new)
    tcp_next_iss                             0x08004361   Thumb Code    12  tcp.o(i.tcp_next_iss)
    tcp_output                               0x08004371   Thumb Code   392  tcp_out.o(i.tcp_output)
    tcp_pcb_purge                            0x080046e7   Thumb Code    58  tcp.o(i.tcp_pcb_purge)
    tcp_pcb_remove                           0x08004721   Thumb Code    82  tcp.o(i.tcp_pcb_remove)
    tcp_poll                                 0x08004779   Thumb Code     8  tcp.o(i.tcp_poll)
    tcp_process_refused_data                 0x08004ab5   Thumb Code   102  tcp.o(i.tcp_process_refused_data)
    tcp_recv                                 0x08004f2f   Thumb Code     4  tcp.o(i.tcp_recv)
    tcp_recv_null                            0x08004f33   Thumb Code    36  tcp.o(i.tcp_recv_null)
    tcp_recved                               0x08004f57   Thumb Code    56  tcp.o(i.tcp_recved)
    tcp_rexmit                               0x08004f8f   Thumb Code    80  tcp_out.o(i.tcp_rexmit)
    tcp_rexmit_fast                          0x08004fdf   Thumb Code    88  tcp_out.o(i.tcp_rexmit_fast)
    tcp_rexmit_rto                           0x08005037   Thumb Code    46  tcp_out.o(i.tcp_rexmit_rto)
    tcp_rst                                  0x08005065   Thumb Code   118  tcp_out.o(i.tcp_rst)
    tcp_seg_free                             0x080050db   Thumb Code    28  tcp.o(i.tcp_seg_free)
    tcp_segs_free                            0x080050f7   Thumb Code    18  tcp.o(i.tcp_segs_free)
    tcp_send_empty_ack                       0x08005109   Thumb Code    72  tcp_out.o(i.tcp_send_empty_ack)
    tcp_send_fin                             0x08005151   Thumb Code    68  tcp_out.o(i.tcp_send_fin)
    tcp_sent                                 0x08005195   Thumb Code     4  tcp.o(i.tcp_sent)
    tcp_slowtmr                              0x08005199   Thumb Code   590  tcp.o(i.tcp_slowtmr)
    tcp_timer_needed                         0x080053f9   Thumb Code     2  timers.o(i.tcp_timer_needed)
    tcp_tmr                                  0x08005469   Thumb Code    28  tcp.o(i.tcp_tmr)
    tcp_update_rcv_ann_wnd                   0x08005489   Thumb Code    52  tcp.o(i.tcp_update_rcv_ann_wnd)
    tcp_write                                0x080054bd   Thumb Code   740  tcp_out.o(i.tcp_write)
    tcp_zero_window_probe                    0x080057a1   Thumb Code   138  tcp_out.o(i.tcp_zero_window_probe)
    udp_bind                                 0x0800582d   Thumb Code   148  udp.o(i.udp_bind)
    udp_input                                0x080058c5   Thumb Code   364  udp.o(i.udp_input)
    udp_sendto_if                            0x08005a3d   Thumb Code   182  udp.o(i.udp_sendto_if)
    tcp_persist_backoff                      0x08005b18   Data           7  tcp.o(.constdata)
    tcp_state_str                            0x08005b20   Data          44  tcp.o(.constdata)
    tcp_backoff                              0x08005b4c   Data          13  tcp.o(.constdata)
    tcp_pcb_lists                            0x08005b5c   Data          16  tcp.o(.constdata)
    ip_addr_broadcast                        0x08005b6c   Data           4  ip_addr.o(.constdata)
    ethbroadcast                             0x08005b70   Data           6  etharp.o(.constdata)
    ethzero                                  0x08005b76   Data           6  etharp.o(.constdata)
    COM_TX_PIN                               0x08005b7c   Data           2  stm324x7i_eval.o(.constdata)
    COM_RX_PIN                               0x08005b7e   Data           2  stm324x7i_eval.o(.constdata)
    COM_TX_PIN_SOURCE                        0x08005b80   Data           2  stm324x7i_eval.o(.constdata)
    COM_RX_PIN_SOURCE                        0x08005b82   Data           2  stm324x7i_eval.o(.constdata)
    COM_TX_AF                                0x08005b84   Data           2  stm324x7i_eval.o(.constdata)
    COM_RX_AF                                0x08005b86   Data           2  stm324x7i_eval.o(.constdata)
    COM_USART_CLK                            0x08005b88   Data           4  stm324x7i_eval.o(.constdata)
    COM_TX_PORT_CLK                          0x08005b8c   Data           4  stm324x7i_eval.o(.constdata)
    COM_RX_PORT_CLK                          0x08005b90   Data           4  stm324x7i_eval.o(.constdata)
    BUTTON_PIN                               0x08005b94   Data           6  stm324x7i_eval.o(.constdata)
    BUTTON_EXTI_LINE                         0x08005b9a   Data           6  stm324x7i_eval.o(.constdata)
    BUTTON_PORT_SOURCE                       0x08005ba0   Data           6  stm324x7i_eval.o(.constdata)
    BUTTON_PIN_SOURCE                        0x08005ba6   Data           6  stm324x7i_eval.o(.constdata)
    BUTTON_IRQn                              0x08005bac   Data           6  stm324x7i_eval.o(.constdata)
    GPIO_PIN                                 0x08005bb2   Data           8  stm324x7i_eval.o(.constdata)
    GPIO_CLK                                 0x08005bbc   Data          16  stm324x7i_eval.o(.constdata)
    BUTTON_CLK                               0x08005bcc   Data          12  stm324x7i_eval.o(.constdata)
    ASCII16x24_Table                         0x08005bd8   Data        4560  stm324x7i_eval_lcd.o(.constdata)
    Region$$Table$$Base                      0x08006e10   Number         0  anon$$obj.o(Region$$Table)
    Region$$Table$$Limit                     0x08006e30   Number         0  anon$$obj.o(Region$$Table)
    LocalTime                                0x20000000   Data           4  main.o(.data)
    timingdelay                              0x20000004   Data           4  main.o(.data)
    TCPTimer                                 0x20000008   Data           4  netconf.o(.data)
    ARPTimer                                 0x2000000c   Data           4  netconf.o(.data)
    EthLinkStatus                            0x20000010   Data           1  stm32f4x7_eth_bsp.o(.data)
    EthStatus                                0x20000014   Data           4  stm32f4x7_eth_bsp.o(.data)
    message_count                            0x20000018   Data           4  tcp_echoclient.o(.data)
    echoclient_pcb                           0x2000001c   Data           4  tcp_echoclient.o(.data)
    netif_list                               0x20000034   Data           4  netif.o(.data)
    netif_default                            0x20000038   Data           4  netif.o(.data)
    tcp_active_pcbs_changed                  0x20000040   Data           1  tcp.o(.data)
    tcp_ticks                                0x2000004c   Data           4  tcp.o(.data)
    tcp_bound_pcbs                           0x20000050   Data           4  tcp.o(.data)
    tcp_listen_pcbs                          0x20000054   Data           4  tcp.o(.data)
    tcp_active_pcbs                          0x20000058   Data           4  tcp.o(.data)
    tcp_tw_pcbs                              0x2000005c   Data           4  tcp.o(.data)
    tcp_tmp_pcb                              0x20000060   Data           4  tcp.o(.data)
    tcp_input_pcb                            0x2000007c   Data           4  tcp_in.o(.data)
    udp_pcbs                                 0x20000084   Data           4  udp.o(.data)
    current_netif                            0x2000008c   Data           4  ip.o(.data)
    current_header                           0x20000090   Data           4  ip.o(.data)
    current_iphdr_src                        0x20000094   Data           4  ip.o(.data)
    current_iphdr_dest                       0x20000098   Data           4  ip.o(.data)
    DMATxDescToSet                           0x200000b8   Data           4  stm32f4x7_eth.o(.data)
    DMARxDescToGet                           0x200000bc   Data           4  stm32f4x7_eth.o(.data)
    DMA_RX_FRAME_infos                       0x200000c0   Data           4  stm32f4x7_eth.o(.data)
    COM_USART                                0x200000c4   Data           4  stm324x7i_eval.o(.data)
    COM_TX_PORT                              0x200000c8   Data           4  stm324x7i_eval.o(.data)
    COM_RX_PORT                              0x200000cc   Data           4  stm324x7i_eval.o(.data)
    NVIC_InitStructure                       0x200000d0   Data           4  stm324x7i_eval.o(.data)
    GPIO_PORT                                0x200000d4   Data          16  stm324x7i_eval.o(.data)
    BUTTON_PORT                              0x200000e4   Data          12  stm324x7i_eval.o(.data)
    TextColor                                0x200000f0   Data           2  stm324x7i_eval_lcd.o(.data)
    BackColor                                0x200000f2   Data           2  stm324x7i_eval_lcd.o(.data)
    Font16x24                                0x200000f8   Data           8  stm324x7i_eval_lcd.o(.data)
    gnetif                                   0x20000100   Data          56  netconf.o(.bss)
    ETH_InitStructure                        0x20000138   Data         188  stm32f4x7_eth_bsp.o(.bss)
    data                                     0x200001f4   Data         100  tcp_echoclient.o(.bss)
    ram_heap                                 0x20000258   Data       10260  mem.o(.bss)
    DMARxDscrTab                             0x20004d1c   Data         128  stm32f4x7_eth.o(.bss)
    DMATxDscrTab                             0x20004d9c   Data         128  stm32f4x7_eth.o(.bss)
    Rx_Buff                                  0x20004e1c   Data        6096  stm32f4x7_eth.o(.bss)
    Tx_Buff                                  0x200065ec   Data        6096  stm32f4x7_eth.o(.bss)
    RX_Frame_Descriptor                      0x20007dbc   Data          12  stm32f4x7_eth.o(.bss)
    __initial_sp                             0x200081c8   Data           0  startup_stm32f427x.o(STACK)



==============================================================================

Memory Map of the image

  Image Entry point : 0x0800019d

  Load Region LR_IROM1 (Base: 0x08000000, Size: 0x00006f30, Max: 0x00200000, ABSOLUTE)

    Execution Region ER_IROM1 (Base: 0x08000000, Size: 0x00006e30, Max: 0x00200000, ABSOLUTE)

    Base Addr    Size         Type   Attr      Idx    E Section Name        Object

    0x08000000   0x0000019c   Data   RO          143    RESET               startup_stm32f427x.o
    0x0800019c   0x00000000   Code   RO         5093  * .ARM.Collect$$$$00000000  mc_w.l(entry.o)
    0x0800019c   0x00000004   Code   RO         5387    .ARM.Collect$$$$00000001  mc_w.l(entry2.o)
    0x080001a0   0x00000004   Code   RO         5390    .ARM.Collect$$$$00000004  mc_w.l(entry5.o)
    0x080001a4   0x00000000   Code   RO         5392    .ARM.Collect$$$$00000008  mc_w.l(entry7b.o)
    0x080001a4   0x00000000   Code   RO         5394    .ARM.Collect$$$$0000000A  mc_w.l(entry8b.o)
    0x080001a4   0x00000008   Code   RO         5395    .ARM.Collect$$$$0000000B  mc_w.l(entry9a.o)
    0x080001ac   0x00000000   Code   RO         5397    .ARM.Collect$$$$0000000D  mc_w.l(entry10a.o)
    0x080001ac   0x00000000   Code   RO         5399    .ARM.Collect$$$$0000000F  mc_w.l(entry11a.o)
    0x080001ac   0x00000004   Code   RO         5388    .ARM.Collect$$$$00002712  mc_w.l(entry2.o)
    0x080001b0   0x00000024   Code   RO          144    .text               startup_stm32f427x.o
    0x080001d4   0x00000024   Code   RO         5096    .text               mc_w.l(memcpya.o)
    0x080001f8   0x00000024   Code   RO         5098    .text               mc_w.l(memseta.o)
    0x0800021c   0x0000000e   Code   RO         5104    .text               mc_w.l(strlen.o)
    0x0800022a   0x0000001a   Code   RO         5108    .text               mc_w.l(memcmp.o)
    0x08000244   0x0000002c   Code   RO         5404    .text               mc_w.l(uidiv.o)
    0x08000270   0x00000024   Code   RO         5419    .text               mc_w.l(init.o)
    0x08000294   0x00000002   Code   RO          437    i.BusFault_Handler  stm32f4xx_it.o
    0x08000296   0x00000002   Code   RO          438    i.DebugMon_Handler  stm32f4xx_it.o
    0x08000298   0x00000014   Code   RO          150    i.Delay             main.o
    0x080002ac   0x00000074   Code   RO          361    i.ETH_BSP_Config    stm32f4x7_eth_bsp.o
    0x08000320   0x00000070   Code   RO         4192    i.ETH_CheckFrameReceived  stm32f4x7_eth.o
    0x08000390   0x0000001c   Code   RO         4196    i.ETH_DMAReceptionCmd  stm32f4x7_eth.o
    0x080003ac   0x00000058   Code   RO         4197    i.ETH_DMARxDescChainInit  stm32f4x7_eth.o
    0x08000404   0x0000001c   Code   RO         4199    i.ETH_DMATransmissionCmd  stm32f4x7_eth.o
    0x08000420   0x00000048   Code   RO         4202    i.ETH_DMATxDescChainInit  stm32f4x7_eth.o
    0x08000468   0x00000008   Code   RO         4203    i.ETH_DMATxDescChecksumInsertionConfig  stm32f4x7_eth.o
    0x08000470   0x00000018   Code   RO         4208    i.ETH_DeInit        stm32f4x7_eth.o
    0x08000488   0x00000020   Code   RO         4210    i.ETH_FlushTransmitFIFO  stm32f4x7_eth.o
    0x080004a8   0x000000c4   Code   RO          362    i.ETH_GPIO_Config   stm32f4x7_eth_bsp.o
    0x0800056c   0x00000014   Code   RO         4236    i.ETH_GetSoftwareResetStatus  stm32f4x7_eth.o
    0x08000580   0x00000024   Code   RO         4238    i.ETH_Get_Received_Frame  stm32f4x7_eth.o
    0x080005a4   0x000002a0   Code   RO         4241    i.ETH_Init          stm32f4x7_eth.o
    0x08000844   0x0000001c   Code   RO         4243    i.ETH_MACAddressConfig  stm32f4x7_eth.o
    0x08000860   0x00000084   Code   RO          363    i.ETH_MACDMA_Config  stm32f4x7_eth_bsp.o
    0x080008e4   0x00000030   Code   RO         4248    i.ETH_MACReceptionCmd  stm32f4x7_eth.o
    0x08000914   0x00000030   Code   RO         4249    i.ETH_MACTransmissionCmd  stm32f4x7_eth.o
    0x08000944   0x000000ac   Code   RO         4260    i.ETH_Prepare_Transmit_Descriptors  stm32f4x7_eth.o
    0x080009f0   0x00000058   Code   RO         4261    i.ETH_ReadPHYRegister  stm32f4x7_eth.o
    0x08000a48   0x00000010   Code   RO         4269    i.ETH_SoftwareReset  stm32f4x7_eth.o
    0x08000a58   0x00000022   Code   RO         4270    i.ETH_Start         stm32f4x7_eth.o
    0x08000a7a   0x00000022   Code   RO         4271    i.ETH_Stop          stm32f4x7_eth.o
    0x08000a9c   0x00000088   Code   RO         4272    i.ETH_StructInit    stm32f4x7_eth.o
    0x08000b24   0x00000054   Code   RO         4274    i.ETH_WritePHYRegister  stm32f4x7_eth.o
    0x08000b78   0x00000130   Code   RO          364    i.ETH_link_callback  stm32f4x7_eth_bsp.o
    0x08000ca8   0x00000040   Code   RO          439    i.EXTI0_IRQHandler  stm32f4xx_it.o
    0x08000ce8   0x0000000c   Code   RO         2944    i.EXTI_ClearITPendingBit  stm32f4xx_exti.o
    0x08000cf4   0x00000020   Code   RO         2948    i.EXTI_GetITStatus  stm32f4xx_exti.o
    0x08000d14   0x00000070   Code   RO         2949    i.EXTI_Init         stm32f4xx_exti.o
    0x08000d84   0x00000068   Code   RO          365    i.Eth_Link_EXTIConfig  stm32f4x7_eth_bsp.o
    0x08000dec   0x00000040   Code   RO          366    i.Eth_Link_ITHandler  stm32f4x7_eth_bsp.o
    0x08000e2c   0x00000036   Code   RO          367    i.Eth_Link_PHYITConfig  stm32f4x7_eth_bsp.o
    0x08000e62   0x000000a2   Code   RO         3340    i.GPIO_Init         stm32f4xx_gpio.o
    0x08000f04   0x00000020   Code   RO         3341    i.GPIO_PinAFConfig  stm32f4xx_gpio.o
    0x08000f24   0x00000002   Code   RO          440    i.HardFault_Handler  stm32f4xx_it.o
    0x08000f26   0x00000002   PAD
    0x08000f28   0x00000030   Code   RO         4822    i.LCD_ClearLine     stm324x7i_eval_lcd.o
    0x08000f58   0x00000020   Code   RO         4827    i.LCD_DisplayChar   stm324x7i_eval_lcd.o
    0x08000f78   0x00000038   Code   RO         4830    i.LCD_DisplayStringLine  stm324x7i_eval_lcd.o
    0x08000fb0   0x0000007c   Code   RO         4831    i.LCD_DrawChar      stm324x7i_eval_lcd.o
    0x0800102c   0x0000000c   Code   RO         4842    i.LCD_GetFont       stm324x7i_eval_lcd.o
    0x08001038   0x0000003e   Code   RO          151    i.LCD_LED_BUTTON_Init  main.o
    0x08001076   0x00000018   Code   RO         4852    i.LCD_SetCursor     stm324x7i_eval_lcd.o
    0x0800108e   0x00000002   PAD
    0x08001090   0x00000010   Code   RO         4855    i.LCD_SetTextColor  stm324x7i_eval_lcd.o
    0x080010a0   0x0000000a   Code   RO         4860    i.LCD_WriteReg      stm324x7i_eval_lcd.o
    0x080010aa   0x00000002   PAD
    0x080010ac   0x000000e8   Code   RO          289    i.LwIP_Init         netconf.o
    0x08001194   0x00000038   Code   RO          290    i.LwIP_Periodic_Handle  netconf.o
    0x080011cc   0x0000000c   Code   RO          291    i.LwIP_Pkt_Handle   netconf.o
    0x080011d8   0x00000002   Code   RO          441    i.MemManage_Handler  stm32f4xx_it.o
    0x080011da   0x00000002   Code   RO          442    i.NMI_Handler       stm32f4xx_it.o
    0x080011dc   0x00000064   Code   RO         2529    i.NVIC_Init         misc.o
    0x08001240   0x00000014   Code   RO         2530    i.NVIC_PriorityGroupConfig  misc.o
    0x08001254   0x00000020   Code   RO          368    i.NVIC_SetPriority  stm32f4x7_eth_bsp.o
    0x08001274   0x00000018   Code   RO         3437    i.RCC_AHB1PeriphClockCmd  stm32f4xx_rcc.o
    0x0800128c   0x00000018   Code   RO         3439    i.RCC_AHB1PeriphResetCmd  stm32f4xx_rcc.o
    0x080012a4   0x00000018   Code   RO         3449    i.RCC_APB2PeriphClockCmd  stm32f4xx_rcc.o
    0x080012bc   0x00000090   Code   RO         3458    i.RCC_GetClocksFreq  stm32f4xx_rcc.o
    0x0800134c   0x00000048   Code   RO         4720    i.STM_EVAL_LEDInit  stm324x7i_eval.o
    0x08001394   0x00000018   Code   RO         4722    i.STM_EVAL_LEDOn    stm324x7i_eval.o
    0x080013ac   0x000000a4   Code   RO         4725    i.STM_EVAL_PBInit   stm324x7i_eval.o
    0x08001450   0x0000000c   Code   RO         3919    i.SYSCFG_ETH_MediaInterfaceConfig  stm32f4xx_syscfg.o
    0x0800145c   0x00000028   Code   RO         3920    i.SYSCFG_EXTILineConfig  stm32f4xx_syscfg.o
    0x08001484   0x000000cc   Code   RO            3    i.SetSysClock       system_stm32f4xx.o
    0x08001550   0x00000018   Code   RO         2533    i.SysTick_CLKSourceConfig  misc.o
    0x08001568   0x00000004   Code   RO          443    i.SysTick_Handler   stm32f4xx_it.o
    0x0800156c   0x0000005c   Code   RO            5    i.SystemInit        system_stm32f4xx.o
    0x080015c8   0x00000010   Code   RO          152    i.Time_Update       main.o
    0x080015d8   0x00000002   Code   RO          444    i.UsageFault_Handler  stm32f4xx_it.o
    0x080015da   0x00000002   PAD
    0x080015dc   0x00000028   Code   RO         5161    i.__0sprintf$1      mc_w.l(printf1.o)
    0x08001604   0x0000000e   Code   RO         5429    i.__scatterload_copy  mc_w.l(handlers.o)
    0x08001612   0x00000002   Code   RO         5430    i.__scatterload_null  mc_w.l(handlers.o)
    0x08001614   0x0000000e   Code   RO         5431    i.__scatterload_zeroinit  mc_w.l(handlers.o)
    0x08001622   0x00000002   PAD
    0x08001624   0x00000154   Code   RO         5166    i._printf_core      mc_w.l(printf1.o)
    0x08001778   0x0000000a   Code   RO         5168    i._sputc            mc_w.l(printf1.o)
    0x08001782   0x0000001e   Code   RO          883    i.dhcp_arp_reply    dhcp.o
    0x080017a0   0x00000124   Code   RO          888    i.dhcp_create_msg   dhcp.o
    0x080018c4   0x0000006c   Code   RO          889    i.dhcp_decline      dhcp.o
    0x08001930   0x00000016   Code   RO          890    i.dhcp_delete_msg   dhcp.o
    0x08001946   0x00000002   PAD
    0x08001948   0x000000bc   Code   RO          891    i.dhcp_discover     dhcp.o
    0x08001a04   0x00000046   Code   RO          895    i.dhcp_network_changed  dhcp.o
    0x08001a4a   0x00000020   Code   RO          896    i.dhcp_option       dhcp.o
    0x08001a6a   0x00000010   Code   RO          897    i.dhcp_option_byte  dhcp.o
    0x08001a7a   0x00000042   Code   RO          898    i.dhcp_option_long  dhcp.o
    0x08001abc   0x00000022   Code   RO          899    i.dhcp_option_short  dhcp.o
    0x08001ade   0x0000002c   Code   RO          900    i.dhcp_option_trailer  dhcp.o
    0x08001b0a   0x00000002   PAD
    0x08001b0c   0x000000a0   Code   RO          903    i.dhcp_reboot       dhcp.o
    0x08001bac   0x00000010   Code   RO          908    i.dhcp_set_state    dhcp.o
    0x08001bbc   0x000000ce   Code   RO         2164    i.etharp_arp_input  etharp.o
    0x08001c8a   0x00000002   PAD
    0x08001c8c   0x00000030   Code   RO         2165    i.etharp_cleanup_netif  etharp.o
    0x08001cbc   0x000000dc   Code   RO         2167    i.etharp_find_entry  etharp.o
    0x08001d98   0x00000024   Code   RO         2168    i.etharp_free_entry  etharp.o
    0x08001dbc   0x00000104   Code   RO         2169    i.etharp_output     etharp.o
    0x08001ec0   0x00000044   Code   RO         2170    i.etharp_output_to_arp_index  etharp.o
    0x08001f04   0x000000ec   Code   RO         2171    i.etharp_query      etharp.o
    0x08001ff0   0x000000a0   Code   RO         2172    i.etharp_raw        etharp.o
    0x08002090   0x00000024   Code   RO         2173    i.etharp_request    etharp.o
    0x080020b4   0x00000020   Code   RO         2174    i.etharp_send_ip    etharp.o
    0x080020d4   0x00000048   Code   RO         2175    i.etharp_tmr        etharp.o
    0x0800211c   0x0000007c   Code   RO         2176    i.etharp_update_arp_entry  etharp.o
    0x08002198   0x00000090   Code   RO         2177    i.ethernet_input    etharp.o
    0x08002228   0x00000028   Code   RO         2257    i.ethernetif_init   ethernetif.o
    0x08002250   0x00000026   Code   RO         2258    i.ethernetif_input  ethernetif.o
    0x08002276   0x00000008   Code   RO         1929    i.icmp_dest_unreach  icmp.o
    0x0800227e   0x00000002   PAD
    0x08002280   0x000000fc   Code   RO         1930    i.icmp_input        icmp.o
    0x0800237c   0x00000064   Code   RO         1931    i.icmp_send_response  icmp.o
    0x080023e0   0x00000008   Code   RO         1932    i.icmp_time_exceeded  icmp.o
    0x080023e8   0x0000000c   Code   RO         1977    i.inet_chksum       inet_chksum.o
    0x080023f4   0x00000048   Code   RO         1978    i.inet_chksum_pbuf  inet_chksum.o
    0x0800243c   0x0000002e   Code   RO         2054    i.ip4_addr_isbroadcast  ip_addr.o
    0x0800246a   0x00000002   PAD
    0x0800246c   0x00000164   Code   RO         2108    i.ip_frag           ip_frag.o
    0x080025d0   0x00000008   Code   RO         2109    i.ip_frag_free_pbuf_custom_ref  ip_frag.o
    0x080025d8   0x0000017c   Code   RO         2015    i.ip_input          ip.o
    0x08002754   0x00000034   Code   RO         2016    i.ip_output         ip.o
    0x08002788   0x000000a8   Code   RO         2017    i.ip_output_if      ip.o
    0x08002830   0x00000184   Code   RO         2110    i.ip_reass          ip_frag.o
    0x080029b4   0x000000f0   Code   RO         2111    i.ip_reass_chain_frag_into_datagram_and_validate  ip_frag.o
    0x08002aa4   0x00000024   Code   RO         2112    i.ip_reass_dequeue_datagram  ip_frag.o
    0x08002ac8   0x00000070   Code   RO         2113    i.ip_reass_free_complete_datagram  ip_frag.o
    0x08002b38   0x0000006c   Code   RO         2114    i.ip_reass_remove_oldest_datagram  ip_frag.o
    0x08002ba4   0x00000040   Code   RO         2018    i.ip_route          ip.o
    0x08002be4   0x00000016   Code   RO         2116    i.ipfrag_free_pbuf_custom  ip_frag.o
    0x08002bfa   0x00000002   PAD
    0x08002bfc   0x00000074   Code   RO         2259    i.low_level_init    ethernetif.o
    0x08002c70   0x000000ac   Code   RO         2260    i.low_level_input   ethernetif.o
    0x08002d1c   0x000000b0   Code   RO         2261    i.low_level_output  ethernetif.o
    0x08002dcc   0x00000004   Code   RO         2297    i.lwip_htonl        def.o
    0x08002dd0   0x00000004   Code   RO         2298    i.lwip_htons        def.o
    0x08002dd4   0x00000004   Code   RO         2299    i.lwip_ntohl        def.o
    0x08002dd8   0x00000004   Code   RO         2300    i.lwip_ntohs        def.o
    0x08002ddc   0x00000058   Code   RO         1981    i.lwip_standard_chksum  inet_chksum.o
    0x08002e34   0x00000030   Code   RO          153    i.main              main.o
    0x08002e64   0x0000002c   Code   RO         1109    i.mem_free          mem.o
    0x08002e90   0x00000034   Code   RO         1110    i.mem_init          mem.o
    0x08002ec4   0x000000a8   Code   RO         1111    i.mem_malloc        mem.o
    0x08002f6c   0x000000cc   Code   RO         1112    i.mem_trim          mem.o
    0x08003038   0x00000018   Code   RO         1153    i.memp_free         memp.o
    0x08003050   0x00000058   Code   RO         1154    i.memp_init         memp.o
    0x080030a8   0x00000020   Code   RO         1155    i.memp_malloc       memp.o
    0x080030c8   0x0000004c   Code   RO         1195    i.netif_add         netif.o
    0x08003114   0x00000020   Code   RO         1199    i.netif_set_addr    netif.o
    0x08003134   0x0000000c   Code   RO         1200    i.netif_set_default  netif.o
    0x08003140   0x0000001a   Code   RO         1201    i.netif_set_down    netif.o
    0x0800315a   0x00000008   Code   RO         1202    i.netif_set_gw      netif.o
    0x08003162   0x00000002   PAD
    0x08003164   0x00000068   Code   RO         1203    i.netif_set_ipaddr  netif.o
    0x080031cc   0x00000008   Code   RO         1204    i.netif_set_link_callback  netif.o
    0x080031d4   0x0000001a   Code   RO         1205    i.netif_set_link_down  netif.o
    0x080031ee   0x00000042   Code   RO         1206    i.netif_set_link_up  netif.o
    0x08003230   0x00000008   Code   RO         1207    i.netif_set_netmask  netif.o
    0x08003238   0x00000020   Code   RO         1208    i.netif_set_up      netif.o
    0x08003258   0x00000118   Code   RO         1291    i.pbuf_alloc        pbuf.o
    0x08003370   0x00000054   Code   RO         1292    i.pbuf_alloced_custom  pbuf.o
    0x080033c4   0x00000028   Code   RO         1293    i.pbuf_cat          pbuf.o
    0x080033ec   0x00000012   Code   RO         1294    i.pbuf_chain        pbuf.o
    0x080033fe   0x00000012   Code   RO         1295    i.pbuf_clen         pbuf.o
    0x08003410   0x0000009a   Code   RO         1297    i.pbuf_copy         pbuf.o
    0x080034aa   0x00000068   Code   RO         1298    i.pbuf_copy_partial  pbuf.o
    0x08003512   0x00000052   Code   RO         1300    i.pbuf_free         pbuf.o
    0x08003564   0x00000060   Code   RO         1302    i.pbuf_header       pbuf.o
    0x080035c4   0x0000004e   Code   RO         1305    i.pbuf_realloc      pbuf.o
    0x08003612   0x0000000c   Code   RO         1306    i.pbuf_ref          pbuf.o
    0x0800361e   0x0000004e   Code   RO         1308    i.pbuf_take         pbuf.o
    0x0800366c   0x00000054   Code   RO         1113    i.plug_holes        mem.o
    0x080036c0   0x00000074   Code   RO         1409    i.raw_input         raw.o
    0x08003734   0x0000008c   Code   RO         1475    i.tcp_abandon       tcp.o
    0x080037c0   0x00000006   Code   RO         1476    i.tcp_abort         tcp.o
    0x080037c6   0x00000002   PAD
    0x080037c8   0x000000f4   Code   RO         1479    i.tcp_alloc         tcp.o
    0x080038bc   0x00000004   Code   RO         1480    i.tcp_arg           tcp.o
    0x080038c0   0x00000014   Code   RO         1482    i.tcp_close         tcp.o
    0x080038d4   0x00000124   Code   RO         1483    i.tcp_close_shutdown  tcp.o
    0x080039f8   0x000000f4   Code   RO         1484    i.tcp_connect       tcp.o
    0x08003aec   0x0000009a   Code   RO         1742    i.tcp_create_segment  tcp_out.o
    0x08003b86   0x00000002   PAD
    0x08003b88   0x00000034   Code   RO          517    i.tcp_echoclient_connect  tcp_echoclient.o
    0x08003bbc   0x000000c8   Code   RO          518    i.tcp_echoclient_connected  tcp_echoclient.o
    0x08003c84   0x00000030   Code   RO          519    i.tcp_echoclient_connection_close  tcp_echoclient.o
    0x08003cb4   0x00000030   Code   RO          520    i.tcp_echoclient_poll  tcp_echoclient.o
    0x08003ce4   0x0000006c   Code   RO          521    i.tcp_echoclient_recv  tcp_echoclient.o
    0x08003d50   0x0000003e   Code   RO          522    i.tcp_echoclient_send  tcp_echoclient.o
    0x08003d8e   0x00000014   Code   RO          523    i.tcp_echoclient_sent  tcp_echoclient.o
    0x08003da2   0x00000020   Code   RO         1486    i.tcp_eff_send_mss  tcp.o
    0x08003dc2   0x000000a6   Code   RO         1743    i.tcp_enqueue_flags  tcp_out.o
    0x08003e68   0x00000060   Code   RO         1488    i.tcp_fasttmr       tcp.o
    0x08003ec8   0x00000314   Code   RO         1691    i.tcp_input         tcp_in.o
    0x080041dc   0x0000003c   Code   RO         1744    i.tcp_keepalive     tcp_out.o
    0x08004218   0x000000e4   Code   RO         1692    i.tcp_listen_input  tcp_in.o
    0x080042fc   0x00000006   Code   RO         1491    i.tcp_new           tcp.o
    0x08004302   0x00000002   PAD
    0x08004304   0x0000005c   Code   RO         1492    i.tcp_new_port      tcp.o
    0x08004360   0x00000010   Code   RO         1493    i.tcp_next_iss      tcp.o
    0x08004370   0x0000018c   Code   RO         1745    i.tcp_output        tcp_out.o
    0x080044fc   0x0000006a   Code   RO         1746    i.tcp_output_alloc_header  tcp_out.o
    0x08004566   0x00000002   PAD
    0x08004568   0x000000b0   Code   RO         1747    i.tcp_output_segment  tcp_out.o
    0x08004618   0x00000080   Code   RO         1693    i.tcp_parseopt      tcp_in.o
    0x08004698   0x0000004e   Code   RO         1748    i.tcp_pbuf_prealloc  tcp_out.o
    0x080046e6   0x0000003a   Code   RO         1494    i.tcp_pcb_purge     tcp.o
    0x08004720   0x00000058   Code   RO         1495    i.tcp_pcb_remove    tcp.o
    0x08004778   0x00000008   Code   RO         1496    i.tcp_poll          tcp.o
    0x08004780   0x00000334   Code   RO         1694    i.tcp_process       tcp_in.o
    0x08004ab4   0x00000066   Code   RO         1497    i.tcp_process_refused_data  tcp.o
    0x08004b1a   0x00000002   PAD
    0x08004b1c   0x00000412   Code   RO         1695    i.tcp_receive       tcp_in.o
    0x08004f2e   0x00000004   Code   RO         1498    i.tcp_recv          tcp.o
    0x08004f32   0x00000024   Code   RO         1499    i.tcp_recv_null     tcp.o
    0x08004f56   0x00000038   Code   RO         1500    i.tcp_recved        tcp.o
    0x08004f8e   0x00000050   Code   RO         1749    i.tcp_rexmit        tcp_out.o
    0x08004fde   0x00000058   Code   RO         1750    i.tcp_rexmit_fast   tcp_out.o
    0x08005036   0x0000002e   Code   RO         1751    i.tcp_rexmit_rto    tcp_out.o
    0x08005064   0x00000076   Code   RO         1752    i.tcp_rst           tcp_out.o
    0x080050da   0x0000001c   Code   RO         1501    i.tcp_seg_free      tcp.o
    0x080050f6   0x00000012   Code   RO         1502    i.tcp_segs_free     tcp.o
    0x08005108   0x00000048   Code   RO         1753    i.tcp_send_empty_ack  tcp_out.o
    0x08005150   0x00000044   Code   RO         1754    i.tcp_send_fin      tcp_out.o
    0x08005194   0x00000004   Code   RO         1503    i.tcp_sent          tcp.o
    0x08005198   0x00000260   Code   RO         1506    i.tcp_slowtmr       tcp.o
    0x080053f8   0x00000002   Code   RO         2327    i.tcp_timer_needed  timers.o
    0x080053fa   0x00000002   PAD
    0x080053fc   0x0000006c   Code   RO         1696    i.tcp_timewait_input  tcp_in.o
    0x08005468   0x00000020   Code   RO         1507    i.tcp_tmr           tcp.o
    0x08005488   0x00000034   Code   RO         1508    i.tcp_update_rcv_ann_wnd  tcp.o
    0x080054bc   0x000002e4   Code   RO         1755    i.tcp_write         tcp_out.o
    0x080057a0   0x0000008a   Code   RO         1756    i.tcp_zero_window_probe  tcp_out.o
    0x0800582a   0x00000002   PAD
    0x0800582c   0x00000098   Code   RO         1834    i.udp_bind          udp.o
    0x080058c4   0x00000178   Code   RO         1838    i.udp_input         udp.o
    0x08005a3c   0x000000b6   Code   RO         1844    i.udp_sendto_if     udp.o
    0x08005af2   0x00000024   Data   RO         1157    .constdata          memp.o
    0x08005b16   0x00000002   PAD
    0x08005b18   0x00000054   Data   RO         1509    .constdata          tcp.o
    0x08005b6c   0x00000004   Data   RO         2062    .constdata          ip_addr.o
    0x08005b70   0x0000000c   Data   RO         2179    .constdata          etharp.o
    0x08005b7c   0x0000005c   Data   RO         4730    .constdata          stm324x7i_eval.o
    0x08005bd8   0x000011d0   Data   RO         4863    .constdata          stm324x7i_eval_lcd.o
    0x08006da8   0x00000068   Data   RO         1510    .conststring        tcp.o
    0x08006e10   0x00000020   Data   RO         5427    Region$$Table       anon$$obj.o


    Execution Region RW_IRAM1 (Base: 0x20000000, Size: 0x000081c8, Max: 0x00030000, ABSOLUTE)

    Base Addr    Size         Type   Attr      Idx    E Section Name        Object

    0x20000000   0x00000008   Data   RW          154    .data               main.o
    0x20000008   0x00000008   Data   RW          293    .data               netconf.o
    0x20000010   0x00000008   Data   RW          370    .data               stm32f4x7_eth_bsp.o
    0x20000018   0x00000008   Data   RW          526    .data               tcp_echoclient.o
    0x20000020   0x00000004   Data   RW          914    .data               dhcp.o
    0x20000024   0x0000000c   Data   RW         1115    .data               mem.o
    0x20000030   0x0000000c   Data   RW         1209    .data               netif.o
    0x2000003c   0x00000004   Data   RW         1415    .data               raw.o
    0x20000040   0x00000024   Data   RW         1511    .data               tcp.o
    0x20000064   0x0000001c   Data   RW         1698    .data               tcp_in.o
    0x20000080   0x00000008   Data   RW         1845    .data               udp.o
    0x20000088   0x00000014   Data   RW         2019    .data               ip.o
    0x2000009c   0x00000008   Data   RW         2117    .data               ip_frag.o
    0x200000a4   0x00000001   Data   RW         2180    .data               etharp.o
    0x200000a5   0x00000010   Data   RW         3482    .data               stm32f4xx_rcc.o
    0x200000b5   0x00000003   PAD
    0x200000b8   0x0000000c   Data   RW         4280    .data               stm32f4x7_eth.o
    0x200000c4   0x0000002c   Data   RW         4731    .data               stm324x7i_eval.o
    0x200000f0   0x00000010   Data   RW         4867    .data               stm324x7i_eval_lcd.o
    0x20000100   0x00000038   Zero   RW          292    .bss                netconf.o
    0x20000138   0x000000bc   Zero   RW          369    .bss                stm32f4x7_eth_bsp.o
    0x200001f4   0x00000064   Zero   RW          525    .bss                tcp_echoclient.o
    0x20000258   0x00002814   Zero   RW         1114    .bss                mem.o
    0x20002a6c   0x000021d7   Zero   RW         1156    .bss                memp.o
    0x20004c43   0x00000001   PAD
    0x20004c44   0x00000010   Zero   RW         1697    .bss                tcp_in.o
    0x20004c54   0x000000c8   Zero   RW         2178    .bss                etharp.o
    0x20004d1c   0x00000080   Zero   RW         4275    .bss                stm32f4x7_eth.o
    0x20004d9c   0x00000080   Zero   RW         4276    .bss                stm32f4x7_eth.o
    0x20004e1c   0x000017d0   Zero   RW         4277    .bss                stm32f4x7_eth.o
    0x200065ec   0x000017d0   Zero   RW         4278    .bss                stm32f4x7_eth.o
    0x20007dbc   0x0000000c   Zero   RW         4279    .bss                stm32f4x7_eth.o
    0x20007dc8   0x00000400   Zero   RW          141    STACK               startup_stm32f427x.o


==============================================================================

Image component sizes


      Code (inc. data)   RO Data    RW Data    ZI Data      Debug   Object Name

        16          0          0          0          0       2716   def.o
      1078         24          0          4          0      10332   dhcp.o
      1642         62         12          1        200      13532   etharp.o
       542         44          0          0          0       5234   ethernetif.o
       368         10          0          0          0       3494   icmp.o
         0          0          0          0          0       3908   inet.o
       172          0          0          0          0       2821   inet_chksum.o
         0          0          0          0          0        808   init.o
       664         22          0         20          0       7357   ip.o
        46          0          4          0          0       7530   ip_addr.o
      1270         28          0          8          0       8229   ip_frag.o
       146         16          0          8          0      56140   main.o
       552         32          0         12      10260       5125   mem.o
       144         20         36          0       8663       4230   memp.o
       144         18          0          0          0       2329   misc.o
       300         88          0          8         56       9584   netconf.o
       398         20          0         12          0       9762   netif.o
      1044          0          0          0          0       9951   pbuf.o
       116         12          0          4          0       1720   raw.o
        36          8        412          0       1024        808   startup_stm32f427x.o
       260         26         92         44          0       8418   stm324x7i_eval.o
       322         28       4560         16          0       8068   stm324x7i_eval_lcd.o
      1808        156          0         12      12460      15913   stm32f4x7_eth.o
      1002         84          0          8        188      34210   stm32f4x7_eth_bsp.o
       156         14          0          0          0       2428   stm32f4xx_exti.o
       194          0          0          0          0       1891   stm32f4xx_gpio.o
        80          6          0          0          0       3810   stm32f4xx_it.o
       216         30          0         16          0       4871   stm32f4xx_rcc.o
        52         12          0          0          0       1318   stm32f4xx_syscfg.o
       296         40          0          0          0     259989   system_stm32f4xx.o
      2286         84        188         36          0      28377   tcp.o
       538         70          0          8        100      12914   tcp_echoclient.o
      3114        124          0         28         16      16535   tcp_in.o
      2486          8          0          0          0      13419   tcp_out.o
         2          0          0          0          0        547   timers.o
       710         16          0          8          0      13082   udp.o

    ----------------------------------------------------------------------
     22236       1102       5338        256      32968     591400   Object Totals
         0          0         32          0          0          0   (incl. Generated)
        36          0          2          3          1          0   (incl. Padding)

    ----------------------------------------------------------------------

      Code (inc. data)   RO Data    RW Data    ZI Data      Debug   Library Member Name

         0          0          0          0          0          0   entry.o
         0          0          0          0          0          0   entry10a.o
         0          0          0          0          0          0   entry11a.o
         8          4          0          0          0          0   entry2.o
         4          0          0          0          0          0   entry5.o
         0          0          0          0          0          0   entry7b.o
         0          0          0          0          0          0   entry8b.o
         8          4          0          0          0          0   entry9a.o
        30          0          0          0          0          0   handlers.o
        36          8          0          0          0         68   init.o
        26          0          0          0          0         80   memcmp.o
        36          0          0          0          0         68   memcpya.o
        36          0          0          0          0        108   memseta.o
       390         12          0          0          0        248   printf1.o
        14          0          0          0          0         68   strlen.o
        44          0          0          0          0         80   uidiv.o

    ----------------------------------------------------------------------
       634         28          0          0          0        720   Library Totals
         2          0          0          0          0          0   (incl. Padding)

    ----------------------------------------------------------------------

      Code (inc. data)   RO Data    RW Data    ZI Data      Debug   Library Name

       632         28          0          0          0        720   mc_w.l

    ----------------------------------------------------------------------
       634         28          0          0          0        720   Library Totals

    ----------------------------------------------------------------------

==============================================================================


      Code (inc. data)   RO Data    RW Data    ZI Data      Debug   

     22870       1130       5338        256      32968     571160   Grand Totals
     22870       1130       5338        256      32968     571160   ELF Image Totals
     22870       1130       5338        256          0          0   ROM Totals

==============================================================================

    Total RO  Size (Code + RO Data)                28208 (  27.55kB)
    Total RW  Size (RW Data + ZI Data)             33224 (  32.45kB)
    Total ROM Size (Code + RO Data + RW Data)      28464 (  27.80kB)

==============================================================================

